0 1556958000000 0 -11000 2000 -22756327.2740819
12724838.7096774 1412262259911.16 25421889474.4271 -11767.2262907881 1993.0935832373 -22756167.1744694
25449677.4193548 1256722186591.1 50637113899.244 -12716.2527822218 1965.43165434689 -22755754.1924757
38174516.1290323 1087472515419.57 75277757882.61 -13943.8778071967 1898.21057971825 -22754464.6700767
50899354.8387097 899898458650.524 98599821852.0013 -15643.1906054754 1746.30698335272 -22749090.9970432
63624193.5483871 685530928163.391 118840890743.001 -18282.8420273138 1372.89070866721 -22712571.4751088
76349032.2580645 424648146831.839 130341670165.69 -23528.9288872853 110.624975060783 -22018132.8164059
89073870.9677419 31381933957.0623 89217436103.9181 -46571.740923093 -44405.6356129087 666857553.886617
101798709.677419 -664867722072.709 -830155203042.705 -51891.0286938614 -69948.6977756051 3667944434.85305
114523548.387097 -1321503492164.87 -1715603925689.05 -51433.3280432801 -69366.6287037852 3667262160.6354
127248387.096774 -1974927613645.16 -2596905366024.92 -51287.8711697389 -69176.5963788931 3667237527.69437
139973225.806452 -2627055732180.62 -3476505170824.1 -51216.0779398694 -69081.8927505824 3667234494.51716
152698064.516129 -3278478989948.12 -4355172771853.28 -51173.255869594 -69025.1161764536 3667233845.28791
165422903.225806 -3929458244230.49 -5233250736239.33 -51144.8022596771 -68987.2699452052 3667233654.05658
178147741.935484 -4580131869937.08 -6110921737400.92 -51124.5204648305 -68960.2341034636 3667233584.64811
190872580.645161 -5230582168483.13 -6988294803558.82 -51109.3304418939 -68939.9533891451 3667233555.45163
203597419.354839 -5880862095560.79 -7865440262799.21 -51097.5277410276 -68924.1760800016 3667233541.74422
216322258.064516 -6531007745128.2 -8742406140183.54 -51088.0925137917 -68911.5514480016 3667233534.73764
229047096.774194 -7181044827676.71 -9619226695343.24 -51080.3770884949 -68901.2199929114 3667233530.90505
241771935.483871 -7830992307730.92 -10495927228708.5 -51073.9503564251 -68892.6086983848 3667233528.6894
254496774.193548 -8480864575752.37 -11372526957157.8 -51068.5142222724 -68885.3208289584 3667233527.34823
267221612.903226 -9130672810582.69 -12249040820953.7 -51063.8559691604 -68879.0729709952 3667233526.50422
279946451.612903 -9780425869504.09 -13125480665830.8 -51059.8197291203 -68873.6572615512 3667233525.95511
292671290.322581 -10430130889796.8 -14001856042866.9 -51056.2886782743 -68868.9177824025 3667233525.58743
305396129.032258 -11079793707223.8 -14878174765491.5 -51053.1735300463 -68864.7352854944 3667233525.33495
318120967.741935 -11729419154488.4 -15754443307084.7 -51050.4048717701 -68861.017009509 3667233525.15768
330845806.451613 -12379011278748.4 -16630667090968 -51047.9279258421 -68857.6897118276 3667233525.03075
343570645.16129 -13028573503182 -17506850705949.9 -51045.6988852383 -68854.6947905312 3667233524.93824
356295483.870968 -13678108749035.1 -18382998069248.3 -51043.6822976987 -68851.9847998149 3667233524.86973
369020322.580645 -14327619529210.2 -19259112551491.3 -51041.849164375 -68849.5209155082 3667233524.81828
381745161.290322 -14977108021008.9 -20135197073920.9 -51040.1755351683 -68847.2710615819 3667233524.77912
394470000 -15626576123361.9 -21011254184902.7 -51038.6414556857 -68845.20850489 3667233524.74896
407194838.709677 -16276025502356.6 -21887286120814.2 -51037.230167233 -68843.3107870656 3667233524.72548
419919677.419355 -16925457627819.3 -22763294854988.7 -51035.9274916333 -68841.5589028212 3667233524.70701
432644516.129032 -17574873802984.5 -23639282137421.9 -51034.7213528989 -68839.9366607852 3667233524.69235
445369354.838709 -18224275188759.2 -24515249527257.5 -51033.6014015044 -68838.4301812527 3667233524.68062
458094193.548387 -18873662823725.2 -25391198419571.7 -51032.5587164702 -68837.0274978117 3667233524.67115
470819032.258064 -19523037640745.2 -26267130067618 -51031.5855670827 -68835.7182386144 3667233524.66345
483543870.967742 -20172400480843.7 -27143045601424.5 -51030.6752207721 -68834.4933693131 3667233524.65715
496268709.677419 -20821752104881 -28018946043439.2 -51029.8217870421 -68833.3449841782 3667233524.65195
508993548.387096 -21471093203429.8 -28894832321768.4 -51029.0200897973 -68832.2661351785 3667233524.64765
521718387.096774 -22120424405175.5 -29770705281438.9 -51028.2655622178 -68831.2506912122 3667233524.64406
534443225.806451 -22769746284097.9 -30646565694028.4 -51027.5541596676 -68830.2932214599 3667233524.64105
547168064.516129 -23419059365640.2 -31522414265939.4 -51026.8822871271 -68829.3888981713 3667233524.63852
559892903.225806 -24068364132032.7 -32398251645540 -51026.2467384017 -68828.5334152085 3667233524.63637
572617741.935484 -24717661026905.3 -33274078429352.4 -51025.644644934 -68827.7229194475 3667233524.63455
585342580.645161 -25366950459300.8 -34149895167437.9 -51025.0734324955 -68826.9539527269 3667233524.63299
598067419.354838 -26016232807180.1 -35025702368100.5 -51024.5307843787 -68826.2234025024 3667233524.63166
610792258.064516 -26665508420493.3 -35901500502009.8 -51024.0146099777 -68825.5284597186 3667233524.63051
623517096.774193 -27314777623881.9 -36777290005827.4 -51023.52301786 -68824.8665826969 3667233524.62952
636241935.483871 -27964040719061.7 -37653071285406.3 -51023.0542925978 -68824.2354660602 3667233524.62866
648966774.193548 -28613297986932.2 -38528844718623.1 -51022.6068747589 -68823.6330138936 3667233524.62791
661691612.903226 -29262549689448.5 -39404610657892 -51022.1793435683 -68823.0573164816 3667233524.62726
674416451.612903 -29911796071288.2 -40280369432402.2 -51021.7704018309 -68822.5066300792 3667233524.62668
687141290.322581 -30561037361337.5 -41156121350115.3 -51021.3788627803 -68821.9793592636 3667233524.62618
699866129.032258 -31210273774022.2 -42031866699552.2 -51021.0036385724 -68821.4740414911 3667233524.62574
712590967.741936 -31859505510500.6 -42907605751395.7 -51020.6437301877 -68820.9893335447 3667233524.62535
725315806.451613 -32508732759736 -43783338759931.7 -51020.2982185465 -68820.523999607 3667233524.62501
738040645.161291 -33157955699463.3 -44659065964347.3 -51019.9662566697 -68820.0769007355 3667233524.6247
750765483.870968 -33807174497060.9 -45534787589903.2 -51019.6470627433 -68819.6469855524 3667233524.62443
763490322.580645 -34456389310340.8 -46410503848994.2 -51019.3399139701 -68819.2332819871 3667233524.62419
776215161.290323 -35105600288263.5 -47286214942111 -51019.0441411033 -68818.8348899368 3667233524.62397
788940000 -35754807571587.9 -48161921058713.5 -51018.7591235772 -68818.4509747266 3667233524.62378
801664838.709678 -36404011293463 -49037622378025.4 -51018.4842851596 -68818.0807612706 3667233524.62361
814389677.419355 -37053211579966.3 -49913319069758.7 -51018.2190900623 -68817.723528847 3667233524.62345
827114516.129033 -37702408550596.4 -50789011294775.1 -51017.9630394536 -68817.3786064138 3667233524.62331
839839354.83871 -38351602318722.5 -51664699205691 -51017.7156683256 -68817.0453684002 3667233524.62318
852564193.548388 -39000792991996.8 -52540382947431.4 -51017.4765426754 -68816.7232309195 3667233524.62307
865289032.258065 -39649980672732.5 -53416062657738.6 -51017.2452569631 -68816.4116483535 3667233524.62297
878013870.967743 -40299165458251.2 -54291738467638.6 -51017.0214318157 -68816.1101102678 3667233524.62287
890738709.67742 -40948347441202.4 -55167410501871.5 -51016.8047119503 -68815.8181386206 3667233524.62279
903463548.387097 -41597526709858 -56043078879286.8 -51016.5947642917 -68815.5352852333 3667233524.62271
916188387.096775 -42246703348383.5 -56918743713208.5 -51016.3912762639 -68815.2611294942 3667233524.62264
928913225.806452 -42895877437089.2 -57794405111773 -51016.1939542365 -68814.9952762708 3667233524.62258
941638064.51613 -43545049052661.9 -58670063178240.2 -51016.0025221112 -68814.7373540095 3667233524.62252
954362903.225807 -44194218268379.7 -59545718011283.3 -51015.8167200322 -68814.4870130024 3667233524.62246
967087741.935485 -44843385154311.3 -60421369705255.6 -51015.6363032091 -68814.243923805 3667233524.62241
979812580.645162 -45492549777500.5 -61297018350439.6 -51015.4610408406 -68814.0077757895 3667233524.62237
992537419.35484 -46141712202137.7 -62172664033278 -51015.2907151293 -68813.7782758201 3667233524.62233
1005262258.06452 -46790872489720 -63048306836587.7 -51015.1251203786 -68813.5551470386 3667233524.62229
1017987096.77419 -47440030699199.7 -63923946839760.7 -51014.9640621634 -68813.3381277506 3667233524.62226
1030711935.48387 -48089186887122.5 -64799584118949.7 -51014.8073565692 -68813.1269704006 3667233524.62222
1043436774.19355 -48738341107756.9 -65675218747242.3 -51014.6548294905 -68812.9214406301 3667233524.62219
1056161612.90323 -49387493413215.2 -66550850794823.4 -51014.5063159859 -68812.72131641 3667233524.62217
1068886451.6129 -50036643853565.8 -67426480329126.4 -51014.3616596828 -68812.5263872396 3667233524.62214
1081611290.32258 -50685792476938.6 -68302107414976 -51014.2207122282 -68812.3364534088 3667233524.62212
1094336129.03226 -51334939329624.6 -69177732114720.2 -51014.0833327808 -68812.1513253148 3667233524.62209
1107060967.74194 -51984084456167.4 -70053354488355.5 -51013.9493875417 -68811.9708228305 3667233524.62208
1119785806.45161 -52633227899450.8 -70928974593643.5 -51013.8187493199 -68811.7947747205 3667233524.62206
1132510645.16129 -53282369700779.9 -71804592486220.4 -51013.6912971286 -68811.6230180986 3667233524.62204
1145235483.87097 -53931509899957.8 -72680208219700.3 -51013.5669158122 -68811.4553979252 3667233524.62202
1157960322.58065 -54580648535357.4 -73555821845771.6 -51013.4454956988 -68811.2917665403 3667233524.62201
1170685161.29032 -55229785643989.3 -74431433414288.7 -51013.3269322777 -68811.1319832297 3667233524.62199
1183410000 -55878921261565.4 -75307042973357.3 -51013.2111258991 -68810.9759138214 3667233524.62198
1196134838.70968 -56528055422559.2 -76182650569415.4 -51013.0979814952 -68810.8234303095 3667233524.62197
1208859677.41936 -57177188160261.9 -77058256247309.6 -51012.9874083194 -68810.6744105042 3667233524.62196
1221584516.12903 -57826319506836.4 -77933860050366.8 -51012.8793197035 -68810.5287377052 3667233524.62195
1234309354.83871 -58475449493367.4 -78809462020462.3 -51012.7736328316 -68810.3863003966 3667233524.62194
1247034193.54839 -59124578149909.3 -79685062198083.8 -51012.6702685278 -68810.2469919624 3667233524.62193
1259759032.25807 -59773705505531 -80560660622392 -51012.569151059 -68810.11071042 3667233524.62192
1272483870.96774 -60422831588358.6 -81436257331278.2 -51012.4702079492 -68809.9773581718 3667233524.62191
1285208709.67742 -61071956425615.7 -82311852361418.5 -51012.3733698066 -68809.8468417712 3667233524.6219
1297933548.3871 -61721080043661.9 -83187445748324.8 -51012.2785701612 -68809.7190717048 3667233524.6219
1310658387.09678 -62370202468028.4 -84063037526394.2 -51012.1857453126 -68809.5939621875 3667233524.62189
1323383225.80645 -63019323723453.1 -84938627728954.8 -51012.094834187 -68809.4714309702 3667233524.62188
1336108064.51613 -63668443833912.4 -85814216388309.6 -51012.0057782038 -68809.3513991597 3667233524.62188
1348832903.22581 -64317562822652.6 -86689803535778.3 -51011.918521149 -68809.2337910492 3667233524.62187
1361557741.93549 -64966680712219.1 -87565389201736.4 -51011.8330090572 -68809.1185339588 3667233524.62186
1374282580.64516 -65615797524484.4 -88440973415653.2 -51011.7491901003 -68809.005558086 3667233524.62186
1387007419.35484 -66264913280674.3 -89316556206127.4 -51011.6670144826 -68808.8947963648 3667233524.62186
1399732258.06452 -66914028001393.6 -90192137600920.8 -51011.5864343423 -68808.7861843325 3667233524.62185
1412457096.7742 -67563141706649.7 -91067717626990.8 -51011.5074036583 -68808.6796600048 3667233524.62185
1425181935.48387 -68212254415875.8 -91943296310521.5 -51011.4298781626 -68808.5751637578 3667233524.62184
1437906774.19355 -68861366147952.5 -92818873676952.5 -51011.353815258 -68808.4726382169 3667233524.62184
1450631612.90323 -69510476921228.3 -93694449751007 -51011.2791739392 -68808.3720281513 3667233524.62184
1463356451.61291 -70159586753540 -94570024556718.7 -51011.2059147201 -68808.2732803753 3667233524.62183
1476081290.32258 -70808695662231 -95445598117456.8 -51011.1339995632 -68808.176343654 3667233524.62183
1488806129.03226 -71457803664169.6 -96321170455950.8 -51011.0633918145 -68808.081168615 3667233524.62183
1501530967.74194 -72106910775766.3 -97196741594313.1 -51010.9940561405 -68807.9877076645 3667233524.62182
1514255806.45162 -72756017012989.9 -98072311554061.4 -51010.9259584698 -68807.8959149077 3667233524.62182
1526980645.16129 -73405122391383.5 -98947880356139.8 -51010.859065937 -68807.8057460741 3667233524.62182
1539705483.87097 -74054226926079.2 -99823448020939.2 -51010.7933468298 -68807.7171584455 3667233524.62182
1552430322.58065 -74703330631812.9 -100699014568316 -51010.728770539 -68807.6301107896 3667233524.62181
1565155161.29033 -75352433522937.5 -101574580017612 -51010.6653075109 -68807.544563295 3667233524.62181
1577880000 -76001535613436.5 -102450144387670 -51010.6029292019 -68807.460477511 3667233524.62181
1590604838.70968 -76650636916936.3 -103325707696852 -51010.5416080361 -68807.37781629 3667233524.62181
1603329677.41936 -77299737446718.4 -104201269963056 -51010.4813173647 -68807.2965437323 3667233524.62181
1616054516.12903 -77948837215730.8 -105076831203730 -51010.4220314269 -68807.2166251348 3667233524.6218
1628779354.83871 -78597936236599.2 -105952391435890 -51010.3637253134 -68807.1380269409 3667233524.6218
1641504193.54839 -79247034521637.7 -106827950676128 -51010.306374932 -68807.060716694 3667233524.6218
1654229032.25807 -79896132082858.6 -107703508940633 -51010.2499569735 -68806.9846629927 3667233524.6218
1666953870.96774 -80545228931982.5 -108579066245200 -51010.1944488809 -68806.9098354481 3667233524.6218
1679678709.67742 -81194325080447.7 -109454622605244 -51010.1398288187 -68806.8362046434 3667233524.6218
1692403548.3871 -81843420539419 -110330178035810 -51010.0860756449 -68806.7637420954 3667233524.6218
1705128387.09678 -82492515319796.4 -111205732551588 -51010.0331688832 -68806.6924202176 3667233524.62179
1717853225.80645 -83141609432223.6 -112081286166922 -51009.9810886971 -68806.6222122855 3667233524.62179
1730578064.51613 -83790702887095.5 -112956838895821 -51009.9298158652 -68806.5530924028 3667233524.62179
1743302903.22581 -84439795694566.6 -113832390751970 -51009.8793317577 -68806.4850354699 3667233524.62179
1756027741.93549 -85088887864557.7 -114707941748739 -51009.8296183133 -68806.4180171532 3667233524.62179
1768752580.64516 -85737979406763.4 -115583491899193 -51009.7806580183 -68806.3520138563 3667233524.62179
1781477419.35484 -86387070330658.8 -116459041216102 -51009.7324338854 -68806.2870026922 3667233524.62179
1794202258.06452 -87036160645505.9 -117334589711949 -51009.6849294347 -68806.222961457 3667233524.62179
1806927096.7742 -87685250360360.5 -118210137398938 -51009.6381286743 -68806.1598686042 3667233524.62178
1819651935.48387 -88334339484077.6 -119085684289003 -51009.5920160828 -68806.0977032213 3667233524.62178
1832376774.19355 -88983428025317.7 -119961230393817 -51009.5465765918 -68806.0364450056 3667233524.62178
1845101612.90323 -89632515992552.3 -120836775724797 -51009.5017955698 -68805.9760742431 3667233524.62178
1857826451.61291 -90281603394069.5 -121712320293114 -51009.4576588063 -68805.9165717869 3667233524.62178
1870551290.32258 -90930690237979.2 -122587864109696 -51009.4141524967 -68805.8579190368 3667233524.62178
1883276129.03226 -91579776532218 -123463407185242 -51009.3712632281 -68805.8000979202 3667233524.62178
1896000967.74194 -92228862284554.4 -124338949530222 -51009.3289779655 -68805.7430908734 3667233524.62178
1908725806.45162 -92877947502593.2 -125214491154885 -51009.2872840382 -68805.6868808239 3667233524.62178
1921450645.16129 -93527032193780.2 -126090032069266 -51009.2461691277 -68805.6314511732 3667233524.62178
1934175483.87097 -94176116365407 -126965572283194 -51009.2056212552 -68805.5767857806 3667233524.62178
1946900322.58065 -94825200024614.4 -127841111806292 -51009.1656287703 -68805.5228689476 3667233524.62178
1959625161.29033 -95474283178397.2 -128716650647989 -51009.1261803392 -68805.4696854024 3667233524.62178
1972350000 -96123365833608 -129592188817520 -51009.0872649346 -68805.4172202862 3667233524.62178
1985074838.70968 -96772447996960.9 -130467726323935 -51009.0488718254 -68805.3654591387 3667233524.62178
1997799677.41936 -97421529675035.1 -131343263176102 -51009.0109905664 -68805.3143878853 3667233524.62177
2010524516.12904 -98070610874279 -132218799382712 -51008.9736109892 -68805.263992824 3667233524.62177
2023249354.83871 -98719691601013.1 -133094334952284 -51008.9367231928 -68805.2142606131 3667233524.62177
2035974193.54839 -99368771861433.6 -133969869893171 -51008.9003175354 -68805.1651782601 3667233524.62177
2048699032.25807 -100017851661616 -134845404213559 -51008.8643846253 -68805.1167331093 3667233524.62177
2061423870.96775 -100666931007516 -135720937921480 -51008.8289153132 -68805.0689128319 3667233524.62177
2074148709.67742 -101316009904978 -136596471024807 -51008.7939006845 -68805.0217054149 3667233524.62177
2086873548.3871 -101965088359731 -137472003531264 -51008.7593320516 -68804.9750991514 3667233524.62177
2099598387.09678 -102614166377396 -138347535448428 -51008.725200947 -68804.9290826308 3667233524.62177
2112323225.80646 -103263243963488 -139223066783733 -51008.691499116 -68804.8836447293 3667233524.62177
2125048064.51613 -103912321123418 -140098597544471 -51008.6582185103 -68804.8387746014 3667233524.62177
2137772903.22581 -104561397862497 -140974127737800 -51008.6253512817 -68804.7944616707 3667233524.62177
2150497741.93549 -105210474185934 -141849657370745 -51008.5928897757 -68804.750695622 3667233524.62177
2163222580.64517 -105859550098846 -142725186450200 -51008.5608265255 -68804.7074663931 3667233524.62177
2175947419.35484 -106508625606253 -143600714982933 -51008.5291542465 -68804.6647641673 3667233524.62177
2188672258.06452 -107157700713085 -144476242975590 -51008.4978658308 -68804.6225793657 3667233524.62177
2201397096.7742 -107806775424183 -145351770434694 -51008.4669543415 -68804.5809026401 3667233524.62177
2214121935.48387 -108455849744299 -146227297366652 -51008.4364130081 -68804.5397248662 3667233524.62177
2226846774.19355 -109104923678102 -147102823777757 -51008.4062352212 -68804.4990371369 3667233524.62177
2239571612.90323 -109753997230176 -147978349674189 -51008.3764145278 -68804.4588307559 3667233524.62177
2252296451.61291 -110403070405024 -148853875062019 -51008.3469446268 -68804.4190972313 3667233524.62177
2265021290.32258 -111052143207073 -149729399947210 -51008.3178193643 -68804.37982827 3667233524.62177
2277746129.03226 -111701215640668 -150604924335623 -51008.2890327298 -68804.3410157716 3667233524.62177
2290470967.74194 -112350287710080 -151480448233015 -51008.2605788516 -68804.3026518229 3667233524.62177
2303195806.45161 -112999359419509 -152355971645045 -51008.2324519928 -68804.2647286926 3667233524.62177
2315920645.16129 -113648430773078 -153231494577274 -51008.204646548 -68804.2272388261 3667233524.62177
2328645483.87097 -114297501774844 -154107017035168 -51008.1771570389 -68804.1901748403 3667233524.62177
2341370322.58065 -114946572428792 -154982539024100 -51008.149978111 -68804.1535295193 3667233524.62177
2354095161.29032 -115595642738840 -155858060549352 -51008.1231045304 -68804.1172958088 3667233524.62177
2366820000 -116244712708842 -156733581616118 -51008.0965311798 -68804.0814668123 3667233524.62177
2379544838.70968 -116893782342586 -157609102229505 -51008.0702530559 -68804.0460357868 3667233524.62177
2392269677.41936 -117542851643798 -158484622394535 -51008.0442652657 -68804.0109961378 3667233524.62177
2404994516.12903 -118191920616140 -159360142116147 -51008.018563024 -68803.976341416 3667233524.62177
2417719354.83871 -118840989263218 -160235661399199 -51007.9931416499 -68803.9420653129 3667233524.62177
2430444193.54839 -119490057588576 -161111180248469 -51007.9679965645 -68803.9081616573 3667233524.62177
2443169032.25806 -120139125595701 -161986698668658 -51007.9431232878 -68803.874624411 3667233524.62177
2455893870.96774 -120788193288023 -162862216664391 -51007.9185174361 -68803.8414476661 3667233524.62177
2468618709.67742 -121437260668918 -163737734240219 -51007.8941747196 -68803.8086256407 3667233524.62177
2481343548.3871 -122086327741708 -164613251400618 -51007.8700909395 -68803.776152676 3667233524.62177
2494068387.09677 -122735394509662 -165488768149995 -51007.8462619862 -68803.7440232329 3667233524.62177
2506793225.80645 -123384460975996 -166364284492687 -51007.8226838364 -68803.712231889 3667233524.62177
2519518064.51613 -124033527143876 -167239800432962 -51007.7993525511 -68803.6807733353 3667233524.62177
2532242903.2258 -124682593016420 -168115315975022 -51007.7762642732 -68803.6496423733 3667233524.62177
2544967741.93548 -125331658596695 -168990831123003 -51007.753415226 -68803.6188339125 3667233524.62177
2557692580.64516 -125980723887723 -169866345880976 -51007.73080171 -68803.588342967 3667233524.62177
2570417419.35484 -126629788892476 -170741860252951 -51007.7084201022 -68803.5581646534 3667233524.62177
2583142258.06451 -127278853613883 -171617374242876 -51007.6862668532 -68803.5282941879 3667233524.62177
2595867096.77419 -127927918054829 -172492887854638 -51007.6643384857 -68803.4987268836 3667233524.62177
2608591935.48387 -128576982218152 -173368401092065 -51007.6426315927 -68803.4694581485 3667233524.62176
2621316774.19355 -129226046106650 -174243913958927 -51007.6211428356 -68803.4404834828 3667233524.62176
2634041612.90322 -129875109723077 -175119426458940 -51007.5998689427 -68803.4117984766 3667233524.62176
2646766451.6129 -130524173070148 -175994938595760 -51007.5788067074 -68803.3833988078 3667233524.62176
2659491290.32258 -131173236150534 -176870450372992 -51007.5579529864 -68803.35528024 3667233524.62176
2672216129.03225 -131822298966871 -177745961794186 -51007.5373046985 -68803.3274386199 3667233524.62176
2684940967.74193 -132471361521753 -178621472862840 -51007.5168588228 -68803.299869876 3667233524.62176
2697665806.45161 -133120423817737 -179496983582402 -51007.4966123975 -68803.2725700161 3667233524.62177
2710390645.16129 -133769485857341 -180372493956267 -51007.4765625183 -68803.2455351253 3667233524.62176
2723115483.87096 -134418547643050 -181248003987783 -51007.4567063367 -68803.2187613646 3667233524.62176
2735840322.58064 -135067609177309 -182123513680249 -51007.4370410594 -68803.1922449686 3667233524.62176
2748565161.29032 -135716670462531 -182999023036915 -51007.4175639464 -68803.1659822442 3667233524.62176
2761289999.99999 -136365731501092 -183874532060988 -51007.3982723097 -68803.1399695683 3667233524.62176
2774014838.70967 -137014792295337 -184750040755625 -51007.3791635124 -68803.1142033868 3667233524.62176
2786739677.41935 -137663852847575 -185625549123942 -51007.3602349675 -68803.0886802124 3667233524.62176
2799464516.12903 -138312913160084 -186501057169008 -51007.3414841364 -68803.0633966233 3667233524.62176
2812189354.8387 -138961973235109 -187376564893851 -51007.322908528 -68803.0383492619 3667233524.62176
2824914193.54838 -139611033074864 -188252072301456 -51007.3045056974 -68803.0135348327 3667233524.62176
2837639032.25806 -140260092681532 -189127579394766 -51007.2862732453 -68802.9889501014 3667233524.62176
2850363870.96774 -140909152057267 -190003086176685 -51007.2682088162 -68802.9645918932 3667233524.62176
2863088709.67741 -141558211204192 -190878592650073 -51007.2503100983 -68802.9404570917 3667233524.62176
2875813548.38709 -142207270124400 -191754098817755 -51007.2325748216 -68802.9165426374 3667233524.62176
2888538387.09677 -142856328819959 -192629604682516 -51007.2150007575 -68802.8928455261 3667233524.62176
2901263225.80644 -143505387292904 -193505110247102 -51007.1975857179 -68802.8693628084 3667233524.62177
2913988064.51612 -144154445545246 -194380615514222 -51007.1803275539 -68802.8460915878 3667233524.62177
2926712903.2258 -144803503578968 -195256120486551 -51007.1632241553 -68802.8230290196 3667233524.62176
2939437741.93548 -145452561396025 -196131625166725 -51007.1462734495 -68802.8001723102 3667233524.62176
2952162580.64515 -146101618998348 -197007129557346 -51007.1294734008 -68802.7775187155 3667233524.62176
2964887419.35483 -146750676387841 -197882633660982 -51007.1128220094 -68802.75506554 3667233524.62176
2977612258.06451 -147399733566383 -198758137480166 -51007.0963173108 -68802.7328101355 3667233524.62176
2990337096.77418 -148048790535828 -199633641017398 -51007.0799573751 -68802.7107499005 3667233524.62176
3003061935.48386 -148697847298007 -200509144275145 -51007.063740306 -68802.6888822788 3667233524.62176
3015786774.19354 -149346903854726 -201384647255842 -51007.04766424 -68802.6672047587 3667233524.62176
3028511612.90322 -149995960207766 -202260149961893 -51007.0317273462 -68802.645714872 3667233524.62176
3041236451.61289 -150645016358888 -203135652395670 -51007.0159278251 -68802.6244101929 3667233524.62176
3053961290.32257 -151294072309828 -204011154559513 -51007.0002639081 -68802.6032883374 3667233524.62176
3066686129.03225 -151943128062301 -204886656455735 -51006.9847338567 -68802.5823469621 3667233524.62176
3079410967.74193 -152592183617999 -205762158086618 -51006.9693359622 -68802.5615837637 3667233524.62176
3092135806.4516 -153241238978594 -206637659454414 -51006.9540685448 -68802.5409964777 3667233524.62176
3104860645.16128 -153890294145734 -207513160561347 -51006.938929953 -68802.5205828779 3667233524.62177
3117585483.87096 -154539349121049 -208388661409614 -51006.9239185631 -68802.5003407755 3667233524.62177
3130310322.58063 -155188403906148 -209264162001383 -51006.9090327785 -68802.4802680184 3667233524.62177
3143035161.29031 -155837458502618 -210139662338796 -51006.8942710292 -68802.4603624902 3667233524.62177
3155759999.99999 -156486512912028 -211015162423967 -51006.8796317715 -68802.4406221098 3667233524.62177
