0 1556958000000 0 -11000 2000 -22756327.2740819
5139674.26710098 1499680221835.09 10277666333.7735 -11292.1341860542 1998.99896584464 -22756325.9440216
10279348.534202 1440842026476.77 20544423966.5568 -11607.7573271692 1995.66729669443 -22756324.0631166
15419022.8013029 1380313555552.9 30786811259.6829 -11950.5516547861 1989.40060414939 -22756321.3427388
20558697.0684039 1317943851035.66 40987788206.2526 -12325.0871533764 1979.39990794591 -22756317.3061639
25698371.3355049 1253555567218.73 51125542817.6611 -12737.1218062808 1964.59079832632 -22756311.1377222
30838045.6026059 1186937816988.92 61171780788.1467 -13194.0374084669 1943.49965180998 -22756301.3839213
35977719.8697068 1117836269895.93 71089210831.3288 -13705.490335753 1914.05804452116 -22756285.3290894
41117394.1368078 1045939075374.47 80827734438.9688 -14284.4159542998 1873.2821647888 -22756257.6076291
46257068.4039088 970856209741.467 90318462877.5405 -14948.6406570277 1816.72396668945 -22756206.8834456
51396742.6710098 892088006031.661 99463909912.4271 -15723.5936290506 1737.4809120608 -22756107.1629307
56536416.9381107 808974928636.708 108121044164.226 -16647.1392895704 1624.2899943072 -22755892.4158552
61676091.2052117 720612625657.423 116069987318.48 -17778.8365952994 1457.54673696488 -22755371.2432792
66815765.4723127 625697055612.607 122950965870.042 -19219.4354392305 1200.04981140255 -22753881.3805301
71955439.7394137 522212036381.827 128121390585.877 -21157.5552065633 772.061625668178 -22748476.7079554
77095114.0065146 406700377526.925 130270969821.364 -24004.4810191284 -32.3940869960132 -22719828.0222741
82234788.2736156 272125714741.042 126049330664.109 -28923.6994333338 -1954.74220805035 -22413199.9862502
87374462.5407166 98235519815.2891 101370497217.773 -41765.1809929965 -11432.5381944075 -2837260.23920119
92514136.8078176 4747930853.55017 -218451610794.432 9680.84126982254 -107676.453809878 5236469493.47388
97653811.0749185 53939778757.5695 -754708612523.165 9499.2742076489 -103185.169959328 5193272115.66101
102793485.34202 102604477091.319 -1282913032508.68 9446.29690645168 -102484.599245982 5193024079.76818
107933159.60912 151087513299.426 -1808814667703.74 9422.49367850212 -102193.396025494 5193006099.41193
113072833.876221 199478485954.84 -2333609130153.98 9408.97928845421 -102033.465839595 5193003135.11992
118212508.143322 247813719146.995 -2857750198938.89 9400.26798511759 -101932.286481127 5193002388.43981
123352182.410423 296111546568.579 -3381459444003.63 9394.18497792 -101862.481120195 5193002144.3061
128491856.677524 344382520477.162 -3904861836975.38 9389.6963325814 -101811.404744982 5193002049.00711
133631530.944625 392633273900.705 -4428034860460.87 9386.24762908085 -101772.406151465 5193002006.70807
138771205.211726 440868249480.017 -4951029894682.83 9383.51484733518 -101741.651590412 5193001986.01192
143910879.478827 489090569075.776 -5473882771471.31 9381.2959374844 -101716.775299497 5193001975.08078
149050553.745928 537302510515.87 -5996619479209.63 9379.45835892269 -101696.238040287 5193001968.9401
154190228.013029 585505786914.566 -6519259469058.46 9377.91155309059 -101678.995037294 5193001965.31089
159329902.28013 633701719213.414 -7041817679620.42 9376.59153878295 -101664.312133891 5193001963.0728
164469576.547231 681891347468.739 -7564305833605.6 9375.45182728898 -101651.658312826 5193001961.64179
169609250.814332 730075505260.662 -8086733299702.99 9374.45782594177 -101640.639964664 5193001960.6979
174748925.081433 778254870982.529 -8609107683698.33 9373.58326125177 -101630.95913282 5193001960.05824
179888599.348534 826430004129.556 -9131435244916.77 9372.80781953592 -101622.386114978 5193001959.61434
185028273.615635 874601371562.26 -9653721196499.03 9372.11554748476 -101614.740973431 5193001959.29974
190167947.882736 922769366895.177 -10175969926356.4 9371.49374163003 -101607.880747985 5193001959.07257
195307622.149837 970934325063.5 -10698185162695.8 9370.93216080211 -101601.690419571 5193001958.90575
200447296.416938 1019096533438.96 -11220370100010.4 9370.42245704039 -101596.076400703 5193001958.78138
205586970.684039 1067256240431.79 -11742527496352 9369.95775738034 -101590.961765043 5193001958.68738
210726644.95114 1115413662231.67 -12264659749403.2 9369.53235182163 -101586.282697062 5193001958.61544
215866319.218241 1163568988150.84 -12786768956660.2 9369.14145729999 -101581.985812563 5193001958.55974
221005993.485342 1211722384903.48 -13308856963553.5 9368.78103690584 -101578.026110619 5193001958.51618
226145667.752443 1259874000065.82 -13830925402294.3 9368.44765982805 -101574.36538988 5193001958.48176
231285342.019544 1308023964898.21 -14352975723513.8 9368.13839170617 -101570.971010863 5193001958.45433
236425016.286645 1356172396665.47 -14875009222241.3 9367.85070795706 -101567.814919134 5193001958.43229
241564690.553746 1404319400558.72 -15397027059397.2 9367.58242464881 -101564.872867397 5193001958.41444
246704364.820847 1452465071298.35 -15919030279696.5 9367.33164291244 -101562.123790787 5193001958.39988
251844039.087948 1500609494479.35 -16441019826662.2 9367.09670389578 -101559.549301269 5193001958.38793
256983713.355049 1548752747707.32 -16962996555287.6 9366.87615199828 -101557.133275473 5193001958.37805
262123387.62215 1596894901562.97 -17484961242779.3 9366.66870466347 -101554.861516423 5193001958.36984
267263061.889251 1645036020425.32 -18006914597717.3 9366.4732274037 -101552.721474139 5193001958.36298
272402736.156352 1693176163177.78 -18528857267905.3 9366.28871302953 -101550.702013502 5193001958.35721
277542410.423453 1741315383816.4 -19050789847129.8 9366.11426428025 -101548.793220313 5193001958.35234
282682084.690554 1789453731976.35 -19572712881004.5 9365.94907922318 -101546.986238401 5193001958.34822
287821758.957655 1837591253389.24 -20094626872044.9 9365.79243892 -101545.273132134 5193001958.3447
292961433.224756 1885727990282.11 -20616532284092.1 9365.64369695983 -101543.646769832 5193001958.34169
298101107.491857 1933863981726.62 -21138429546182.7 9365.50227053753 -101542.100724458 5193001958.33911
303240781.758958 1981999263945.88 -21660319055946.6 9365.36763281742 -101540.629188685 5193001958.33688
308380456.026059 2030133870584.8 -22182201182600.1 9365.23930637143 -101539.226901948 5193001958.33495
313520130.29316 2078267832949.15 -22704076269590.2 9365.11685751936 -101537.889087572 5193001958.33327
318659804.560261 2126401180217.51 -23225944636939.1 9364.99989142972 -101536.61139838 5193001958.33181
323799478.827362 2174533939629.75 -23747806583326.8 9364.88804786465 -101535.389869476 5193001958.33054
328939153.094463 2222666136655.1 -24269662387948.6 9364.78099747202 -101534.220877122 5193001958.32942
334078827.361564 2270797795142.36 -24791512312173.5 9364.67843854462 -101533.101102815 5193001958.32844
339218501.628665 2318928937454.53 -25313356601030.5 9364.58009417894 -101532.027501811 5193001958.32758
344358175.895766 2367059584589.75 -25835195484543.5 9364.48570977741 -101530.997275458 5193001958.32681
349497850.162867 2415189756290.16 -26357029178931.5 9364.39505084644 -101530.007846827 5193001958.32614
354637524.429968 2463319471140.12 -26878857887692.2 9364.30790105038 -101529.056839179 5193001958.32554
359777198.697069 2511448746655.03 -27400681802580.7 9364.22406048712 -101528.142056891 5193001958.325
364916872.96417 2559577599361.77 -27922501104496.1 9364.14334415671 -101527.261468528 5193001958.32452
370056547.231271 2607706044871.73 -28444315964286.1 9364.06558059794 -101526.413191776 5193001958.3241
375196221.498372 2655834097947.18 -28966126543477.7 9363.99061067205 -101525.59548 5193001958.32372
380335895.765473 2703961772561.82 -29487932994943.5 9363.91828647519 -101524.806710242 5193001958.32337
385475570.032574 2752089081955.9 -30009735463509.5 9363.84847036409 -101524.045372455 5193001958.32307
390615244.299675 2800216038686.71 -30531534086509.4 9363.78103408141 -101523.310059859 5193001958.32279
395754918.566776 2848342654674.79 -31053328994293.4 9363.71585796906 -101522.599460256 5193001958.32254
400894592.833877 2896468941246.19 -31575120310693.3 9363.65283025931 -101521.912348213 5193001958.32231
406034267.100978 2944594909171.45 -32096908153450.7 9363.59184643497 -101521.247578008 5193001958.32211
411173941.368079 2992720568701.27 -32618692634609.2 9363.53280865075 -101520.604077253 5193001958.32192
416313615.63518 3040845929599.5 -33140473860876.9 9363.47562520924 -101519.980841113 5193001958.32175
421453289.902281 3088971001173.45 -33662251933959.5 9363.42021008544 -101519.376927077 5193001958.3216
426592964.169382 3137095792301.94 -34184026950868.5 9363.36648249486 -101518.791450193 5193001958.32146
431732638.436483 3185220311461.19 -34705799004205.6 9363.31436650035 -101518.223578742 5193001958.32133
436872312.703584 3233344566748.82 -35227568182425.8 9363.26379065396 -101517.672530295 5193001958.32121
442011986.970685 3281468565906.06 -35749334570081.8 9363.21468766993 -101517.137568115 5193001958.3211
447151661.237786 3329592316338.37 -36271098248050 9363.166994126 -101516.617997868 5193001958.32101
452291335.504887 3377715825134.56 -36792859293740.5 9363.12065018999 -101516.113164615 5193001958.32092
457431009.771988 3425839099084.63 -37314617781292.6 9363.07559936933 -101515.62245006 5193001958.32083
462570684.039089 3473962144696.3 -37836373781756.5 9363.0317882812 -101515.145270019 5193001958.32076
467710358.30619 3522084968210.44 -38358127363262.5 9362.9891664415 -101514.681072101 5193001958.32069
472850032.573291 3570207575615.52 -38879878591178.8 9362.94768607066 -101514.229333575 5193001958.32062
477989706.840392 3618329972660.96 -39401627528259 9362.90730191497 -101513.789559403 5193001958.32056
483129381.107493 3666452164869.75 -39923374234779.6 9362.86797108182 -101513.361280432 5193001958.32051
488269055.374594 3714574157550.16 -40445118768668.9 9362.82965288767 -101512.944051725 5193001958.32046
493408729.641695 3762695955806.72 -40966861185626.9 9362.79230871764 -101512.537451013 5193001958.32041
498548403.908796 3810817564550.57 -41488601539238.7 9362.75590189569 -101512.141077277 5193001958.32037
503688078.175897 3858938988509.01 -42010339881080.2 9362.7203975644 -101511.754549421 5193001958.32033
508827752.442998 3907060232234.68 -42532076260816.7 9362.68576257367 -101511.377505055 5193001958.32029
513967426.710099 3955181300113.94 -43053810726297 9362.6519653774 -101511.009599357 5193001958.32026
519107100.9772 4003302196374.99 -43575543323640.2 9362.61897593767 -101510.650504026 5193001958.32022
524246775.244301 4051422925095.28 -44097274097318.7 9362.58676563563 -101510.299906299 5193001958.32019
529386449.511402 4099543490208.67 -44619003090235 9362.55530718872 -101509.957508045 5193001958.32016
534526123.778503 4147663895512.04 -45140730343795.4 9362.52457457352 -101509.623024919 5193001958.32014
539665798.045604 4195784144671.62 -45662455897978.2 9362.49454295399 -101509.296185575 5193001958.32011
544805472.312704 4243904241228.89 -46184179791399.3 9362.46518861446 -101508.976730931 5193001958.32009
549945146.579805 4292024188606.17 -46705902061372.5 9362.43648889719 -101508.664413481 5193001958.32007
555084820.846906 4340143990111.94 -47227622743968.4 9362.408422144 -101508.358996661 5193001958.32005
560224495.114007 4388263648945.8 -47749341874068.1 9362.38096764178 -101508.060254247 5193001958.32003
565364169.381108 4436383168203.21 -48271059485415.8 9362.35410557146 -101507.767969796 5193001958.32001
570503843.648209 4484502550879.99 -48792775610667 9362.32781696031 -101507.481936127 5193001958.32
575643517.91531 4532621799876.48 -49314490281435 9362.30208363724 -101507.201954824 5193001958.31998
580783192.182411 4580740918001.63 -49836203528335 9362.27688819088 -101506.927835786 5193001958.31997
585922866.449512 4628859907976.76 -50357915381025.7 9362.25221393031 -101506.659396787 5193001958.31995
591062540.716613 4676978772439.16 -50879625868248.4 9362.22804484814 -101506.396463078 5193001958.31994
596202214.983714 4725097513945.56 -51401335017864.7 9362.20436558592 -101506.138867008 5193001958.31993
601341889.250815 4773216134975.32 -51923042856891.9 9362.18116140156 -101505.886447662 5193001958.31992
606481563.517916 4821334637933.57 -52444749411537.1 9362.15841813871 -101505.639050532 5193001958.31991
611621237.785017 4869453025154.11 -52966454707228.8 9362.13612219795 -101505.396527196 5193001958.3199
616760912.052117 4917571298902.22 -53488158768647.7 9362.1142605097 -101505.158735026 5193001958.31989
621900586.319218 4965689461377.32 -54009861619755.8 9362.09282050862 -101504.925536904 5193001958.31988
627040260.586319 5013807514715.49 -54531563283824.1 9362.07179010957 -101504.696800962 5193001958.31987
632179934.85342 5061925460991.87 -55053263783458.4 9362.05115768483 -101504.472400329 5193001958.31986
637319609.120521 5110043302222.97 -55574963140625.2 9362.03091204273 -101504.2522129 5193001958.31986
642459283.387622 5158161040368.88 -56096661376674.8 9362.01104240733 -101504.036121115 5193001958.31985
647598957.654723 5206278677335.3 -56618358512364.8 9361.99153839935 -101503.824011743 5193001958.31984
652738631.921824 5254396214975.58 -57140054567881.4 9361.97239001803 -101503.615775694 5193001958.31983
657878306.188925 5302513655092.6 -57661749562860.4 9361.9535876241 -101503.411307824 5193001958.31983
663017980.456026 5350630999440.6 -58183443516406.8 9361.9351219235 -101503.21050676 5193001958.31982
668157654.723127 5398748249726.89 -58705136447114.1 9361.91698395217 -101503.013274735 5193001958.31982
673297328.990228 5446865407613.54 -59226828373082.3 9361.89916506143 -101502.819517426 5193001958.31981
678437003.257329 5494982474718.95 -59748519311934.8 9361.8816569043 -101502.629143806 5193001958.31981
683576677.52443 5543099452619.34 -60270209280835.5 9361.86445142243 -101502.442065998 5193001958.3198
688716351.79153 5591216342850.27 -60791898296504.7 9361.84754083375 -101502.258199144 5193001958.3198
693856026.058631 5639333146907.96 -61313586375233.6 9361.83091762067 -101502.077461274 5193001958.3198
698995700.325732 5687449866250.64 -61835273532899.4 9361.81457451904 -101501.899773185 5193001958.31979
704135374.592833 5735566502299.86 -62356959784979.4 9361.79850450747 -101501.725058323 5193001958.31979
709275048.859934 5783683056441.66 -62878645146563.5 9361.78270079731 -101501.553242678 5193001958.31978
714414723.127035 5831799530027.79 -63400329632367.9 9361.76715682308 -101501.384254673 5193001958.31978
719554397.394136 5879915924376.78 -63922013256746.9 9361.75186623338 -101501.218025072 5193001958.31978
724694071.661237 5928032240775.08 -64443696033704.5 9361.73682288222 -101501.054486877 5193001958.31977
729833745.928338 5976148480478.03 -64965377976906.2 9361.72202082079 -101500.893575245 5193001958.31977
734973420.195439 6024264644710.91 -65487059099689.6 9361.70745428964 -101500.735227399 5193001958.31977
740113094.46254 6072380734669.86 -66008739415074.5 9361.69311771114 -101500.579382547 5193001958.31977
745252768.729641 6120496751522.8 -66530418935773.4 9361.67900568244 -101500.425981802 5193001958.31976
750392442.996742 6168612696410.31 -67052097674200.8 9361.66511296863 -101500.274968114 5193001958.31976
755532117.263843 6216728570446.51 -67573775642482.7 9361.65143449625 -101500.126286191 5193001958.31976
760671791.530944 6264844374719.82 -68095452852465 9361.63796534717 -101499.979882437 5193001958.31976
765811465.798044 6312960110293.77 -68617129315722.6 9361.62470075263 -101499.835704887 5193001958.31976
770951140.065145 6361075778207.76 -69138805043567.3 9361.61163608766 -101499.693703143 5193001958.31975
776090814.332246 6409191379477.78 -69660480047055.8 9361.59876686567 -101499.553828319 5193001958.31975
781230488.599347 6457306915097.1 -70182154336997.1 9361.58608873332 -101499.41603298 5193001958.31975
786370162.866448 6505422386036.94 -70703827923960.4 9361.57359746562 -101499.280271094 5193001958.31975
791509837.133549 6553537793247.14 -71225500818281.5 9361.56128896123 -101499.146497976 5193001958.31974
796649511.40065 6601653137656.75 -71747173030069.9 9361.54915923794 -101499.014670241 5193001958.31974
801789185.667751 6649768420174.67 -72268844569215.5 9361.53720442844 -101498.884745757 5193001958.31974
806928859.934852 6697883641690.19 -72790515445394.8 9361.52542077615 -101498.7566836 5193001958.31974
812068534.201953 6745998803073.59 -73312185668076.8 9361.51380463128 -101498.630444011 5193001958.31974
817208208.469054 6794113905176.64 -73833855246529.2 9361.50235244712 -101498.505988355 5193001958.31974
822347882.736155 6842228948833.13 -74355524189823.8 9361.49106077637 -101498.383279081 5193001958.31974
827487557.003256 6890343934859.42 -74877192506842.2 9361.4799262677 -101498.262279685 5193001958.31974
832627231.270357 6938458864054.84 -75398860206281 9361.46894566245 -101498.142954673 5193001958.31973
837766905.537457 6986573737202.23 -75920527296656.9 9361.45811579142 -101498.025269527 5193001958.31973
842906579.804558 7034688555068.35 -76442193786311.6 9361.44743357184 -101497.909190671 5193001958.31973
848046254.071659 7082803318404.34 -76963859683416.5 9361.43689600442 -101497.79468544 5193001958.31973
853185928.33876 7130918027946.13 -77485524995977.6 9361.4265001706 -101497.681722048 5193001958.31973
858325602.605861 7179032684414.86 -78007189731839.4 9361.41624322978 -101497.57026956 5193001958.31973
863465276.872962 7227147288517.24 -78528853898689.9 9361.40612241677 -101497.460297862 5193001958.31973
868604951.140063 7275261840945.99 -79050517504064.1 9361.39613503932 -101497.351777638 5193001958.31973
873744625.407164 7323376342380.15 -79572180555348.5 9361.3862784757 -101497.244680336 5193001958.31973
878884299.674265 7371490793485.47 -80093843059784.6 9361.3765501724 -101497.138978153 5193001958.31973
884023973.941366 7419605194914.75 -80615505024473 9361.36694764199 -101497.034644002 5193001958.31972
889163648.208467 7467719547308.16 -81137166456376.7 9361.35746846089 -101496.931651495 5193001958.31972
894303322.475568 7515833851293.59 -81658827362325.2 9361.34811026744 -101496.829974917 5193001958.31972
899442996.742669 7563948107486.93 -82180487749017 9361.33887075988 -101496.729589207 5193001958.31972
904582671.00977 7612062316492.39 -82702147623023.9 9361.32974769444 -101496.630469935 5193001958.31972
909722345.27687 7660176478902.81 -83223806990793.5 9361.3207388836 -101496.532593285 5193001958.31972
914862019.543971 7708290595299.91 -83745465858652.4 9361.31184219426 -101496.435936034 5193001958.31972
920001693.811072 7756404666254.6 -84267124232809.5 9361.30305554612 -101496.340475534 5193001958.31972
925141368.078173 7804518692327.21 -84788782119358.8 9361.29437691001 -101496.246189695 5193001958.31972
930281042.345274 7852632674067.78 -85310439524282.1 9361.28580430635 -101496.153056966 5193001958.31972
935420716.612375 7900746612016.29 -85832096453451.6 9361.27733580365 -101496.061056321 5193001958.31972
940560390.879476 7948860506702.94 -86353752912633 9361.26896951706 -101495.970167242 5193001958.31971
945700065.146577 7996974358648.33 -86875408907487.7 9361.26070360693 -101495.880369704 5193001958.31971
950839739.413678 8045088168363.74 -87397064443575.4 9361.25253627752 -101495.79164416 5193001958.31971
955979413.680779 8093201936351.3 -87918719526356.6 9361.24446577566 -101495.703971527 5193001958.31971
961119087.94788 8141315663104.27 -88440374161194.8 9361.23649038952 -101495.617333172 5193001958.31971
966258762.214981 8189429349107.19 -88962028353359 9361.22860844737 -101495.5317109 5193001958.31971
971398436.482082 8237542994836.13 -89483682108025.6 9361.22081831645 -101495.447086939 5193001958.31971
976538110.749183 8285656600758.85 -90005335430280.8 9361.2131184018 -101495.36344393 5193001958.31971
981677785.016284 8333770167335.01 -90526988325122.8 9361.20550714521 -101495.280764913 5193001958.31971
986817459.283384 8381883695016.37 -91048640797463.2 9361.19798302412 -101495.199033319 5193001958.31971
991957133.550485 8429997184246.92 -91570292852129.8 9361.19054455068 -101495.118232954 5193001958.31971
997096807.817586 8478110635463.12 -92091944493868 9361.18319027069 -101495.038347993 5193001958.31971
1002236482.08469 8526224049094.03 -92613595727342.8 9361.17591876269 -101494.959362966 5193001958.31971
1007376156.35179 8574337425561.48 -93135246557140.5 9361.16872863706 -101494.88126275 5193001958.31971
1012515830.61889 8622450765280.26 -93656896987770.6 9361.1616185351 -101494.804032561 5193001958.31971
1017655504.88599 8670564068658.22 -94178547023667.4 9361.15458712818 -101494.72765794 5193001958.31971
1022795179.15309 8718677336096.48 -94700196669192 9361.14763311695 -101494.652124747 5193001958.31971
1027934853.42019 8766790567989.56 -95221845928633.1 9361.14075523047 -101494.577419153 5193001958.31971
1033074527.68729 8814903764725.51 -95743494806209.7 9361.13395222551 -101494.50352763 5193001958.31971
1038214201.95439 8863016926686.04 -96265143306071.4 9361.12722288575 -101494.430436942 5193001958.31971
1043353876.22149 8911130054246.72 -96786791432301.1 9361.12056602107 -101494.358134141 5193001958.31971
1048493550.4886 8959243147777.03 -97308439188915.5 9361.11398046687 -101494.286606553 5193001958.31971
1053633224.7557 9007356207640.55 -97830086579866.9 9361.10746508334 -101494.215841779 5193001958.31971
1058772899.0228 9055469234195.05 -98351733609044.7 9361.10101875486 -101494.145827679 5193001958.3197
1063912573.2899 9103582227792.63 -98873380280276.4 9361.09464038932 -101494.07655237 5193001958.31971
1069052247.557 9151695188779.86 -99395026597329.3 9361.08832891752 -101494.008004222 5193001958.3197
1074191921.8241 9199808117497.84 -99916672563911.2 9361.08208329257 -101493.940171842 5193001958.31971
1079331596.0912 9247921014282.35 -100438318183672 9361.07590248933 -101493.873044079 5193001958.3197
1084471270.3583 9296033879463.98 -100959963460206 9361.0697855038 -101493.80661001 5193001958.3197
1089610944.6254 9344146713368.18 -101481608397050 9361.06373135264 -101493.740858936 5193001958.3197
1094750618.8925 9392259516315.43 -102003252997687 9361.05773907259 -101493.675780378 5193001958.3197
1099890293.15961 9440372288621.28 -102524897265548 9361.05180771998 -101493.611364071 5193001958.3197
1105029967.42671 9488485030596.5 -103046541204010 9361.04593637025 -101493.547599957 5193001958.3197
1110169641.69381 9536597742547.15 -103568184816401 9361.04012411743 -101493.48447818 5193001958.3197
1115309315.96091 9584710424774.67 -104089828105996 9361.03437007372 -101493.421989082 5193001958.3197
1120448990.22801 9632823077576.01 -104611471076023 9361.028673369 -101493.360123198 5193001958.3197
1125588664.49511 9680935701243.66 -105133113729662 9361.02303315041 -101493.298871252 5193001958.3197
1130728338.76221 9729048296065.8 -105654756070043 9361.01744858193 -101493.238224149 5193001958.3197
1135868013.02931 9777160862326.32 -106176398100253 9361.01191884394 -101493.178172973 5193001958.3197
1141007687.29641 9825273400304.97 -106698039823333 9361.00644313286 -101493.118708984 5193001958.3197
1146147361.56351 9873385910277.4 -107219681242277 9361.00102066072 -101493.059823612 5193001958.3197
1151287035.83062 9921498392515.25 -107741322360039 9360.99565065479 -101493.00150845 5193001958.3197
1156426710.09772 9969610847286.22 -108262963179528 9360.99033235726 -101492.943755257 5193001958.3197
1161566384.36482 10017723274854.2 -108784603703611 9360.9850650248 -101492.886555948 5193001958.3197
1166706058.63192 10065835675479.1 -109306243935114 9360.97984792829 -101492.829902592 5193001958.3197
1171845732.89902 10113948049417.5 -109827883876824 9360.97468035244 -101492.77378741 5193001958.3197
1176985407.16612 10162060396922 -110349523531487 9360.96956159549 -101492.71820277 5193001958.3197
1182125081.43322 10210172718241.6 -110871162901810 9360.96449096886 -101492.663141181 5193001958.3197
1187264755.70032 10258285013622.2 -111392801990463 9360.95946779686 -101492.608595297 5193001958.3197
1192404429.96742 10306397283305.8 -111914440800077 9360.9544914164 -101492.554557904 5193001958.3197
1197544104.23453 10354509527531.3 -112436079333249 9360.94956117669 -101492.501021926 5193001958.3197
1202683778.50163 10402621746534.2 -112957717592537 9360.94467643893 -101492.447980415 5193001958.3197
1207823452.76873 10450733940546.7 -113479355580464 9360.93983657608 -101492.395426553 5193001958.3197
1212963127.03583 10498846109797.9 -114000993299521 9360.93504097258 -101492.343353644 5193001958.3197
1218102801.30293 10546958254513.7 -114522630752162 9360.93028902403 -101492.291755117 5193001958.3197
1223242475.57003 10595070374916.9 -115044267940809 9360.92558013704 -101492.240624518 5193001958.3197
1228382149.83713 10643182471227.4 -115565904867849 9360.92091372889 -101492.18995551 5193001958.3197
1233521824.10423 10691294543662 -116087541535641 9360.91628922734 -101492.139741871 5193001958.3197
1238661498.37133 10739406592434.7 -116609177946508 9360.91170607038 -101492.089977489 5193001958.3197
1243801172.63843 10787518617756.5 -117130814102743 9360.90716370601 -101492.040656362 5193001958.3197
1248940846.90554 10835630619835.7 -117652450006611 9360.902661592 -101491.991772593 5193001958.3197
1254080521.17264 10883742598877.8 -118174085660344 9360.89819919571 -101491.94332039 5193001958.3197
1259220195.43974 10931854555085.6 -118695721066144 9360.89377599384 -101491.895294065 5193001958.3197
1264359869.70684 10979966488659.1 -119217356226188 9360.88939147224 -101491.847688024 5193001958.3197
1269499543.97394 11028078399796 -119738991142620 9360.88504512573 -101491.800496777 5193001958.3197
1274639218.24104 11076190288691.1 -120260625817560 9360.88073645788 -101491.753714924 5193001958.3197
1279778892.50814 11124302155536.9 -120782260253096 9360.87646498083 -101491.707337162 5193001958.3197
1284918566.77524 11172414000523.2 -121303894451293 9360.8722302151 -101491.661358276 5193001958.3197
1290058241.04234 11220525823837.5 -121825528414187 9360.86803168944 -101491.615773144 5193001958.3197
1295197915.30945 11268637625664.9 -122347162143790 9360.8638689406 -101491.570576728 5193001958.3197
1300337589.57655 11316749406188.1 -122868795642086 9360.85974151321 -101491.525764077 5193001958.3197
1305477263.84365 11364861165587.4 -123390428911036 9360.8556489596 -101491.481330324 5193001958.3197
1310616938.11075 11412972904041.1 -123912061952574 9360.85159083963 -101491.437270683 5193001958.3197
1315756612.37785 11461084621724.8 -124433694768612 9360.84756672053 -101491.39358045 5193001958.3197
1320896286.64495 11509196318812.4 -124955327361035 9360.84357617675 -101491.350254997 5193001958.3197
1326035960.91205 11557307995475.3 -125476959731707 9360.83961878982 -101491.307289776 5193001958.3197
1331175635.17915 11605419651882.8 -125998591882467 9360.83569414819 -101491.264680311 5193001958.3197
1336315309.44625 11653531288202.3 -126520223815134 9360.8318018471 -101491.222422203 5193001958.3197
1341454983.71335 11701642904598.8 -127041855531502 9360.82794148844 -101491.180511123 5193001958.3197
1346594657.98046 11749754501235.6 -127563487033343 9360.82411268058 -101491.138942813 5193001958.3197
1351734332.24756 11797866078273.8 -128085118322408 9360.82031503829 -101491.097713087 5193001958.3197
1356874006.51466 11845977635872.6 -128606749400428 9360.81654818258 -101491.056817823 5193001958.3197
1362013680.78176 11894089174189.4 -129128380269109 9360.81281174058 -101491.016252968 5193001958.3197
1367153355.04886 11942200693379.4 -129650010930141 9360.80910534542 -101490.976014533 5193001958.3197
1372293029.31596 11990312193596.2 -130171641385192 9360.8054286361 -101490.936098596 5193001958.3197
1377432703.58306 12038423674991.5 -130693271635907 9360.80178125739 -101490.896501293 5193001958.3197
1382572377.85016 12086535137715 -131214901683916 9360.79816285969 -101490.857218824 5193001958.3197
1387712052.11726 12134646581914.9 -131736531530827 9360.79457309896 -101490.81824745 5193001958.3197
1392851726.38437 12182758007737.4 -132258161178230 9360.79101163655 -101490.779583489 5193001958.3197
1397991400.65147 12230869415327.2 -132779790627694 9360.78747813917 -101490.741223318 5193001958.3197
1403131074.91857 12278980804827.2 -133301419880773 9360.78397227869 -101490.703163371 5193001958.3197
1408270749.18567 12327092176378.4 -133823048939000 9360.78049373215 -101490.665400137 5193001958.3197
1413410423.45277 12375203530120.6 -134344677803892 9360.77704218156 -101490.627930159 5193001958.3197
1418550097.71987 12423314866191.7 -134866306476946 9360.77361731388 -101490.590750034 5193001958.3197
1423689771.98697 12471426184728 -135387934959644 9360.77021882086 -101490.553856413 5193001958.3197
1428829446.25407 12519537485864.2 -135909563253450 9360.76684639901 -101490.517245995 5193001958.3197
1433969120.52117 12567648769733.7 -136431191359812 9360.76349974945 -101490.480915533 5193001958.3197
1439108794.78827 12615760036468 -136952819280159 9360.76017857788 -101490.444861827 5193001958.3197
1444248469.05538 12663871286197.5 -137474447015907 9360.75688259443 -101490.409081727 5193001958.3197
1449388143.32248 12711982519050.8 -137996074568452 9360.75361151365 -101490.373572131 5193001958.3197
1454527817.58958 12760093735155.2 -138517701939179 9360.75036505435 -101490.338329981 5193001958.3197
1459667491.85668 12808204934636.6 -139039329129453 9360.74714293958 -101490.303352268 5193001958.3197
1464807166.12378 12856316117619.3 -139560956140627 9360.74394489653 -101490.268636027 5193001958.3197
1469946840.39088 12904427284226.3 -140082582974036 9360.74077065644 -101490.234178335 5193001958.3197
1475086514.65798 12952538434579.5 -140604209631002 9360.73761995453 -101490.199976317 5193001958.3197
1480226188.92508 13000649568799 -141125836112831 9360.73449252996 -101490.166027136 5193001958.3197
1485365863.19218 13048760687003.8 -141647462420817 9360.7313881257 -101490.132328 5193001958.3197
1490505537.45929 13096871789311.5 -142169088556237 9360.72830648851 -101490.098876155 5193001958.3197
1495645211.72639 13144982875838.7 -142690714520355 9360.72524736884 -101490.06566889 5193001958.3197
1500784885.99349 13193093946700.3 -143212340314421 9360.72221052079 -101490.032703531 5193001958.3197
1505924560.26059 13241205002010.2 -143733965939672 9360.71919570199 -101489.999977446 5193001958.3197
1511064234.52769 13289316041881.1 -144255591397331 9360.71620267362 -101489.967488038 5193001958.3197
1516203908.79479 13337427066424.2 -144777216688607 9360.71323120028 -101489.935232749 5193001958.3197
1521343583.06189 13385538075749.8 -145298841814698 9360.71028104994 -101489.903209058 5193001958.3197
1526483257.32899 13433649069966.9 -145820466776788 9360.70735199389 -101489.871414479 5193001958.3197
1531622931.59609 13481760049183.4 -146342091576048 9360.70444380671 -101489.839846561 5193001958.3197
1536762605.86319 13529871013505.8 -146863716213635 9360.70155626613 -101489.808502891 5193001958.3197
1541902280.1303 13577981963039.9 -147385340690698 9360.69868915306 -101489.777381085 5193001958.3197
1547041954.3974 13626092897889.9 -147906965008370 9360.6958422515 -101489.746478798 5193001958.3197
1552181628.6645 13674203818159.3 -148428589167774 9360.69301534846 -101489.715793715 5193001958.3197
1557321302.9316 13722314723950.3 -148950213170019 9360.69020823396 -101489.685323553 5193001958.3197
1562460977.1987 13770425615364 -149471837016205 9360.68742070094 -101489.655066063 5193001958.3197
1567600651.4658 13818536492500.6 -149993460707420 9360.6846525452 -101489.625019025 5193001958.3197
1572740325.7329 13866647355459.1 -150515084244738 9360.68190356539 -101489.595180252 5193001958.3197
1577880000 13914758204337.6 -151036707629226 9360.67917356294 -101489.565547585 5193001958.3197
1583019674.2671 13962869039233.2 -151558330861936 9360.67646234201 -101489.536118897 5193001958.3197
1588159348.53421 14010979860241.8 -152079953943912 9360.67376970944 -101489.506892088 5193001958.3197
1593299022.80131 14059090667458.5 -152601576876186 9360.67109547471 -101489.477865088 5193001958.3197
1598438697.06841 14107201460977.4 -153123199659780 9360.6684394499 -101489.449035855 5193001958.3197
1603578371.33551 14155312240891.6 -153644822295705 9360.66580144964 -101489.420402375 5193001958.3197
1608718045.60261 14203423007293.2 -154166444784962 9360.66318129106 -101489.39196266 5193001958.3197
1613857719.86971 14251533760273.6 -154688067128542 9360.66057879376 -101489.363714751 5193001958.3197
1618997394.13681 14299644499923 -155209689327426 9360.65799377978 -101489.335656714 5193001958.3197
1624137068.40391 14347755226330.8 -155731311382584 9360.65542607352 -101489.307786639 5193001958.3197
1629276742.67101 14395865939585.5 -156252933294979 9360.65287550172 -101489.280102646 5193001958.3197
1634416416.93811 14443976639774.8 -156774555065560 9360.65034189346 -101489.252602876 5193001958.3197
1639556091.20522 14492087326985.4 -157296176695272 9360.64782508004 -101489.225285497 5193001958.3197
1644695765.47232 14540198001303.2 -157817798185046 9360.64532489502 -101489.1981487 5193001958.31971
1649835439.73942 14588308662813.3 -158339419535805 9360.64284117416 -101489.1711907 5193001958.31971
1654975114.00652 14636419311599.8 -158861040748465 9360.64037375534 -101489.144409736 5193001958.3197
1660114788.27362 14684529947746.1 -159382661823931 9360.63792247858 -101489.117804069 5193001958.3197
1665254462.54072 14732640571334.8 -159904282763099 9360.63548718601 -101489.091371985 5193001958.31971
1670394136.80782 14780751182447.6 -160425903566858 9360.63306772177 -101489.06511179 5193001958.3197
1675533811.07492 14828861781165.5 -160947524236085 9360.63066393205 -101489.039021812 5193001958.3197
1680673485.34202 14876972367568.7 -161469144771653 9360.62827566501 -101489.013100402 5193001958.3197
1685813159.60913 14925082941736.5 -161990765174423 9360.62590277078 -101488.987345931 5193001958.31971
1690952833.87623 14973193503747.6 -162512385445248 9360.6235451014 -101488.961756793 5193001958.31971
1696092508.14333 15021304053679.9 -163034005584976 9360.62120251081 -101488.936331399 5193001958.3197
1701232182.41043 15069414591610.5 -163555625594442 9360.61887485481 -101488.911068183 5193001958.3197
1706371856.67753 15117525117615.7 -164077245474477 9360.61656199102 -101488.885965599 5193001958.3197
1711511530.94463 15165635631771.3 -164598865225903 9360.6142637789 -101488.861022118 5193001958.31971
1716651205.21173 15213746134152.2 -165120484849533 9360.61198007964 -101488.836236234 5193001958.3197
1721790879.47883 15261856624832.6 -165642104346173 9360.60971075621 -101488.811606457 5193001958.3197
1726930553.74593 15309967103886.1 -166163723716622 9360.60745567329 -101488.787131317 5193001958.3197
1732070228.01303 15358077571385.5 -166685342961672 9360.60521469725 -101488.762809363 5193001958.3197
1737209902.28014 15406188027402.9 -167206962082105 9360.60298769612 -101488.73863916 5193001958.3197
1742349576.54724 15454298472010 -167728581078698 9360.60077453959 -101488.714619293 5193001958.31971
1747489250.81434 15502408905277.5 -168250199952220 9360.59857509896 -101488.690748363 5193001958.31971
1752628925.08144 15550519327275.5 -168771818703433 9360.59638924711 -101488.66702499 5193001958.31971
1757768599.34854 15598629738073.6 -169293437333092 9360.59421685849 -101488.643447809 5193001958.3197
1762908273.61564 15646740137740.7 -169815055841944 9360.5920578091 -101488.620015474 5193001958.3197
1768047947.88274 15694850526344.9 -170336674230732 9360.58991197644 -101488.596726653 5193001958.3197
1773187622.14984 15742960903954 -170858292500188 9360.58777923952 -101488.573580032 5193001958.31971
1778327296.41694 15791071270635 -171379910651041 9360.58565947883 -101488.550574313 5193001958.31971
1783466970.68405 15839181626454.1 -171901528684012 9360.58355257629 -101488.527708212 5193001958.31971
1788606644.95115 15887291971477.2 -172423146599814 9360.58145841526 -101488.504980464 5193001958.31971
1793746319.21825 15935402305769.6 -172944764399156 9360.5793768805 -101488.482389815 5193001958.31971
1798885993.48535 15983512629395.7 -173466382082739 9360.57730785816 -101488.459935029 5193001958.31971
1804025667.75245 16031622942419.6 -173987999651258 9360.57525123577 -101488.437614884 5193001958.31971
1809165342.01955 16079733244904.8 -174509617105403 9360.57320690217 -101488.415428173 5193001958.31971
1814305016.28665 16127843536914.2 -175031234445855 9360.57117474755 -101488.393373702 5193001958.31971
1819444690.55375 16175953818509.9 -175552851673292 9360.56915466339 -101488.371450293 5193001958.31971
1824584364.82085 16224064089753.9 -176074468788384 9360.56714654248 -101488.349656781 5193001958.31971
1829724039.08795 16272174350707.4 -176596085791795 9360.56515027884 -101488.327992015 5193001958.31971
1834863713.35506 16320284601430.9 -177117702684186 9360.56316576777 -101488.306454857 5193001958.31971
1840003387.62216 16368394841984.7 -177639319466207 9360.56119290577 -101488.285044184 5193001958.31971
1845143061.88926 16416505072428.3 -178160936138508 9360.55923159059 -101488.263758883 5193001958.31971
1850282736.15636 16464615292820.8 -178682552701729 9360.55728172114 -101488.242597858 5193001958.31971
1855422410.42346 16512725503220.9 -179204169156506 9360.55534319751 -101488.221560023 5193001958.31971
1860562084.69056 16560835703686.5 -179725785503470 9360.55341592098 -101488.200644305 5193001958.31971
1865701758.95766 16608945894275.3 -180247401743245 9360.55149979392 -101488.179849644 5193001958.31971
1870841433.22476 16657056075044.2 -180769017876452 9360.54959471988 -101488.159174992 5193001958.31971
1875981107.49186 16705166246049.8 -181290633903703 9360.54770060348 -101488.138619313 5193001958.31971
1881120781.75897 16753276407348.3 -181812249825609 9360.54581735045 -101488.118181583 5193001958.31971
1886260456.02607 16801386558995.2 -182333865642772 9360.54394486761 -101488.09786079 5193001958.31971
1891400130.29317 16849496701045.6 -182855481355792 9360.54208306282 -101488.077655934 5193001958.31971
1896539804.56027 16897606833554.2 -183377096965261 9360.540231845 -101488.057566023 5193001958.31971
1901679478.82737 16945716956575.1 -183898712471768 9360.5383911241 -101488.037590082 5193001958.31971
1906819153.09447 16993827070162.2 -184420327875895 9360.53656081109 -101488.017727142 5193001958.31971
1911958827.36157 17041937174368.5 -184941943178222 9360.53474081795 -101487.997976247 5193001958.31971
1917098501.62867 17090047269247.1 -185463558379322 9360.53293105764 -101487.978336452 5193001958.31971
1922238175.89577 17138157354850.1 -185985173479763 9360.5311314441 -101487.958806822 5193001958.31971
1927377850.16287 17186267431229.7 -186506788480109 9360.52934189223 -101487.939386433 5193001958.31971
1932517524.42998 17234377498437.2 -187028403380919 9360.52756231788 -101487.92007437 5193001958.31971
1937657198.69708 17282487556523.7 -187550018182749 9360.52579263783 -101487.900869731 5193001958.31971
1942796872.96418 17330597605539.9 -188071632886146 9360.52403276981 -101487.88177162 5193001958.31971
1947936547.23128 17378707645536 -188593247491658 9360.52228263242 -101487.862779154 5193001958.31971
1953076221.49838 17426817676561.8 -189114861999824 9360.52054214519 -101487.843891459 5193001958.31971
1958215895.76548 17474927698666.6 -189636476411181 9360.51881122851 -101487.82510767 5193001958.31971
1963355570.03258 17523037711899.6 -190158090726260 9360.51708980367 -101487.806426933 5193001958.31971
1968495244.29968 17571147716309.2 -190679704945590 9360.51537779279 -101487.787848401 5193001958.31971
1973634918.56678 17619257711943.7 -191201319069693 9360.51367511887 -101487.769371238 5193001958.31971
1978774592.83388 17667367698850.8 -191722933099088 9360.51198170572 -101487.750994616 5193001958.31971
1983914267.10099 17715477677078 -192244547034290 9360.51029747799 -101487.732717718 5193001958.31971
1989053941.36809 17763587646672.2 -192766160875809 9360.50862236116 -101487.714539732 5193001958.31971
1994193615.63519 17811697607680.1 -193287774624151 9360.50695628149 -101487.69645986 5193001958.31971
1999333289.90229 17859807560148 -193809388279820 9360.50529916605 -101487.678477308 5193001958.31971
2004472964.16939 17907917504121.7 -194331001843312 9360.50365094267 -101487.660591293 5193001958.31971
2009612638.43649 17956027439646.8 -194852615315122 9360.50201153998 -101487.64280104 5193001958.31971
2014752312.70359 18004137366768.4 -195374228695741 9360.50038088735 -101487.625105781 5193001958.31971
2019891986.97069 18052247285531.3 -195895841985655 9360.49875891492 -101487.607504758 5193001958.31971
2025031661.23779 18100357195980 -196417455185345 9360.49714555357 -101487.589997219 5193001958.31971
2030171335.5049 18148467098158.5 -196939068295291 9360.49554073489 -101487.572582423 5193001958.31971
2035311009.772 18196576992110.6 -197460681315968 9360.49394439122 -101487.555259633 5193001958.31971
2040450684.0391 18244686877879.6 -197982294247845 9360.49235645559 -101487.538028124 5193001958.31971
2045590358.3062 18292796755508.6 -198503907091392 9360.49077686175 -101487.520887174 5193001958.31971
2050730032.5733 18340906625040.3 -199025519847071 9360.48920554415 -101487.503836073 5193001958.31971
2055869706.8404 18389016486517.1 -199547132515342 9360.4876424379 -101487.486874115 5193001958.31971
2061009381.1075 18437126339981 -200068745096661 9360.4860874788 -101487.470000603 5193001958.31971
2066149055.3746 18485236185473.7 -200590357591483 9360.48454060332 -101487.453214848 5193001958.31971
2071288729.6417 18533346023036.6 -201111970000255 9360.48300174859 -101487.436516166 5193001958.31971
2076428403.9088 18581455852710.8 -201633582323423 9360.48147085239 -101487.419903882 5193001958.31971
2081568078.17591 18629565674537 -202155194561430 9360.47994785313 -101487.403377327 5193001958.31971
2086707752.44301 18677675488555.6 -202676806714715 9360.47843268987 -101487.386935838 5193001958.31971
2091847426.71011 18725785294806.8 -203198418783714 9360.47692530229 -101487.370578762 5193001958.31971
2096987100.97721 18773895093330.4 -203720030768858 9360.47542563068 -101487.354305448 5193001958.31971
2102126775.24431 18822004884165.8 -204241642670576 9360.47393361594 -101487.338115257 5193001958.31971
2107266449.51141 18870114667352.3 -204763254489294 9360.47244919959 -101487.322007551 5193001958.31971
2112406123.77851 18918224442928.8 -205284866225435 9360.47097232373 -101487.305981703 5193001958.3197
2117545798.04561 18966334210933.9 -205806477879417 9360.46950293104 -101487.290037091 5193001958.3197
2122685472.31271 19014443971405.9 -206328089451656 9360.4680409648 -101487.274173097 5193001958.3197
2127825146.57982 19062553724382.9 -206849700942565 9360.46658636884 -101487.258389112 5193001958.3197
2132964820.84692 19110663469902.5 -207371312352554 9360.46513908756 -101487.242684533 5193001958.3197
2138104495.11402 19158773208002.3 -207892923682029 9360.46369906594 -101487.227058761 5193001958.3197
2143244169.38112 19206882938719.3 -208414534931395 9360.46226624948 -101487.211511205 5193001958.3197
2148383843.64822 19254992662090.5 -208936146101050 9360.46084058424 -101487.19604128 5193001958.3197
2153523517.91532 19303102378152.6 -209457757191394 9360.45942201682 -101487.180648404 5193001958.3197
2158663192.18242 19351212086941.8 -209979368202820 9360.45801049433 -101487.165332004 5193001958.3197
2163802866.44952 19399321788494.2 -210500979135720 9360.45660596444 -101487.150091512 5193001958.3197
2168942540.71662 19447431482845.7 -211022589990482 9360.4552083753 -101487.134926364 5193001958.3197
2174082214.98372 19495541170031.7 -211544200767494 9360.45381767559 -101487.119836003 5193001958.3197
2179221889.25082 19543650850087.6 -212065811467136 9360.45243381449 -101487.104819877 5193001958.3197
2184361563.51793 19591760523048.3 -212587422089790 9360.45105674169 -101487.08987744 5193001958.3197
2189501237.78503 19639870188948.7 -213109032635834 9360.44968640736 -101487.075008151 5193001958.3197
2194640912.05213 19687979847823.2 -213630643105640 9360.44832276216 -101487.060211473 5193001958.3197
2199780586.31923 19736089499706.1 -214152253499582 9360.44696575722 -101487.045486877 5193001958.31971
2204920260.58633 19784199144631.4 -214673863818029 9360.44561534416 -101487.030833837 5193001958.3197
2210059934.85343 19832308782632.9 -215195474061346 9360.44427147507 -101487.016251832 5193001958.3197
2215199609.12053 19880418413744 -215717084229899 9360.44293410249 -101487.001740347 5193001958.3197
2220339283.38763 19928528037998.1 -216238694324046 9360.44160317943 -101486.987298872 5193001958.31971
2225478957.65473 19976637655428.1 -216760304344149 9360.44027865934 -101486.972926901 5193001958.3197
2230618631.92183 20024747266066.9 -217281914290561 9360.43896049613 -101486.958623934 5193001958.31971
2235758306.18893 20072856869947 -217803524163638 9360.43764864414 -101486.944389475 5193001958.31971
2240897980.45603 20120966467100.7 -218325133963729 9360.43634305815 -101486.930223033 5193001958.31971
2246037654.72313 20169076057560.2 -218846743691182 9360.43504369338 -101486.916124122 5193001958.31971
2251177328.99024 20217185641357.2 -219368353346345 9360.43375050546 -101486.902092259 5193001958.31971
2256317003.25734 20265295218523.4 -219889962929559 9360.43246345046 -101486.888126969 5193001958.31971
2261456677.52444 20313404789090.3 -220411572441167 9360.43118248484 -101486.874227777 5193001958.31971
2266596351.79154 20361514353089 -220933181881506 9360.4299075655 -101486.860394216 5193001958.31971
2271736026.05864 20409623910550.4 -221454791250912 9360.42863864972 -101486.846625823 5193001958.3197
2276875700.32574 20457733461505.4 -221976400549720 9360.4273756952 -101486.832922137 5193001958.31971
2282015374.59284 20505843005984.4 -222498009778261 9360.42611866002 -101486.819282703 5193001958.3197
2287155048.85994 20553952544017.8 -223019618936864 9360.42486750268 -101486.805707072 5193001958.3197
2292294723.12704 20602062075635.7 -223541228025856 9360.42362218202 -101486.792194795 5193001958.31971
2297434397.39414 20650171600867.9 -224062837045560 9360.42238265732 -101486.778745432 5193001958.3197
2302574071.66124 20698281119744.2 -224584445996300 9360.4211488882 -101486.765358542 5193001958.3197
2307713745.92834 20746390632294.1 -225106054878396 9360.41992083466 -101486.752033693 5193001958.3197
2312853420.19545 20794500138546.7 -225627663692164 9360.41869845707 -101486.738770453 5193001958.3197
2317993094.46255 20842609638531.2 -226149272437922 9360.41748171618 -101486.725568397 5193001958.3197
2323132768.72965 20890719132276.5 -226670881115981 9360.41627057309 -101486.712427101 5193001958.3197
2328272442.99675 20938828619811.2 -227192489726654 9360.41506498925 -101486.699346148 5193001958.3197
2333412117.26385 20986938101163.8 -227714098270248 9360.41386492648 -101486.686325123 5193001958.3197
2338551791.53095 21035047576362.5 -228235706747073 9360.41267034692 -101486.673363615 5193001958.31971
2343691465.79805 21083157045435.6 -228757315157431 9360.4114812131 -101486.660461216 5193001958.3197
2348831140.06515 21131266508410.7 -229278923501626 9360.41029748786 -101486.647617524 5193001958.31971
2353970814.33225 21179375965315.8 -229800531779959 9360.40911913437 -101486.634832139 5193001958.3197
2359110488.59935 21227485416178.2 -230322139992728 9360.40794611616 -101486.622104664 5193001958.31971
2364250162.86645 21275594861025.3 -230843748140230 9360.40677839707 -101486.609434706 5193001958.31971
2369389837.13355 21323704299884.2 -231365356222760 9360.40561594127 -101486.596821878 5193001958.31971
2374529511.40066 21371813732782 -231886964240610 9360.40445871326 -101486.584265793 5193001958.31971
2379669185.66776 21419923159745.4 -232408572194070 9360.40330667785 -101486.571766069 5193001958.31971
2384808859.93486 21468032580800.9 -232930180083430 9360.40215980016 -101486.559322327 5193001958.31971
2389948534.20196 21516141995975 -233451787908977 9360.40101804565 -101486.546934193 5193001958.31971
2395088208.46906 21564251405294 -233973395670994 9360.39988138005 -101486.534601294 5193001958.31971
2400227882.73616 21612360808783.9 -234495003369766 9360.39874976942 -101486.522323262 5193001958.31971
2405367557.00326 21660470206470.6 -235016611005572 9360.3976231801 -101486.510099732 5193001958.31971
2410507231.27036 21708579598379.8 -235538218578693 9360.39650157877 -101486.497930341 5193001958.31971
2415646905.53746 21756688984537.1 -236059826089406 9360.39538493235 -101486.48581473 5193001958.31971
2420786579.80456 21804798364967.9 -236581433537986 9360.39427320808 -101486.473752545 5193001958.31971
2425926254.07166 21852907739697.4 -237103040924707 9360.3931663735 -101486.461743431 5193001958.31971
2431065928.33876 21901017108750.5 -237624648249840 9360.39206439642 -101486.44978704 5193001958.31971
2436205602.60587 21949126472152.3 -238146255513656 9360.39096724492 -101486.437883025 5193001958.31971
2441345276.87297 21997235829927.5 -238667862716423 9360.38987488737 -101486.426031043 5193001958.31971
2446484951.14007 22045345182100.5 -239189469858408 9360.38878729244 -101486.414230753 5193001958.31971
2451624625.40717 22093454528695.8 -239711076939876 9360.38770442902 -101486.402481818 5193001958.31971
2456764299.67427 22141563869737.6 -240232683961089 9360.38662626633 -101486.390783904 5193001958.31971
2461903973.94137 22189673205250.1 -240754290922308 9360.3855527738 -101486.379136678 5193001958.31971
2467043648.20847 22237782535257 -241275897823795 9360.38448392117 -101486.367539813 5193001958.31971
2472183322.47557 22285891859782.3 -241797504665806 9360.38341967842 -101486.355992981 5193001958.31971
2477322996.74267 22334001178849.5 -242319111448598 9360.38236001578 -101486.34449586 5193001958.31971
2482462671.00977 22382110492482.1 -242840718172426 9360.38130490376 -101486.33304813 5193001958.31971
2487602345.27687 22430219800703.4 -243362324837542 9360.38025431309 -101486.321649474 5193001958.31971
2492742019.54397 22478329103536.5 -243883931444198 9360.37920821479 -101486.310299575 5193001958.31971
2497881693.81107 22526438401004.6 -244405537992644 9360.3781665801 -101486.298998122 5193001958.31971
2503021368.07818 22574547693130.4 -244927144483129 9360.3771293805 -101486.287744806 5193001958.31971
2508161042.34528 22622656979936.6 -245448750915898 9360.37609658774 -101486.276539319 5193001958.31971
2513300716.61238 22670766261445.9 -245970357291196 9360.37506817379 -101486.265381358 5193001958.31971
2518440390.87948 22718875537680.7 -246491963609268 9360.37404411085 -101486.25427062 5193001958.31971
2523580065.14658 22766984808663.2 -247013569870355 9360.37302437138 -101486.243206806 5193001958.31971
2528719739.41368 22815094074415.7 -247535176074697 9360.37200892805 -101486.232189621 5193001958.31971
2533859413.68078 22863203334960.1 -248056782222534 9360.37099775376 -101486.221218769 5193001958.31971
2538999087.94788 22911312590318.3 -248578388314103 9360.36999082166 -101486.210293958 5193001958.31971
2544138762.21498 22959421840512 -249099994349640 9360.3689881051 -101486.199414901 5193001958.3197
2549278436.48208 23007531085562.9 -249621600329378 9360.36798957766 -101486.188581309 5193001958.31971
2554418110.74918 23055640325492.4 -250143206253552 9360.36699521315 -101486.177792899 5193001958.31971
2559557785.01628 23103749560321.9 -250664812122392 9360.36600498559 -101486.167049388 5193001958.31971
2564697459.28339 23151858790072.4 -251186417936129 9360.36501886921 -101486.156350497 5193001958.31971
2569837133.55049 23199968014765.2 -251708023694992 9360.36403683846 -101486.145695948 5193001958.31971
2574976807.81759 23248077234421.1 -252229629399206 9360.36305886801 -101486.135085467 5193001958.3197
2580116482.08469 23296186449060.9 -252751235048999 9360.36208493272 -101486.124518779 5193001958.31971
2585256156.35179 23344295658705.3 -253272840644595 9360.36111500767 -101486.113995616 5193001958.31971
2590395830.61889 23392404863374.8 -253794446186216 9360.36014906815 -101486.103515707 5193001958.3197
2595535504.88599 23440514063090 -254316051674084 9360.35918708963 -101486.093078788 5193001958.31971
2600675179.15309 23488623257871 -254837657108420 9360.3582290478 -101486.082684594 5193001958.31971
2605814853.42019 23536732447738.1 -255359262489443 9360.35727491856 -101486.072332864 5193001958.31971
2610954527.68729 23584841632711.2 -255880867817370 9360.35632467796 -101486.062023337 5193001958.31971
2616094201.95439 23632950812810.4 -256402473092416 9360.3553783023 -101486.051755757 5193001958.31971
2621233876.22149 23681059988055.3 -256924078314798 9360.35443576804 -101486.041529867 5193001958.31971
2626373550.4886 23729169158465.8 -257445683484729 9360.35349705184 -101486.031345414 5193001958.31971
2631513224.7557 23777278324061.4 -257967288602421 9360.35256213054 -101486.021202148 5193001958.31971
2636652899.0228 23825387484861.4 -258488893668086 9360.35163098118 -101486.011099818 5193001958.31971
2641792573.2899 23873496640885.3 -259010498681932 9360.35070358098 -101486.001038177 5193001958.31971
2646932247.557 23921605792152.3 -259532103644169 9360.34977990734 -101485.99101698 5193001958.31971
2652071921.8241 23969714938681.4 -260053708555003 9360.34885993783 -101485.981035983 5193001958.31971
2657211596.0912 24017824080491.6 -260575313414642 9360.34794365024 -101485.971094946 5193001958.31971
2662351270.3583 24065933217601.8 -261096918223288 9360.34703102249 -101485.961193628 5193001958.31971
2667490944.6254 24114042350030.8 -261618522981147 9360.3461220327 -101485.951331793 5193001958.31971
2672630618.8925 24162151477797.2 -262140127688420 9360.34521665916 -101485.941509204 5193001958.31971
2677770293.1596 24210260600919.5 -262661732345309 9360.34431488033 -101485.931725627 5193001958.31971
2682909967.4267 24258369719416.1 -263183336952012 9360.34341667485 -101485.921980831 5193001958.31971
2688049641.6938 24306478833305.4 -263704941508730 9360.34252202152 -101485.912274585 5193001958.3197
2693189315.96091 24354587942605.5 -264226546015660 9360.34163089931 -101485.902606661 5193001958.31971
2698328990.22801 24402697047334.6 -264748150472998 9360.34074328736 -101485.892976833 5193001958.31971
2703468664.49511 24450806147510.6 -265269754880938 9360.33985916496 -101485.883384876 5193001958.31971
2708608338.76221 24498915243151.5 -265791359239677 9360.33897851157 -101485.873830567 5193001958.31971
2713748013.02931 24547024334274.9 -266312963549405 9360.33810130682 -101485.864313685 5193001958.31971
2718887687.29641 24595133420898.7 -266834567810315 9360.3372275305 -101485.85483401 5193001958.31971
2724027361.56351 24643242503040.2 -267356172022599 9360.33635716253 -101485.845391324 5193001958.31971
2729167035.83061 24691351580717.1 -267877776186444 9360.33549018302 -101485.835985412 5193001958.31971
2734306710.09771 24739460653946.7 -268399380302040 9360.33462657221 -101485.826616058 5193001958.31971
2739446384.36481 24787569722746.1 -268920984369574 9360.33376631051 -101485.817283051 5193001958.31971
2744586058.63191 24835678787132.7 -269442588389233 9360.33290937848 -101485.807986179 5193001958.31971
2749725732.89901 24883787847123.5 -269964192361201 9360.33205575682 -101485.798725233 5193001958.31971
2754865407.16612 24931896902735.4 -270485796285663 9360.33120542639 -101485.789500004 5193001958.31971
2760005081.43322 24980005953985.2 -271007400162801 9360.33035836819 -101485.780310288 5193001958.31971
2765144755.70032 25028115000889.9 -271529003992798 9360.32951456336 -101485.771155878 5193001958.31971
2770284429.96742 25076224043465.9 -272050607775835 9360.32867399319 -101485.762036572 5193001958.31971
2775424104.23452 25124333081730 -272572211512091 9360.32783663914 -101485.752952168 5193001958.31971
2780563778.50162 25172442115698.6 -273093815201745 9360.32700248276 -101485.743902466 5193001958.31971
2785703452.76872 25220551145388.1 -273615418844976 9360.32617150578 -101485.734887269 5193001958.31971
2790843127.03582 25268660170814.8 -274137022441960 9360.32534369005 -101485.725906378 5193001958.31971
2795982801.30292 25316769191994.8 -274658625992873 9360.32451901757 -101485.716959599 5193001958.31971
2801122475.57002 25364878208944.3 -275180229497889 9360.32369747048 -101485.708046737 5193001958.31971
2806262149.83712 25412987221679.4 -275701832957183 9360.32287903103 -101485.699167601 5193001958.31971
2811401824.10422 25461096230215.9 -276223436370928 9360.32206368163 -101485.690321998 5193001958.31971
2816541498.37133 25509205234569.6 -276745039739294 9360.32125140481 -101485.681509739 5193001958.31971
2821681172.63843 25557314234756.4 -277266643062454 9360.32044218323 -101485.672730637 5193001958.31971
2826820846.90553 25605423230791.8 -277788246340577 9360.3196359997 -101485.663984504 5193001958.31971
2831960521.17263 25653532222691.5 -278309849573832 9360.31883283712 -101485.655271154 5193001958.31971
2837100195.43973 25701641210471 -278831452762387 9360.31803267856 -101485.646590405 5193001958.31971
2842239869.70683 25749750194145.5 -279353055906409 9360.31723550719 -101485.637942073 5193001958.31971
2847379543.97393 25797859173730.5 -279874659006064 9360.31644130631 -101485.629325977 5193001958.31971
2852519218.24103 25845968149241.2 -280396262061518 9360.31565005935 -101485.620741938 5193001958.31971
2857658892.50813 25894077120692.7 -280917865072935 9360.31486174987 -101485.612189776 5193001958.31971
2862798566.77523 25942186088100 -281439468040478 9360.31407636152 -101485.603669314 5193001958.31971
2867938241.04233 25990295051478.2 -281961070964310 9360.31329387812 -101485.595180377 5193001958.31971
2873077915.30943 26038404010842 -282482673844592 9360.31251428356 -101485.586722789 5193001958.31971
2878217589.57653 26086512966206.4 -283004276681485 9360.31173756189 -101485.578296378 5193001958.31971
2883357263.84364 26134621917586.1 -283525879475149 9360.31096369724 -101485.569900972 5193001958.31971
2888496938.11074 26182730864995.7 -284047482225742 9360.31019267389 -101485.561536399 5193001958.31971
2893636612.37784 26230839808449.7 -284569084933423 9360.30942447621 -101485.55320249 5193001958.3197
2898776286.64494 26278948747962.7 -285090687598349 9360.3086590887 -101485.544899077 5193001958.3197
2903915960.91204 26327057683549 -285612290220676 9360.30789649597 -101485.536625992 5193001958.3197
2909055635.17914 26375166615222.9 -286133892800560 9360.30713668273 -101485.52838307 5193001958.3197
2914195309.44624 26423275542998.8 -286655495338154 9360.30637963383 -101485.520170146 5193001958.3197
2919334983.71334 26471384466890.8 -287177097833614 9360.30562533419 -101485.511987057 5193001958.3197
2924474657.98044 26519493386913 -287698700287092 9360.30487376888 -101485.50383364 5193001958.3197
2929614332.24754 26567602303079.3 -288220302698740 9360.30412492305 -101485.495709735 5193001958.3197
2934754006.51464 26615711215403.8 -288741905068709 9360.30337878196 -101485.487615181 5193001958.3197
2939893680.78174 26663820123900.3 -289263507397150 9360.30263533099 -101485.479549819 5193001958.3197
2945033355.04885 26711929028582.6 -289785109684212 9360.30189455562 -101485.471513493 5193001958.3197
2950173029.31595 26760037929464.4 -290306711930044 9360.30115644142 -101485.463506044 5193001958.3197
2955312703.58305 26808146826559.3 -290828314134795 9360.30042097409 -101485.455527319 5193001958.3197
2960452377.85015 26856255719880.9 -291349916298611 9360.29968813941 -101485.447577163 5193001958.3197
2965592052.11725 26904364609442.7 -291871518421639 9360.29895792327 -101485.439655422 5193001958.3197
2970731726.38435 26952473495258.2 -292393120504024 9360.29823031167 -101485.431761945 5193001958.3197
2975871400.65145 27000582377340.6 -292914722545912 9360.29750529068 -101485.42389658 5193001958.3197
2981011074.91855 27048691255703.3 -293436324547446 9360.2967828465 -101485.416059177 5193001958.3197
2986150749.18565 27096800130359.5 -293957926508770 9360.29606296542 -101485.408249589 5193001958.3197
2991290423.45275 27144909001322.2 -294479528430027 9360.29534563382 -101485.400467666 5193001958.3197
2996430097.71985 27193017868604.6 -295001130311358 9360.29463083818 -101485.392713263 5193001958.3197
3001569771.98695 27241126732219.7 -295522732152904 9360.29391856507 -101485.384986233 5193001958.3197
3006709446.25406 27289235592180.4 -296044333954806 9360.29320880117 -101485.377286432 5193001958.3197
3011849120.52116 27337344448499.6 -296565935717202 9360.29250153325 -101485.369613716 5193001958.3197
3016988794.78826 27385453301190 -297087537440233 9360.29179674814 -101485.361967942 5193001958.3197
3022128469.05536 27433562150264.4 -297609139124036 9360.29109443282 -101485.354348969 5193001958.3197
3027268143.32246 27481670995735.5 -298130740768749 9360.29039457431 -101485.346756656 5193001958.3197
3032407817.58956 27529779837615.8 -298652342374508 9360.28969715974 -101485.339190864 5193001958.3197
3037547491.85666 27577888675917.9 -299173943941449 9360.28900217635 -101485.331651453 5193001958.3197
3042687166.12376 27625997510654.2 -299695545469707 9360.28830961143 -101485.324138287 5193001958.3197
3047826840.39086 27674106341837.1 -300217146959418 9360.28761945239 -101485.316651227 5193001958.3197
3052966514.65796 27722215169479 -300738748410714 9360.2869316867 -101485.309190139 5193001958.3197
3058106188.92506 27770323993592.1 -301260349823728 9360.28624630195 -101485.301754887 5193001958.3197
3063245863.19216 27818432814188.7 -301781951198595 9360.28556328578 -101485.294345338 5193001958.3197
3068385537.45926 27866541631280.8 -302303552535444 9360.28488262595 -101485.286961358 5193001958.3197
3073525211.72637 27914650444880.6 -302825153834408 9360.28420431028 -101485.279602815 5193001958.3197
3078664885.99347 27962759255000.1 -303346755095616 9360.28352832667 -101485.272269578 5193001958.3197
3083804560.26057 28010868061651.2 -303868356319198 9360.28285466313 -101485.264961517 5193001958.3197
3088944234.52767 28058976864845.9 -304389957505284 9360.28218330773 -101485.257678503 5193001958.3197
3094083908.79477 28107085664595.9 -304911558654001 9360.28151424863 -101485.250420406 5193001958.3197
3099223583.06187 28155194460913 -305433159765478 9360.28084747406 -101485.243187099 5193001958.3197
3104363257.32897 28203303253809 -305954760839842 9360.28018297235 -101485.235978455 5193001958.3197
3109502931.59607 28251412043295.4 -306476361877219 9360.27952073189 -101485.228794349 5193001958.3197
3114642605.86317 28299520829384 -306997962877734 9360.27886074116 -101485.221634655 5193001958.3197
3119782280.13027 28347629612086.1 -307519563841514 9360.27820298872 -101485.214499249 5193001958.3197
3124921954.39737 28395738391413.4 -308041164768682 9360.27754746319 -101485.207388008 5193001958.3197
3130061628.66447 28443847167377.2 -308562765659362 9360.2768941533 -101485.200300809 5193001958.3197
3135201302.93158 28491955939988.8 -309084366513678 9360.27624304781 -101485.193237531 5193001958.3197
3140340977.19868 28540064709259.6 -309605967331752 9360.2755941356 -101485.186198052 5193001958.3197
3145480651.46578 28588173475200.9 -310127568113707 9360.27494740561 -101485.179182252 5193001958.3197
3150620325.73288 28636282237823.7 -310649168859663 9360.27430284683 -101485.172190013 5193001958.3197
3155759999.99998 28684390997139.3 -311170769569742 9360.27366044836 -101485.165221215 5193001958.3197
