0 1556958000000 0 -11000 2000 -22756327.2740819
3155760 1521967839195.81 6311138912.85963 -11176.7645487157 1999.63350601417 -22756327.1652309
6311520 1486406816741.19 12619882585.9982 -11361.9083585819 1998.46368914245 -22756327.0312397
9467280 1450247324961.71 18923513072.8783 -11556.1851174856 1996.37146713229 -22756326.8649975
12623040 1413459222522.85 25218904298.1275 -11760.4496383212 1993.21657190231 -22756326.6569816
15778800 1376009487274.09 31502448088.0356 -11975.6762547328 1988.83285743043 -22756326.3942909
18934560 1337861804539.54 37769963472.7029 -12202.9815158869 1983.0223307296 -22756326.0592278
22090320 1298976075417.22 44016584603.327 -12443.6524275743 1975.5474859291 -22756325.627183
25246080 1259307825060.17 50236621059.125 -12699.1819258885 1966.1213568723 -22756325.0634262
28401840 1218807484666.21 56423382118.4198 -12971.3138929612 1954.39446300716 -22756324.3181432
31557600 1177419512285.8 62568953437.9504 -13262.1009229732 1939.93746565569 -22756323.3186039
34713360 1135081305489.07 68663910057.5357 -13573.9793648602 1922.21781027286 -22756321.9565136
37869120 1091721841754.06 74696942983.8736 -13909.8681379263 1900.56779400189 -22756320.0670704
41024880 1047259957539.96 80654366605.4221 -14273.3008212066 1874.14017722287 -22756317.3933079
44180640 1001602140192.86 86519458847.5549 -14668.6052062679 1841.84532041885 -22756313.5234548
47336400 954639651166.762 92271561863.2024 -15101.1520089448 1802.26027185663 -22756307.7769617
50492160 906244712745.377 97884832105.5667 -15577.7067992507 1753.49412977928 -22756298.9886822
53647920 856265352820.122 103326463742.704 -16106.9402447538 1692.98315744705 -22756285.0810992
56803680 804518275577.554 108554097380.045 -16700.1889023902 1617.16906092177 -22756262.170427
59959440 750778738365.525 113511924685.754 -17372.6272225812 1520.97493326931 -22756222.5794263
63115200 694765722991.224 118124619686.216 -18145.1439469537 1396.91370801382 -22756150.0828046
66270960 636119389135.897 122287469175.31 -19047.4883050177 1233.48990162153 -22756007.4739506
69426720 574365197976.872 125849453027.909 -20123.8518388981 1012.14387287353 -22755700.2787632
72582480 508853490097.296 128582249823.873 -21443.4972133923 700.914517624401 -22754955.0041472
75738240 438650014761.668 130118348793.53 -23122.9340068998 239.821663703542 -22752828.1491928
78894000 362317242135.095 129812114302.874 -25378.2483320269 -498.151477426095 -22745149.9781468
82049760 277412853986.535 126370079286.993 -28672.3753922131 -1836.31866707526 -22704984.3265877
85205520 179069632170.636 116556451505.755 -34261.0784331765 -4911.36832133069 -22293292.4052651
88361280 54281064663.8048 87363213559.5255 -47198.5014248723 -18658.1518469594 -2670686.6949532
91517040 -14555096806.9015 -105961638762.076 7949.55037375754 -94925.0622718939 3295912692.96993
94672800 13143085041.2597 -378803007209.461 8762.01171045816 -83591.5109337699 3181946529.94177
97828560 40651396079.877 -639375009832.033 8677.79486259971 -81865.3500266755 3181428378.14042
100984320 67949959375.4043 -896445478539.657 8627.25735490751 -81139.7319695779 3181392113.38354
104140080 95121785558.8645 -1151815130450.03 8595.43448799308 -80737.8362232624 3181386199.85222
107295840 122210700499.296 -1406173534448.11 8573.75164658815 -80481.9730562169 3181384715.82199
110451600 149241422229.166 -1659859852424.72 8558.069242705 -80304.5898370526 3181384231.04966
113607360 176229109281.831 -1913066494093.82 8546.21061986743 -80174.2963721523 3181384041.75671
116763120 203183696152.754 -2165913316471.35 8536.93297398512 -80074.4979389875 3181383957.66402
119918880 230112038076.377 -2418480109314.67 8529.47772886615 -79995.5883778839 3181383916.47228
123074640 257019061825.873 -2670822699874.02 8523.35643663676 -79931.618117323 3181383894.68901
126230400 283908426138.087 -2922981692909.8 8518.24064433668 -79878.7039058109 3181383882.43661
129386160 310782922163.406 -3174987553421.7 8513.9014497282 -79834.2026321318 3181383875.18632
132541920 337644727567.888 -3426863728710.74 8510.17448615728 -79796.2524525087 3181383870.70977
135697680 364495574018.342 -3678628653271.19 8506.93869595853 -79763.5037559209 3181383867.84422
138853440 391336861189.057 -3930297084634.27 8504.10295654536 -79734.9542064212 3181383865.95205
142009200 418169736538.461 -4181881021557.37 8501.59737037102 -79709.8437123871 3181383864.66842
145164960 444995152484.649 -4433390352164.41 8499.36742706377 -79687.5853620055 3181383863.77675
148320720 471813908249.076 -4684833322126.45 8497.36999106046 -79667.7187255961 3181383863.14422
151476480 498626681049.852 -4936216879733.03 8495.5704821032 -79649.8775030514 3181383862.68707
154632240 525434049739.675 -5187546934787.14 8493.94085456385 -79633.766623501 3181383862.35108
157788000 552236512982.791 -5438828555938.27 8492.45812354333 -79619.1457236401 3181383862.1004
160943760 579034503418.06 -5690066123233.68 8491.10327262916 -79605.8170230318 3181383861.91079
164099520 605828398826.795 -5941263447561.08 8489.86043280547 -79593.6162886326 3181383861.76556
167255280 632618531034.702 -6192423865251.78 8488.71625711486 -79582.4060073281 3181383861.65306
170411040 659405193078.138 -6443550313799.17 8487.65943871313 -79572.0701613845 3181383861.565
173566800 686188645025.588 -6694645393045.04 8486.68033537169 -79562.5101841499 3181383861.49539
176722560 712969118746.275 -6945711415058.54 8485.77067397335 -79553.6417961249 3181383861.43988
179878320 739746821846.458 -7196750445127.36 8484.92331580265 -79545.3925055756 3181383861.39525
183034080 766521940941.883 -7447764335697.01 8484.13206852267 -79537.6996163026 3181383861.35909
186189840 793294644396.388 -7698754754666.26 8483.39153435186 -79530.5086263967 3181383861.32958
189345600 820065084627.86 -7949723209129.26 8482.69698656233 -79523.7719312652 3181383861.30534
192501360 846833400061.087 -8200671065416.55 8482.04426832162 -79517.4477655278 3181383861.28529
195657120 873599716790.455 -8451599566106.75 8481.42970929987 -79511.4993339669 3181383861.26863
198812880 900364150002.758 -8702509844542.38 8480.85005650561 -79505.8940932543 3181383861.25469
201968640 927126805200.471 -8953402937277.02 8480.30241659618 -79500.6031547825 3181383861.24298
205124400 953887779258.183 -9204279794797.81 8479.78420750129 -79495.6007854249 3181383861.23309
208280160 980647161338.753 -9455141290802.47 8479.29311765161 -79490.8639879818 3181383861.22469
211435920 1007405033690.98 -9705988230258.64 8478.82707145298 -79486.3721468539 3181383861.21754
214591680 1034161472346.72 -9956821356432.44 8478.38419991785 -79482.1067274084 3181383861.21141
217747440 1060916547732.25 -10207641357040.6 8477.9628155769 -79478.0510197767 3181383861.20615
220903200 1087670325206.33 -10458448869654.2 8477.56139096026 -79474.1899196055 3181383861.20161
224058960 1114422865535.11 -10709244486460.7 8477.1785400695 -79470.5097396859 3181383861.19769
227214720 1141174225312.76 -10960028758473.3 8476.81300236639 -79466.998047504 3181383861.19428
230370480 1167924457334.92 -11210802199263.6 8476.46362888834 -79463.6435246426 3181383861.1913
233526240 1194673610931.38 -11461565288280.2 8476.12937016807 -79460.4358446799 3181383861.18871
236682000 1221421732262.97 -11712318473807.4 8475.80926568976 -79457.3655668061 3181383861.18643
239837760 1248168864587.43 -11963062175610.1 8475.50243465847 -79454.4240428465 3181383861.18443
242993520 1274915048497.95 -12213796787303.9 8475.20806789573 -79451.6033357609 3181383861.18266
246149280 1301660322137.62 -12464522678483.8 8474.92542070425 -79448.8961479979 3181383861.1811
249305040 1328404721392.82 -12715240196640.2 8474.65380656921 -79446.2957583429 3181383861.17972
252460800 1355148280067.85 -12965949668888.3 8474.39259158381 -79443.7959661064 3181383861.1785
255616560 1381891030042.95 -13216651403530.9 8474.14118950374 -79441.3910416767 3181383861.1774
258772320 1408633001417.72 -13467345691474.3 8473.89905734942 -79439.0756826048 3181383861.17643
261928080 1435374222641.26 -13718032807513.7 8473.66569148631 -79436.8449745137 3181383861.17556
265083840 1462114720630.78 -13968713011501.8 8473.44062412393 -79434.6943562243 3181383861.17478
268239600 1488854520879.61 -14219386549412.9 8473.22342018214 -79432.6195885763 3181383861.17408
271395360 1515593647556 -14470053654314.6 8473.01367448068 -79430.616726495 3181383861.17345
274551120 1542332123593.32 -14720714547255.7 8472.8110092135 -79428.6820939179 3181383861.17288
277706880 1569069970772.89 -14971369438078.4 8472.61507167501 -79426.8122612427 3181383861.17237
280862640 1595807209799.83 -15222018526164.2 8472.4255322092 -79425.0040250083 3181383861.1719
284018400 1622543860372.87 -15472662001117.3 8472.2420823567 -79423.2543895528 3181383861.17148
287174160 1649279941248.53 -15723300043394.5 8472.06443317776 -79421.5605504297 3181383861.1711
290329920 1676015470300.27 -15973932824884 8471.89231373197 -79419.9198793864 3181383861.17076
293485680 1702750464573.13 -16224560509439.9 8471.72546969794 -79418.3299107383 3181383861.17044
296641440 1729484940334.1 -16475183253375.3 8471.5636621181 -79416.7883289874 3181383861.17015
299797200 1756218913118.82 -16725801205918 8471.40666625557 -79415.2929575567 3181383861.16989
302952960 1782952397774.77 -16976414509632.8 8471.2542705516 -79413.8417485231 3181383861.16965
306108720 1809685408501.32 -17227023300812.3 8471.10627567346 -79412.4327732479 3181383861.16944
309264480 1836417958886.93 -17477627709839.6 8470.96249364368 -79411.0642138149 3181383861.16923
312420240 1863150061943.72 -17728227861525.1 8470.82274704265 -79409.7343551953 3181383861.16905
315576000 1889881730139.59 -17978823875419.9 8470.68686827758 -79408.4415780686 3181383861.16888
318731760 1916612975428.2 -18229415866107.4 8470.55469891126 -79407.1843522373 3181383861.16873
321887520 1943343809276.83 -18480003943474.2 8470.42608904524 -79405.9612305769 3181383861.16858
325043280 1970074242692.42 -18730588212964.3 8470.30089675209 -79404.7708434729 3181383861.16845
328199040 1996804286245.94 -18981168775814.8 8470.17898755246 -79403.6118936991 3181383861.16833
331354800 2023533950095.07 -19231745729277 8470.06023393274 -79402.4831516964 3181383861.16822
334510560 2050263244005.49 -19482319166823.2 8469.94451489975 -79401.3834512163 3181383861.16811
337666320 2076992177370.79 -19732889178339.5 8469.83171556916 -79400.3116852976 3181383861.16802
340822080 2103720759231.17 -19983455850307.8 8469.72172678467 -79399.2668025451 3181383861.16793
343977840 2130448998290.91 -20234019265974.8 8469.61444476539 -79398.2478036856 3181383861.16785
347133600 2157176902934.83 -20484579505511.8 8469.50977077889 -79397.2537383772 3181383861.16777
350289360 2183904481243.75 -20735136646164.5 8469.40761083789 -79396.2837022497 3181383861.1677
353445120 2210631741009 -20985690762393.4 8469.30787541851 -79395.3368341575 3181383861.16763
356600880 2237358689746.09 -21236241926006.2 8469.21047919839 -79394.4123136273 3181383861.16757
359756640 2264085334707.57 -21486790206282.6 8469.11534081305 -79393.5093584846 3181383861.16751
362912400 2290811682895.18 -21737335670091.2 8469.02238262894 -79392.6272226441 3181383861.16746
366068160 2317537741071.27 -21987878382000.6 8468.93153053206 -79391.7651940518 3181383861.16741
369223920 2344263515769.6 -22238418404383.4 8468.84271373063 -79390.9225927661 3181383861.16736
372379680 2370989013305.51 -22488955797514.7 8468.75586457103 -79390.0987691676 3181383861.16732
375535440 2397714239785.59 -22739490619665.2 8468.67091836579 -79389.2931022868 3181383861.16728
378691200 2424439201116.74 -22990022927189.2 8468.58781323275 -79388.5049982422 3181383861.16724
381846960 2451163903014.81 -23240552774607.6 8468.5064899446 -79387.7338887782 3181383861.1672
385002720 2477888351012.75 -23491080214686.6 8468.42689178799 -79386.9792298979 3181383861.16717
388158480 2504612550468.32 -23741605298512.4 8468.34896443158 -79386.2405005823 3181383861.16714
391314240 2531336506571.42 -23992128075561.4 8468.27265580219 -79385.5172015888 3181383861.16711
394470000 2558060224351.02 -24242648593767.7 8468.19791596872 -79384.8088543258 3181383861.16708
397625760 2584783708681.79 -24493166899586 8468.1246970331 -79384.1149997952 3181383861.16706
400781520 2611506964290.27 -24743683038052.4 8468.05295302783 -79383.4351976001 3181383861.16703
403937280 2638229995760.89 -24994197052840.9 8467.98263981969 -79382.7690250114 3181383861.16701
407093040 2664952807541.57 -25244708986318.6 8467.91371501915 -79382.1160760909 3181383861.16699
410248800 2691675403949.09 -25495218879596.8 8467.84613789504 -79381.4759608653 3181383861.16697
413404560 2718397789174.21 -25745726772580.3 8467.77986929425 -79380.8483045492 3181383861.16695
416560320 2745119967286.53 -25996232704014.1 8467.71487156607 -79380.2327468124 3181383861.16693
419716080 2771841942239.09 -26246736711528.1 8467.65110849073 -79379.6289410899 3181383861.16691
422871840 2798563717872.82 -26497238831679.2 8467.58854521209 -79379.0365539304 3181383861.1669
426027600 2825285297920.71 -26747739099992.2 8467.52714817407 -79378.455264382 3181383861.16688
429183360 2852006686011.81 -26998237550997.7 8467.46688506055 -79377.8847634117 3181383861.16687
432339120 2878727885675.1 -27248734218269.3 8467.40772473866 -79377.3247533573 3181383861.16685
435494880 2905448900343.1 -27499229134458.5 8467.34963720506 -79376.7749474087 3181383861.16684
438650640 2932169733355.33 -27749722331328 8467.29259353522 -79376.2350691184 3181383861.16683
441806400 2958890387961.72 -28000213839784.2 8467.23656583531 -79375.704851937 3181383861.16681
444962160 2985610867325.71 -28250703689907 8467.18152719672 -79375.1840387746 3181383861.1668
448117920 3012331174527.31 -28501191910979.6 8467.12745165294 -79374.6723815842 3181383861.16679
451273680 3039051312566.06 -28751678531516 8467.07431413865 -79374.1696409681 3181383861.16678
454429440 3065771284363.72 -29002163579288 8467.022090451 -79373.6755858039 3181383861.16677
457585200 3092491092767.03 -29252647081350.6 8466.97075721279 -79373.1899928895 3181383861.16677
460740960 3119210740550.17 -29503129064066.4 8466.92029183757 -79372.7126466076 3181383861.16676
463896720 3145930230417.29 -29753609553129.2 8466.8706724965 -79372.2433386052 3181383861.16675
467052480 3172649565004.78 -30004088573586.4 8466.8218780868 -79371.7818674909 3181383861.16674
470208240 3199368746883.54 -30254566149860.2 8466.77388820186 -79371.3280385463 3181383861.16673
473364000 3226087778561.15 -30505042305768.8 8466.72668310272 -79370.8816634515 3181383861.16673
476519760 3252806662483.89 -30755517064545.7 8466.68024369101 -79370.442560025 3181383861.16672
479675520 3279525401038.78 -31005990448858.8 8466.63455148317 -79370.0105519753 3181383861.16671
482831280 3306243996555.42 -31256462480828.7 8466.58958858589 -79369.5854686644 3181383861.16671
485987040 3332962451307.86 -31506933182046.2 8466.54533767275 -79369.1671448835 3181383861.1667
489142800 3359680767516.33 -31757402573588.9 8466.50178196191 -79368.7554206386 3181383861.1667
492298560 3386398947348.92 -32007870676037.6 8466.45890519493 -79368.3501409461 3181383861.16669
495454320 3413116992923.24 -32258337509491.5 8466.41669161647 -79367.9511556383 3181383861.16669
498610080 3439834906307.93 -32508803093583.3 8466.37512595503 -79367.5583191779 3181383861.16668
501765840 3466552689524.17 -32759267447493.7 8466.33419340447 -79367.1714904806 3181383861.16668
504921600 3493270344547.14 -33009730589964.5 8466.29387960642 -79366.7905327464 3181383861.16667
508077360 3519987873307.4 -33260192539312.9 8466.25417063352 -79366.4153132978 3181383861.16667
511233120 3546705277692.18 -33510653313443.4 8466.21505297332 -79366.0457034259 3181383861.16667
514388880 3573422559546.74 -33761112929860.3 8466.17651351297 -79365.681578243 3181383861.16666
517544640 3600139720675.56 -34011571405679.9 8466.13853952454 -79365.3228165421 3181383861.16666
520700400 3626856762843.54 -34262028757641.4 8466.10111865099 -79364.9693006617 3181383861.16665
523856160 3653573687777.14 -34512485002118.3 8466.0642388928 -79364.6209163577 3181383861.16665
527011920 3680290497165.53 -34762940155128.6 8466.02788859507 -79364.2775526796 3181383861.16665
530167680 3707007192661.59 -35013394232345.4 8465.99205643529 -79363.9391018534 3181383861.16665
533323440 3733723775883.01 -35263847249106.4 8465.95673141153 -79363.6054591679 3181383861.16664
536479200 3760440248413.24 -35514299220423.6 8465.92190283121 -79363.2765228674 3181383861.16664
539634960 3787156611802.44 -35764750160992.5 8465.88756030028 -79362.9521940475 3181383861.16664
542790720 3813872867568.47 -36015200085200.8 8465.85369371286 -79362.6323765564 3181383861.16663
545946480 3840589017197.69 -36265649007136.9 8465.82029324136 -79362.3169768995 3181383861.16663
549102240 3867305062145.92 -36516096940598.3 8465.78734932693 -79362.0059041484 3181383861.16663
552258000 3894021003839.18 -36766543899099.5 8465.75485267035 -79361.6990698533 3181383861.16663
555413760 3920736843674.59 -37016989895879.6 8465.72279422329 -79361.3963879591 3181383861.16663
558569520 3947452583021.07 -37267434943909.8 8465.69116517986 -79361.0977747253 3181383861.16662
561725280 3974168223220.12 -37517879055900.8 8465.65995696859 -79360.803148648 3181383861.16662
564881040 4000883765586.57 -37768322244309.2 8465.62916124465 -79360.5124303862 3181383861.16662
568036800 4027599211409.25 -38018764521344.8 8465.59876988243 -79360.2255426905 3181383861.16662
571192560 4054314561951.68 -38269205898976.6 8465.56877496836 -79359.9424103345 3181383861.16662
574348320 4081029818452.75 -38519646388939.6 8465.53916879407 -79359.6629600489 3181383861.16662
577504080 4107744982127.32 -38770086002740.3 8465.50994384975 -79359.3871204584 3181383861.16661
580659840 4134460054166.87 -39020524751663 8465.48109281783 -79359.114822021 3181383861.16661
583815600 4161175035740.08 -39270962646775.4 8465.45260856683 -79358.8459969693 3181383861.16661
586971360 4187889927993.4 -39521399698934 8465.42448414552 -79358.5805792543 3181383861.16661
590127120 4214604732051.63 -39771835918789.5 8465.39671277722 -79358.3185044914 3181383861.16661
593282880 4241319449018.45 -40022271316791.9 8465.36928785439 -79358.0597099079 3181383861.16661
596438640 4268034079976.96 -40272705903195.8 8465.34220293336 -79357.8041342935 3181383861.1666
599594400 4294748625990.15 -40523139688064.8 8465.3154517293 -79357.5517179515 3181383861.1666
602750160 4321463088101.44 -40773572681276.6 8465.28902811135 -79357.3024026524 3181383861.1666
605905920 4348177467335.15 -41024004892527.4 8465.26292609792 -79357.0561315892 3181383861.1666
609061680 4374891764696.92 -41274436331336.2 8465.2371398522 -79356.812849334 3181383861.1666
612217440 4401605981174.23 -41524867007049.3 8465.21166367776 -79356.5725017969 3181383861.1666
615373200 4428320117736.78 -41775296928844.3 8465.18649201442 -79356.3350361851 3181383861.1666
618528960 4455034175336.92 -42025726105734.2 8465.16161943413 -79356.1004009649 3181383861.1666
621684720 4481748154910.1 -42276154546571.3 8465.13704063714 -79355.8685458242 3181383861.16659
624840480 4508462057375.23 -42526582260051.2 8465.11275044817 -79355.6394216362 3181383861.16659
627996240 4535175883635.08 -42777009254716 8465.08874381279 -79355.4129804253 3181383861.16659
631152000 4561889634576.65 -43027435538958.3 8465.06501579396 -79355.1891753329 3181383861.16659
634307760 4588603311071.56 -43277861121024.7 8465.04156156857 -79354.9679605855 3181383861.16659
637463520 4615316913976.37 -43528286009018.7 8465.01837642421 -79354.7492914636 3181383861.16659
640619280 4642030444132.94 -43778710210904.5 8464.99545575604 -79354.5331242711 3181383861.16659
643775040 4668743902368.75 -44029133734510 8464.97279506368 -79354.3194163063 3181383861.16659
646930800 4695457289497.28 -44279556587529.9 8464.95038994828 -79354.108125834 3181383861.16659
650086560 4722170606318.24 -44529978777528.5 8464.92823610972 -79353.8992120583 3181383861.16659
653242320 4748883853617.95 -44780400311942.9 8464.90632934378 -79353.6926350959 3181383861.16659
656398080 4775597032169.59 -45030821198085.8 8464.88466553956 -79353.4883559512 3181383861.16659
659553840 4802310142733.54 -45281241443148.2 8464.86324067682 -79353.2863364915 3181383861.16658
662709600 4829023186057.59 -45531661054202 8464.84205082358 -79353.0865394234 3181383861.16658
665865360 4855736162877.31 -45782080038202.9 8464.82109213365 -79352.8889282696 3181383861.16658
669021120 4882449073916.22 -46032498401992.4 8464.80036084432 -79352.6934673469 3181383861.16658
672176880 4909161919886.12 -46282916152301 8464.77985327412 -79352.5001217447 3181383861.16658
675332640 4935874701487.3 -46533333295750 8464.75956582062 -79352.308857304 3181383861.16658
678488400 4962587419408.82 -46783749838854.1 8464.73949495834 -79352.1196405977 3181383861.16658
681644160 4989300074328.72 -47034165788023.6 8464.71963723668 -79351.9324389105 3181383861.16658
684799920 5016012666914.28 -47284581149566.9 8464.69998927798 -79351.7472202206 3181383861.16658
687955680 5042725197822.22 -47534995929692 8464.68054777555 -79351.5639531811 3181383861.16658
691111440 5069437667698.95 -47785410134509.3 8464.66130949188 -79351.3826071025 3181383861.16658
694267200 5096150077180.74 -48035823770033.4 8464.64227125677 -79351.2031519353 3181383861.16658
697422960 5122862426894 -48286236842184.9 8464.62342996565 -79351.0255582538 3181383861.16658
700578720 5149574717455.41 -48536649356792.6 8464.60478257787 -79350.8497972396 3181383861.16658
703734480 5176286949472.17 -48787061319595.3 8464.58632611504 -79350.6758406661 3181383861.16658
706890240 5202999123542.17 -49037472736243.5 8464.56805765946 -79350.5036608837 3181383861.16658
710046000 5229711240254.2 -49287883612301.6 8464.54997435262 -79350.3332308047 3181383861.16658
713201760 5256423300188.11 -49538293953249 8464.53207339363 -79350.1645238894 3181383861.16658
716357520 5283135303915 -49788703764482.6 8464.51435203785 -79349.9975141321 3181383861.16658
719513280 5309847251997.38 -50039113051317.9 8464.49680759542 -79349.8321760478 3181383861.16658
722669040 5336559144989.39 -50289521818990.6 8464.47943742997 -79349.6684846594 3181383861.16657
725824800 5363270983436.92 -50539930072658.6 8464.46223895723 -79349.506415485 3181383861.16657
728980560 5389982767877.76 -50790337817403.2 8464.44520964379 -79349.3459445254 3181383861.16657
732136320 5416694498841.81 -51040745058230.8 8464.42834700584 -79349.1870482528 3181383861.16657
735292080 5443406176851.22 -51291151800074.1 8464.41164860796 -79349.0297035989 3181383861.16657
738447840 5470117802420.49 -51541558047794 8464.39511206196 -79348.8738879439 3181383861.16657
741603600 5496829376056.69 -51791963806180.4 8464.37873502574 -79348.7195791053 3181383861.16657
744759360 5523540898259.55 -52042369079954.1 8464.36251520215 -79348.5667553281 3181383861.16657
747915120 5550252369521.64 -52292773873767.7 8464.34645033796 -79348.4153952738 3181383861.16657
751070880 5576963790328.47 -52543178192207.3 8464.33053822281 -79348.2654780111 3181383861.16657
754226640 5603675161158.64 -52793582039793.6 8464.31477668817 -79348.1169830056 3181383861.16657
757382400 5630386482483.99 -53043985420982.8 8464.29916360635 -79347.9698901109 3181383861.16657
760538160 5657097754769.69 -53294388340168.5 8464.2836968896 -79347.8241795595 3181383861.16657
763693920 5683808978474.39 -53544790801682.3 8464.26837448911 -79347.6798319536 3181383861.16657
766849680 5710520154050.34 -53795192809795.1 8464.25319439414 -79347.5368282568 3181383861.16657
770005440 5737231281943.49 -54045594368718.6 8464.23815463114 -79347.3951497855 3181383861.16657
773161200 5763942362593.63 -54295995482605.6 8464.22325326289 -79347.2547782009 3181383861.16657
776316960 5790653396434.5 -54546396155552.1 8464.20848838766 -79347.115695501 3181383861.16657
779472720 5817364383893.88 -54796796391597.3 8464.19385813841 -79346.9778840132 3181383861.16657
782628480 5844075325393.7 -55047196194725.5 8464.17936068199 -79346.8413263861 3181383861.16657
785784240 5870786221350.2 -55297595568866.6 8464.16499421841 -79346.7060055832 3181383861.16657
788940000 5897497072173.95 -55547994517897.3 8464.15075698005 -79346.5719048748 3181383861.16657
792095760 5924207878270 -55798393045641.8 8464.13664723094 -79346.4390078319 3181383861.16657
795251520 5950918640037.99 -56048791155873.2 8464.1226632661 -79346.3072983191 3181383861.16657
798407280 5977629357872.21 -56299188852313.8 8464.1088034108 -79346.176760488 3181383861.16657
801563040 6004340032161.72 -56549586138636.7 8464.09506601991 -79346.0473787713 3181383861.16657
804718800 6031050663290.42 -56799983018465.9 8464.08144947725 -79345.919137876 3181383861.16657
807874560 6057761251637.17 -57050379495378 8464.06795219498 -79345.7920227778 3181383861.16657
811030320 6084471797575.87 -57300775572902.2 8464.05457261292 -79345.6660187149 3181383861.16657
814186080 6111182301475.51 -57551171254521.9 8464.04130919803 -79345.5411111828 3181383861.16657
817341840 6137892763700.31 -57801566543674.8 8464.02816044374 -79345.4172859282 3181383861.16657
820497600 6164603184609.77 -58051961443754.1 8464.01512486945 -79345.2945289439 3181383861.16657
823653360 6191313564558.75 -58302355958109.3 8464.00220101993 -79345.1728264631 3181383861.16657
826809120 6218023903897.57 -58552750090046.8 8463.9893874648 -79345.0521649549 3181383861.16657
829964880 6244734202972.06 -58803143842830.5 8463.976682798 -79344.9325311189 3181383861.16657
833120640 6271444462123.67 -59053537219682.9 8463.96408563726 -79344.8139118801 3181383861.16657
836276400 6298154681689.5 -59303930223785.3 8463.95159462361 -79344.6962943846 3181383861.16657
839432160 6324864862002.42 -59554322858279.2 8463.9392084209 -79344.5796659947 3181383861.16657
842587920 6351575003391.1 -59804715126266.2 8463.92692571531 -79344.4640142843 3181383861.16657
845743680 6378285106180.12 -60055107030809.2 8463.91474521488 -79344.3493270348 3181383861.16657
848899440 6404995170689.99 -60305498574932.7 8463.90266564908 -79344.2355922303 3181383861.16657
852055200 6431705197237.28 -60555889761623.7 8463.89068576834 -79344.1227980539 3181383861.16656
855210960 6458415186134.6 -60806280593832.3 8463.87880434364 -79344.0109328834 3181383861.16656
858366720 6485125137690.76 -61056671074472 8463.86702016609 -79343.8999852872 3181383861.16656
861522480 6511835052210.76 -61307061206420.8 8463.8553320465 -79343.7899440205 3181383861.16656
864678240 6538544929995.89 -61557450992521.3 8463.843738815 -79343.6807980216 3181383861.16656
867834000 6565254771343.77 -61807840435581.4 8463.83223932063 -79343.5725364081 3181383861.16656
870989760 6591964576548.42 -62058229538375.3 8463.82083243098 -79343.4651484731 3181383861.16656
874145520 6618674345900.32 -62308618303643.3 8463.80951703181 -79343.3586236821 3181383861.16656
877301280 6645384079686.45 -62559006734092.9 8463.79829202669 -79343.2529516691 3181383861.16656
880457040 6672093778190.36 -62809394832399.1 8463.78715633663 -79343.1481222335 3181383861.16656
883612800 6698803441692.24 -63059782601205.1 8463.77610889974 -79343.0441253368 3181383861.16656
886768560 6725513070468.94 -63310170043122.4 8463.76514867092 -79342.9409510994 3181383861.16656
889924320 6752222664794.04 -63560557160731.9 8463.7542746215 -79342.8385897972 3181383861.16656
893080080 6778932224937.89 -63810943956583.8 8463.74348573891 -79342.737031859 3181383861.16656
896235840 6805641751167.69 -64061330433198.4 8463.7327810264 -79342.6362678631 3181383861.16656
899391600 6832351243747.5 -64311716593066.5 8463.72215950272 -79342.5362885346 3181383861.16657
902547360 6859060702938.32 -64562102438650 8463.71162020179 -79342.4370847427 3181383861.16656
905703120 6885770128998.12 -64812487972381.9 8463.70116217245 -79342.3386474975 3181383861.16656
908858880 6912479522181.9 -65062873196667.5 8463.69078447815 -79342.2409679476 3181383861.16656
912014640 6939188882741.71 -65313258113883.8 8463.68048619669 -79342.1440373774 3181383861.16657
915170400 6965898210926.72 -65563642726381.1 8463.67026641991 -79342.0478472045 3181383861.16656
918326160 6992607506983.26 -65814027036482.4 8463.66012425346 -79341.952388977 3181383861.16657
921481920 7019316771154.86 -66064411046484.3 8463.65005881652 -79341.8576543714 3181383861.16656
924637680 7046026003682.29 -66314794758657.6 8463.64006924155 -79341.7636351895 3181383861.16656
927793440 7072735204803.58 -66565178175247.2 8463.63015467404 -79341.6703233571 3181383861.16656
930949200 7099444374754.13 -66815561298472.6 8463.62031427228 -79341.5777109205 3181383861.16656
934104960 7126153513766.66 -67065944130528.7 8463.61054720707 -79341.4857900451 3181383861.16656
937260720 7152862622071.32 -67316326673585.5 8463.60085266158 -79341.3945530129 3181383861.16656
940416480 7179571699895.69 -67566708929789.2 8463.59122983102 -79341.3039922201 3181383861.16656
943572240 7206280747464.83 -67817090901262 8463.58167792249 -79341.2141001755 3181383861.16656
946728000 7232989765001.32 -68067472590102.5 8463.57219615472 -79341.124869498 3181383861.16656
949883760 7259698752725.28 -68317853998386.4 8463.5627837579 -79341.0362929147 3181383861.16656
953039520 7286407710854.43 -68568235128166.5 8463.55343997342 -79340.9483632591 3181383861.16657
956195280 7313116639604.13 -68818615981473.1 8463.5441640537 -79340.8610734689 3181383861.16657
959351040 7339825539187.35 -69068996560314.6 8463.53495526199 -79340.7744165843 3181383861.16657
962506800 7366534409814.81 -69319376866677.4 8463.52581287214 -79340.688385746 3181383861.16657
965662560 7393243251694.91 -69569756902526.5 8463.51673616848 -79340.6029741934 3181383861.16657
968818320 7419952065033.83 -69820136669805.5 8463.50772444555 -79340.5181752632 3181383861.16657
971974080 7446660850035.53 -70070516170437.5 8463.49877700797 -79340.4339823871 3181383861.16656
975129840 7473369606901.79 -70320895406324.8 8463.48989317025 -79340.3503890905 3181383861.16656
978285600 7500078335832.26 -70571274379349.3 8463.48107225662 -79340.2673889905 3181383861.16656
981441360 7526787037024.45 -70821653091373.1 8463.47231360083 -79340.1849757947 3181383861.16657
984597120 7553495710673.79 -71072031544238.5 8463.46361654601 -79340.1031432994 3181383861.16657
987752880 7580204356973.67 -71322409739768.5 8463.45498044452 -79340.0218853879 3181383861.16656
990908640 7606912976115.42 -71572787679766.7 8463.44640465774 -79339.9411960291 3181383861.16657
994064400 7633621568288.38 -71823165366017.9 8463.43788855595 -79339.8610692762 3181383861.16657
997220160 7660330133679.92 -72073542800288.3 8463.42943151817 -79339.7814992649 3181383861.16657
1000375920 7687038672475.48 -72323919984325.7 8463.42103293201 -79339.7024802121 3181383861.16657
1003531680 7713747184858.55 -72574296919859.8 8463.4126921935 -79339.6240064146 3181383861.16657
1006687440 7740455671010.74 -72824673608602.3 8463.40440870698 -79339.5460722477 3181383861.16657
1009843200 7767164131111.79 -73075050052247.5 8463.39618188494 -79339.4686721636 3181383861.16657
1012998960 7793872565339.62 -73325426252472.1 8463.38801114786 -79339.3918006906 3181383861.16656
1016154720 7820580973870.31 -73575802210935.8 8463.37989592413 -79339.3154524313 3181383861.16656
1019310480 7847289356878.15 -73826177929281.2 8463.37183564985 -79339.2396220614 3181383861.16657
1022466240 7873997714535.67 -74076553409134.5 8463.36382976875 -79339.164304329 3181383861.16656
1025622000 7900706047013.65 -74326928652105.1 8463.35587773204 -79339.0894940526 3181383861.16657
1028777760 7927414354481.16 -74577303659786.4 8463.34797899829 -79339.0151861204 3181383861.16656
1031933520 7954122637105.57 -74827678433755.7 8463.34013303331 -79338.9413754892 3181383861.16657
1035089280 7980830895052.56 -75078052975574.5 8463.33233931 -79338.8680571829 3181383861.16657
1038245040 8007539128486.17 -75328427286788.7 8463.32459730829 -79338.7952262917 3181383861.16657
1041400800 8034247337568.83 -75578801368928.8 8463.31690651497 -79338.7228779706 3181383861.16657
1044556560 8060955522461.32 -75829175223510 8463.30926642361 -79338.6510074391 3181383861.16657
1047712320 8087663683322.85 -76079548852032.8 8463.30167653443 -79338.5796099791 3181383861.16657
1050868080 8114371820311.09 -76329922255982.7 8463.29413635419 -79338.5086809349 3181383861.16657
1054023840 8141079933582.11 -76580295436830.6 8463.2866453961 -79338.4382157113 3181383861.16657
1057179600 8167788023290.51 -76830668396033.1 8463.27920317971 -79338.3682097733 3181383861.16657
1060335360 8194496089589.34 -77081041135032.4 8463.2718092308 -79338.2986586446 3181383861.16657
1063491120 8221204132630.19 -77331413655256.9 8463.26446308127 -79338.2295579071 3181383861.16657
1066646880 8247912152563.16 -77581785958120.9 8463.25716426907 -79338.1609031996 3181383861.16657
1069802640 8274620149536.93 -77832158045025.3 8463.24991233807 -79338.0926902171 3181383861.16657
1072958400 8301328123698.72 -78082529917357.3 8463.24270683801 -79338.0249147097 3181383861.16657
1076114160 8328036075194.37 -78332901576490.8 8463.23554732435 -79337.9575724821 3181383861.16657
1079269920 8354744004168.28 -78583273023786.6 8463.22843335821 -79337.8906593923 3181383861.16657
1082425680 8381451910763.53 -78833644260592.5 8463.22136450629 -79337.8241713509 3181383861.16657
1085581440 8408159795121.8 -79084015288243.4 8463.21434034077 -79337.7581043204 3181383861.16657
1088737200 8434867657383.44 -79334386108061.7 8463.2073604392 -79337.6924543141 3181383861.16657
1091892960 8461575497687.48 -79584756721357.2 8463.20042438447 -79337.6272173958 3181383861.16657
1095048720 8488283316171.64 -79835127129427.3 8463.19353176467 -79337.5623896784 3181383861.16656
1098204480 8514991112972.35 -80085497333557.3 8463.18668217304 -79337.4979673235 3181383861.16656
1101360240 8541698888224.75 -80335867335020.4 8463.17987520789 -79337.4339465407 3181383861.16656
1104516000 8568406642062.74 -80586237135078 8463.17311047251 -79337.3703235864 3181383861.16656
1107671760 8595114374618.97 -80836606734979.8 8463.16638757511 -79337.3070947637 3181383861.16656
1110827520 8621822086024.85 -81086976135963.5 8463.1597061287 -79337.2442564212 3181383861.16656
1113983280 8648529776410.59 -81337345339256 8463.15306575108 -79337.1818049526 3181383861.16656
1117139040 8675237445905.2 -81587714346072.4 8463.14646606473 -79337.1197367957 3181383861.16656
1120294800 8701945094636.5 -81838083157616.7 8463.13990669672 -79337.0580484321 3181383861.16656
1123450560 8728652722731.14 -82088451775082.1 8463.13338727869 -79336.9967363861 3181383861.16656
1126606320 8755360330314.62 -82338820199650.6 8463.12690744675 -79336.9357972244 3181383861.16656
1129762080 8782067917511.29 -82589188432493.6 8463.1204668414 -79336.8752275555 3181383861.16656
1132917840 8808775484444.39 -82839556474771.9 8463.11406510749 -79336.8150240287 3181383861.16656
1136073600 8835483031236.02 -83089924327635.8 8463.10770189415 -79336.7551833336 3181383861.16656
1139229360 8862190558007.2 -83340291992224.9 8463.10137685471 -79336.6957021999 3181383861.16656
1142385120 8888898064877.86 -83590659469668.9 8463.09508964667 -79336.6365773963 3181383861.16656
1145540880 8915605551966.85 -83841026761087.3 8463.08883993158 -79336.5778057302 3181383861.16656
1148696640 8942313019391.95 -84091393867589.5 8463.08262737504 -79336.5193840468 3181383861.16656
1151852400 8969020467269.92 -84341760790275 8463.07645164661 -79336.461309229 3181383861.16656
1155008160 8995727895716.45 -84592127530233.6 8463.07031241976 -79336.4035781965 3181383861.16656
1158163920 9022435304846.22 -84842494088545.3 8463.0642093718 -79336.3461879055 3181383861.16656
1161319680 9049142694772.9 -85092860466280.7 8463.05814218383 -79336.2891353479 3181383861.16656
1164475440 9075850065609.16 -85343226664501 8463.05211054071 -79336.2324175509 3181383861.16656
1167631200 9102557417466.68 -85593592684257.8 8463.04611413095 -79336.1760315765 3181383861.16656
1170786960 9129264750456.16 -85843958526593.8 8463.04015264672 -79336.1199745212 3181383861.16656
1173942720 9155972064687.34 -86094324192542.3 8463.03422578374 -79336.0642435148 3181383861.16656
1177098480 9182679360268.98 -86344689683128 8463.02833324128 -79336.008835721 3181383861.16656
1180254240 9209386637308.95 -86595054999366.2 8463.02247472206 -79335.9537483357 3181383861.16656
1183410000 9236093895914.12 -86845420142263.8 8463.01664993223 -79335.8989785877 3181383861.16656
1186565760 9262801136190.5 -87095785112818.8 8463.01085858133 -79335.8445237372 3181383861.16656
1189721520 9289508358243.15 -87346149912020.7 8463.00510038219 -79335.7903810761 3181383861.16656
1192877280 9316215562176.24 -87596514540850.4 8462.99937505097 -79335.7365479273 3181383861.16656
1196033040 9342922748093.05 -87846879000280.4 8462.99368230701 -79335.6830216439 3181383861.16656
1199188800 9369629916095.98 -88097243291275.2 8462.98802187288 -79335.6297996095 3181383861.16656
1202344560 9396337066286.56 -88347607414790.6 8462.98239347425 -79335.5768792371 3181383861.16656
1205500320 9423044198765.45 -88597971371774.6 8462.97679683992 -79335.524257969 3181383861.16656
1208656080 9449751313632.48 -88848335163167.2 8462.97123170173 -79335.4719332764 3181383861.16656
1211811840 9476458410986.62 -89098698789900.3 8462.96569779452 -79335.4199026589 3181383861.16656
1214967600 9503165490926 -89349062252898 8462.96019485612 -79335.3681636441 3181383861.16656
1218123360 9529872553547.96 -89599425553076.7 8462.95472262727 -79335.3167137872 3181383861.16656
1221279120 9556579598948.99 -89849788691345 8462.9492808516 -79335.2655506708 3181383861.16656
1224434880 9583286627224.8 -90100151668604.1 8462.94386927559 -79335.2146719043 3181383861.16656
1227590640 9609993638470.3 -90350514485747.7 8462.93848764852 -79335.1640751234 3181383861.16656
1230746400 9636700632779.61 -90600877143661.7 8462.93313572245 -79335.1137579903 3181383861.16656
1233902160 9663407610246.06 -90851239643225.2 8462.92781325214 -79335.0637181928 3181383861.16656
1237057920 9690114570962.24 -91101601985309.7 8462.92251999508 -79335.013953444 3181383861.16656
1240213680 9716821515019.94 -91351964170779.6 8462.91725571139 -79334.9644614823 3181383861.16656
1243369440 9743528442510.23 -91602326200492.2 8462.91202016383 -79334.9152400708 3181383861.16656
1246525200 9770235353523.43 -91852688075297.9 8462.90681311771 -79334.8662869967 3181383861.16656
1249680960 9796942248149.1 -92103049796039.9 8462.90163434093 -79334.8176000716 3181383861.16656
1252836720 9823649126476.1 -92353411363554.8 8462.89648360386 -79334.7691771307 3181383861.16656
1255992480 9850355988592.55 -92603772778672.2 8462.8913606794 -79334.7210160327 3181383861.16656
1259148240 9877062834585.87 -92854134042215.1 8462.88626534285 -79334.6731146593 3181383861.16656
1262304000 9903769664542.77 -93104495154999.8 8462.88119737195 -79334.625470915 3181383861.16656
1265459760 9930476478549.26 -93354856117836.1 8462.87615654681 -79334.5780827267 3181383861.16656
1268615520 9957183276690.67 -93605216931527.2 8462.8711426499 -79334.5309480438 3181383861.16656
1271771280 9983890059051.62 -93855577596869.8 8462.866155466 -79334.4840648372 3181383861.16656
1274927040 10010596825716.1 -94105938114654.5 8462.86119478218 -79334.4374310996 3181383861.16656
1278082800 10037303576767.4 -94356298485665.3 8462.85626038777 -79334.391044845 3181383861.16656
1281238560 10064010312288.1 -94606658710680.1 8462.85135207432 -79334.3449041084 3181383861.16656
1284394320 10090717032360.2 -94857018790470.7 8462.84646963558 -79334.2990069456 3181383861.16656
1287550080 10117423737065.1 -95107378725802.7 8462.84161286748 -79334.2533514327 3181383861.16656
1290705840 10144130426483.5 -95357738517435.5 8462.83678156807 -79334.2079356663 3181383861.16656
1293861600 10170837100695.3 -95608098166123 8462.83197553754 -79334.1627577626 3181383861.16656
1297017360 10197543759780.1 -95858457672612.7 8462.82719457813 -79334.1178158577 3181383861.16656
1300173120 10224250403816.6 -96108817037646.4 8462.82243849418 -79334.0731081071 3181383861.16656
1303328880 10250957032883.1 -96359176261960.3 8462.81770709202 -79334.0286326856 3181383861.16656
1306484640 10277663647057 -96609535346284.7 8462.81300018002 -79333.9843877865 3181383861.16656
1309640400 10304370246415.5 -96859894291344.2 8462.8083175685 -79333.9403716223 3181383861.16656
1312796160 10331076831034.9 -97110253097857.8 8462.80365906975 -79333.8965824235 3181383861.16656
1315951920 10357783400991 -97360611766539 8462.79902449798 -79333.8530184392 3181383861.16656
1319107680 10384489956359 -97610970298095.8 8462.79441366932 -79333.8096779361 3181383861.16656
1322263440 10411196497213.5 -97861328693230.7 8462.78982640177 -79333.7665591989 3181383861.16656
1325419200 10437903023628.7 -98111686952641 8462.78526251517 -79333.7236605297 3181383861.16656
1328574960 10464609535678 -98362045077018.4 8462.78072183121 -79333.6809802479 3181383861.16656
1331730720 10491316033434.4 -98612403067049.4 8462.77620417339 -79333.6385166899 3181383861.16656
1334886480 10518022516970.2 -98862760923415.5 8462.77170936699 -79333.5962682092 3181383861.16656
1338042240 10544728986357.3 -99113118646792.7 8462.76723723905 -79333.5542331756 3181383861.16656
1341198000 10571435441667.1 -99363476237852 8462.76278761835 -79333.5124099756 3181383861.16656
1344353760 10598141882970.1 -99613833697259.6 8462.75836033541 -79333.4707970118 3181383861.16656
1347509520 10624848310336.8 -99864191025676.3 8462.75395522241 -79333.4293927029 3181383861.16656
1350665280 10651554723836.7 -100114548223758 8462.74957211325 -79333.3881954833 3181383861.16656
1353821040 10678261123539.2 -100364905292156 8462.74521084344 -79333.347203803 3181383861.16656
1356976800 10704967509512.7 -100615262231516 8462.74087125017 -79333.3064161278 3181383861.16656
1360132560 10731673881825.5 -100865619042481 8462.73655317222 -79333.2658309382 3181383861.16656
1363288320 10758380240545.2 -101115975725685 8462.73225644996 -79333.2254467301 3181383861.16656
1366444080 10785086585739 -101366332281762 8462.72798092535 -79333.1852620141 3181383861.16656
1369599840 10811792917473.5 -101616688711338 8462.72372644189 -79333.1452753157 3181383861.16656
1372755600 10838499235814.9 -101867045015037 8462.71949284464 -79333.1054851746 3181383861.16656
1375911360 10865205540828.8 -102117401193475 8462.71527998016 -79333.0658901451 3181383861.16656
1379067120 10891911832580.5 -102367757247268 8462.71108769651 -79333.0264887954 3181383861.16656
1382222880 10918618111134.5 -102618113177022 8462.70691584323 -79332.9872797078 3181383861.16656
1385378640 10945324376555.3 -102868468983344 8462.70276427134 -79332.9482614785 3181383861.16656
1388534400 10972030628906.5 -103118824666833 8462.69863283328 -79332.9094327171 3181383861.16656
1391690160 10998736868251.4 -103369180228085 8462.69452138293 -79332.8707920468 3181383861.16656
1394845920 11025443094652.9 -103619535667691 8462.6904297756 -79332.8323381042 3181383861.16656
1398001680 11052149308173.5 -103869890986238 8462.68635786795 -79332.794069539 3181383861.16656
1401157440 11078855508874.9 -104120246184310 8462.68230551806 -79332.7559850137 3181383861.16656
1404313200 11105561696818.8 -104370601262485 8462.67827258534 -79332.7180832038 3181383861.16656
1407468960 11132267872066.2 -104620956221337 8462.67425893057 -79332.6803627975 3181383861.16656
1410624720 11158974034677.7 -104871311061438 8462.67026441582 -79332.6428224955 3181383861.16656
1413780480 11185680184713.4 -105121665783352 8462.66628890453 -79332.6054610109 3181383861.16656
1416936240 11212386322233.3 -105372020387644 8462.66233226137 -79332.5682770689 3181383861.16656
1420092000 11239092447296.5 -105622374874870 8462.65839435235 -79332.531269407 3181383861.16656
1423247760 11265798559961.9 -105872729245585 8462.6544750447 -79332.4944367744 3181383861.16656
1426403520 11292504660288.2 -106123083500340 8462.65057420694 -79332.4577779324 3181383861.16656
1429559280 11319210748333.4 -106373437639681 8462.6466917088 -79332.4212916536 3181383861.16656
1432715040 11345916824155 -106623791664151 8462.64282742124 -79332.3849767225 3181383861.16656
1435870800 11372622887810.5 -106874145574289 8462.63898121643 -79332.3488319347 3181383861.16656
1439026560 11399328939356.6 -107124499370629 8462.63515296773 -79332.3128560973 3181383861.16656
1442182320 11426034978849.9 -107374853053703 8462.63134254968 -79332.2770480283 3181383861.16656
1445338080 11452741006346.4 -107625206624038 8462.627549838 -79332.2414065569 3181383861.16656
1448493840 11479447021901.8 -107875560082159 8462.62377470954 -79332.205930523 3181383861.16656
1451649600 11506153025571.3 -108125913428586 8462.6200170423 -79332.1706187773 3181383861.16656
1454805360 11532859017410 -108376266663835 8462.61627671542 -79332.1354701813 3181383861.16656
1457961120 11559564997472.3 -108626619788419 8462.61255360912 -79332.1004836066 3181383861.16656
1461116880 11586270965812.3 -108876972802848 8462.60884760475 -79332.0656579357 3181383861.16656
1464272640 11612976922484 -109127325707628 8462.60515858473 -79332.0309920609 3181383861.16656
1467428400 11639682867540.6 -109377678503262 8462.60148643258 -79331.9964848848 3181383861.16656
1470584160 11666388801035.2 -109628031190248 8462.59783103284 -79331.9621353202 3181383861.16656
1473739920 11693094723020.6 -109878383769083 8462.59419227115 -79331.9279422895 3181383861.16656
1476895680 11719800633549 -110128736240258 8462.59057003415 -79331.8939047251 3181383861.16656
1480051440 11746506532672.4 -110379088604263 8462.58696420953 -79331.8600215691 3181383861.16656
1483207200 11773212420442.5 -110629440861583 8462.58337468599 -79331.8262917731 3181383861.16656
1486362960 11799918296910.5 -110879793012700 8462.57980135323 -79331.7927142983 3181383861.16656
1489518720 11826624162127.3 -111130145058094 8462.57624410194 -79331.7592881149 3181383861.16656
1492674480 11853330016143.4 -111380496998240 8462.57270282381 -79331.7260122028 3181383861.16656
1495830240 11880035859009.3 -111630848833612 8462.56917741147 -79331.6928855508 3181383861.16656
1498986000 11906741690774.6 -111881200564677 8462.56566775854 -79331.6599071569 3181383861.16656
1502141760 11933447511489.1 -112131552191904 8462.56217375958 -79331.6270760278 3181383861.16656
1505297520 11960153321201.9 -112381903715754 8462.55869531008 -79331.5943911794 3181383861.16656
1508453280 11986859119962 -112632255136689 8462.55523230647 -79331.5618516361 3181383861.16656
1511609040 12013564907817.9 -112882606455164 8462.55178464608 -79331.5294564311 3181383861.16656
1514764800 12040270684817.8 -113132957671634 8462.54835222717 -79331.497204606 3181383861.16656
1517920560 12066976451009.8 -113383308786550 8462.54493494888 -79331.4650952109 3181383861.16656
1521076320 12093682206441.5 -113633659800361 8462.54153271124 -79331.4331273044 3181383861.16656
1524232080 12120387951160.1 -113884010713510 8462.53814541518 -79331.4012999534 3181383861.16656
1527387840 12147093685212.7 -114134361526440 8462.53477296247 -79331.3696122327 3181383861.16656
1530543600 12173799408645.9 -114384712239591 8462.53141525576 -79331.3380632256 3181383861.16656
1533699360 12200505121506.1 -114635062853398 8462.52807219853 -79331.306652023 3181383861.16656
1536855120 12227210823839.4 -114885413368295 8462.52474369512 -79331.2753777241 3181383861.16656
1540010880 12253916515691.6 -115135763784713 8462.52142965068 -79331.2442394356 3181383861.16656
1543166640 12280622197108.2 -115386114103080 8462.5181299712 -79331.2132362723 3181383861.16656
1546322400 12307327868134.3 -115636464323819 8462.51484456349 -79331.1823673563 3181383861.16656
1549478160 12334033528814.9 -115886814447355 8462.51157333513 -79331.1516318176 3181383861.16656
1552633920 12360739179194.5 -116137164474106 8462.50831619453 -79331.1210287936 3181383861.16656
1555789680 12387444819317.4 -116387514404489 8462.50507305088 -79331.090557429 3181383861.16656
1558945440 12414150449227.8 -116637864238919 8462.50184381414 -79331.0602168759 3181383861.16656
1562101200 12440856068969.2 -116888213977806 8462.49862839504 -79331.0300062939 3181383861.16656
1565256960 12467561678585.3 -117138563621560 8462.49542670508 -79330.9999248494 3181383861.16656
1568412720 12494267278119.1 -117388913170587 8462.49223865652 -79330.9699717162 3181383861.16656
1571568480 12520972867613.7 -117639262625290 8462.48906416235 -79330.940146075 3181383861.16655
1574724240 12547678447111.5 -117889611986071 8462.4859031363 -79330.9104471136 3181383861.16655
1577880000 12574384016655.1 -118139961253327 8462.48275549285 -79330.8808740264 3181383861.16655
1581035760 12601089576286.5 -118390310427456 8462.47962114718 -79330.851426015 3181383861.16655
1584191520 12627795126047.5 -118640659508850 8462.4765000152 -79330.8221022874 3181383861.16655
1587347280 12654500665979.7 -118891008497901 8462.47339201351 -79330.7929020584 3181383861.16655
1590503040 12681206196124.4 -119141357394997 8462.47029705944 -79330.7638245495 3181383861.16655
1593658800 12707911716522.6 -119391706200523 8462.46721507099 -79330.7348689887 3181383861.16656
1596814560 12734617227215.2 -119642054914864 8462.46414596685 -79330.7060346102 3181383861.16656
1599970320 12761322728242.6 -119892403538402 8462.46108966638 -79330.6773206549 3181383861.16655
1603126080 12788028219645.2 -120142752071513 8462.45804608963 -79330.64872637 3181383861.16656
1606281840 12814733701463 -120393100514576 8462.45501515731 -79330.6202510089 3181383861.16656
1609437600 12841439173735.7 -120643448867964 8462.45199679077 -79330.591893831 3181383861.16656
1612593360 12868144636502.9 -120893797132049 8462.44899091203 -79330.5636541023 3181383861.16656
1615749120 12894850089803.9 -121144145307201 8462.44599744375 -79330.5355310943 3181383861.16656
1618904880 12921555533677.7 -121394493393787 8462.44301630922 -79330.507524085 3181383861.16656
1622060640 12948260968163.1 -121644841392171 8462.44004743237 -79330.4796323581 3181383861.16655
1625216400 12974966393298.6 -121895189302716 8462.43709073775 -79330.4518552033 3181383861.16655
1628372160 13001671809122.7 -122145537125784 8462.43414615052 -79330.4241919159 3181383861.16655
1631527920 13028377215673.4 -122395884861731 8462.43121359648 -79330.3966417973 3181383861.16656
1634683680 13055082612988.6 -122646232510915 8462.42829300199 -79330.3692041543 3181383861.16655
1637839440 13081788001105.8 -122896580073688 8462.42538429405 -79330.3418782995 3181383861.16656
1640995200 13108493380062.5 -123146927550403 8462.42248740023 -79330.3146635511 3181383861.16655
1644150960 13135198749895.8 -123397274941410 8462.4196022487 -79330.2875592328 3181383861.16655
1647306720 13161904110642.7 -123647622247055 8462.4167287682 -79330.2605646738 3181383861.16655
1650462480 13188609462340 -123897969467684 8462.41386688806 -79330.2336792087 3181383861.16655
1653618240 13215314805024 -124148316603640 8462.41101653817 -79330.2069021774 3181383861.16655
1656774000 13242020138731.1 -124398663655264 8462.40817764898 -79330.1802329253 3181383861.16655
1659929760 13268725463497.4 -124649010622896 8462.40535015151 -79330.1536708028 3181383861.16655
1663085520 13295430779358.6 -124899357506872 8462.40253397732 -79330.1272151658 3181383861.16655
1666241280 13322136086350.5 -125149704307528 8462.39972905852 -79330.1008653751 3181383861.16655
1669397040 13348841384508.3 -125400051025197 8462.39693532776 -79330.0746207967 3181383861.16655
1672552800 13375546673867.4 -125650397660209 8462.39415271825 -79330.0484808018 3181383861.16655
1675708560 13402251954462.7 -125900744212894 8462.3913811637 -79330.0224447663 3181383861.16655
1678864320 13428957226329 -126151090683578 8462.38862059835 -79329.9965120714 3181383861.16655
1682020080 13455662489500.9 -126401437072588 8462.38587095698 -79329.9706821029 3181383861.16655
1685175840 13482367744012.7 -126651783380245 8462.38313217487 -79329.9449542517 3181383861.16655
1688331600 13509072989898.6 -126902129606872 8462.3804041878 -79329.9193279132 3181383861.16656
1691487360 13535778227192.6 -127152475752788 8462.37768693209 -79329.8938024879 3181383861.16655
1694643120 13562483455928.5 -127402821818310 8462.37498034452 -79329.8683773808 3181383861.16655
1697798880 13589188676139.7 -127653167803754 8462.37228436239 -79329.8430520017 3181383861.16655
1700954640 13615893887859.8 -127903513709434 8462.36959892349 -79329.8178257648 3181383861.16655
1704110400 13642599091121.8 -128153859535661 8462.36692396609 -79329.7926980893 3181383861.16655
1707266160 13669304285958.7 -128404205282747 8462.36425942893 -79329.7676683984 3181383861.16655
1710421920 13696009472403.3 -128654550950998 8462.36160525125 -79329.7427361202 3181383861.16655
1713577680 13722714650488.3 -128904896540723 8462.35896137273 -79329.717900687 3181383861.16655
1716733440 13749419820246 -129155242052224 8462.35632773356 -79329.6931615357 3181383861.16655
1719889200 13776124981708.6 -129405587485806 8462.35370427436 -79329.6685181075 3181383861.16655
1723044960 13802830134908.2 -129655932841770 8462.35109093621 -79329.6439698476 3181383861.16655
1726200720 13829535279876.7 -129906278120414 8462.34848766065 -79329.6195162061 3181383861.16655
1729356480 13856240416645.6 -130156623322038 8462.34589438969 -79329.5951566367 3181383861.16655
1732512240 13882945545246.5 -130406968446936 8462.34331106574 -79329.5708905977 3181383861.16655
1735668000 13909650665710.7 -130657313495403 8462.34073763168 -79329.5467175514 3181383861.16655
1738823760 13936355778069.2 -130907658467732 8462.33817403084 -79329.5226369643 3181383861.16655
1741979520 13963060882353.1 -131158003364213 8462.33562020695 -79329.4986483069 3181383861.16655
1745135280 13989765978593.1 -131408348185137 8462.33307610419 -79329.4747510537 3181383861.16655
1748291040 14016471066819.8 -131658692930790 8462.33054166715 -79329.4509446832 3181383861.16655
1751446800 14043176147063.5 -131909037601458 8462.32801684085 -79329.4272286781 3181383861.16655
1754602560 14069881219354.7 -132159382197426 8462.32550157073 -79329.4036025246 3181383861.16655
1757758320 14096586283723.2 -132409726718977 8462.32299580263 -79329.3800657132 3181383861.16655
1760914080 14123291340199.1 -132660071166392 8462.32049948281 -79329.3566177379 3181383861.16655
1764069840 14149996388812 -132910415539950 8462.31801255792 -79329.3332580968 3181383861.16655
1767225600 14176701429591.5 -133160759839930 8462.31553497503 -79329.3099862916 3181383861.16655
1770381360 14203406462567.1 -133411104066607 8462.31306668159 -79329.2868018278 3181383861.16655
1773537120 14230111487767.9 -133661448220257 8462.31060762545 -79329.2637042146 3181383861.16655
1776692880 14256816505223 -133911792301152 8462.30815775486 -79329.2406929649 3181383861.16655
1779848640 14283521514961.3 -134162136309565 8462.30571701843 -79329.2177675951 3181383861.16655
1783004400 14310226517011.6 -134412480245767 8462.30328536519 -79329.1949276254 3181383861.16655
1786160160 14336931511402.4 -134662824110024 8462.3008627445 -79329.1721725793 3181383861.16655
1789315920 14363636498162.3 -134913167902606 8462.29844910615 -79329.1495019843 3181383861.16655
1792471680 14390341477319.3 -135163511623777 8462.29604440025 -79329.1269153709 3181383861.16655
1795627440 14417046448901.8 -135413855273803 8462.29364857732 -79329.1044122733 3181383861.16655
1798783200 14443751412937.5 -135664198852945 8462.29126158822 -79329.0819922292 3181383861.16655
1801938960 14470456369454.3 -135914542361465 8462.28888338418 -79329.0596547795 3181383861.16655
1805094720 14497161318480 -136164885799624 8462.28651391679 -79329.0373994688 3181383861.16655
1808250480 14523866260041.8 -136415229167679 8462.28415313799 -79329.0152258447 3181383861.16655
1811406240 14550571194167.3 -136665572465887 8462.28180100008 -79328.9931334583 3181383861.16655
1814562000 14577276120883.5 -136915915694505 8462.27945745571 -79328.9711218639 3181383861.16655
1817717760 14603981040217.6 -137166258853787 8462.27712245785 -79328.9491906192 3181383861.16655
1820873520 14630685952196.4 -137416601943985 8462.27479595984 -79328.927339285 3181383861.16655
1824029280 14657390856846.7 -137666944965351 8462.27247791535 -79328.9055674252 3181383861.16655
1827185040 14684095754195 -137917287918135 8462.2701682784 -79328.8838746072 3181383861.16655
1830340800 14710800644267.9 -138167630802586 8462.2678670033 -79328.8622604011 3181383861.16655
1833496560 14737505527091.7 -138417973618951 8462.26557404475 -79328.8407243805 3181383861.16655
1836652320 14764210402692.5 -138668316367477 8462.26328935773 -79328.8192661218 3181383861.16655
1839808080 14790915271096.4 -138918659048407 8462.26101289756 -79328.7978852047 3181383861.16655
1842963840 14817620132329.3 -139169001661986 8462.25874461989 -79328.7765812116 3181383861.16655
1846119600 14844324986416.8 -139419344208455 8462.25648448067 -79328.7553537283 3181383861.16655
1849275360 14871029833384.7 -139669686688056 8462.25423243619 -79328.7342023431 3181383861.16655
1852431120 14897734673258.4 -139920029101028 8462.25198844302 -79328.7131266478 3181383861.16655
1855586880 14924439506063.2 -140170371447608 8462.24975245808 -79328.6921262366 3181383861.16655
1858742640 14951144331824.4 -140420713728035 8462.24752443856 -79328.671200707 3181383861.16655
1861898400 14977849150567 -140671055942543 8462.24530434198 -79328.650349659 3181383861.16655
1865054160 15004553962316 -140921398091368 8462.24309212614 -79328.6295726957 3181383861.16655
1868209920 15031258767096.1 -141171740174742 8462.24088774915 -79328.608869423 3181383861.16655
1871365680 15057963564932 -141422082192896 8462.23869116943 -79328.5882394495 3181383861.16655
1874521440 15084668355848.3 -141672424146063 8462.23650234568 -79328.5676823866 3181383861.16655
1877677200 15111373139869.4 -141922766034472 8462.23432123688 -79328.5471978484 3181383861.16655
1880832960 15138077917019.6 -142173107858349 8462.23214780232 -79328.5267854518 3181383861.16655
1883988720 15164782687322.9 -142423449617924 8462.22998200155 -79328.5064448163 3181383861.16655
1887144480 15191487450803.6 -142673791313421 8462.22782379445 -79328.4861755641 3181383861.16655
1890300240 15218192207485.3 -142924132945065 8462.22567314112 -79328.4659773203 3181383861.16655
1893456000 15244896957392 -143174474513081 8462.22353000199 -79328.4458497121 3181383861.16655
1896611760 15271601700547.3 -143424816017689 8462.22139433774 -79328.4257923698 3181383861.16655
1899767520 15298306436974.6 -143675157459111 8462.21926610933 -79328.405804926 3181383861.16655
1902923280 15325011166697.5 -143925498837568 8462.21714527798 -79328.3858870159 3181383861.16655
1906079040 15351715889739.1 -144175840153278 8462.21503180521 -79328.3660382773 3181383861.16655
1909234800 15378420606122.7 -144426181406458 8462.21292565278 -79328.3462583505 3181383861.16655
1912390560 15405125315871.3 -144676522597326 8462.21082678271 -79328.3265468782 3181383861.16655
1915546320 15431830019007.8 -144926863726097 8462.20873515731 -79328.3069035057 3181383861.16655
1918702080 15458534715555 -145177204792985 8462.20665073912 -79328.2873278806 3181383861.16655
1921857840 15485239405535.6 -145427545798203 8462.20457349096 -79328.2678196531 3181383861.16655
1925013600 15511944088972.2 -145677886741965 8462.20250337589 -79328.2483784757 3181383861.16655
1928169360 15538648765887.2 -145928227624479 8462.20044035723 -79328.2290040033 3181383861.16655
1931325120 15565353436302.9 -146178568445958 8462.19838439856 -79328.2096958931 3181383861.16655
1934480880 15592058100241.7 -146428909206609 8462.19633546368 -79328.1904538047 3181383861.16655
1937636640 15618762757725.5 -146679249906640 8462.19429351668 -79328.1712774002 3181383861.16655
1940792400 15645467408776.4 -146929590546258 8462.19225852186 -79328.1521663436 3181383861.16655
1943948160 15672172053416.3 -147179931125669 8462.19023044377 -79328.1331203016 3181383861.16655
1947103920 15698876691666.9 -147430271645078 8462.18820924721 -79328.1141389429 3181383861.16655
1950259680 15725581323549.9 -147680612104687 8462.18619489721 -79328.0952219385 3181383861.16655
1953415440 15752285949086.9 -147930952504700 8462.18418735904 -79328.0763689618 3181383861.16655
1956571200 15778990568299.2 -148181292845318 8462.18218659821 -79328.0575796881 3181383861.16655
1959726960 15805695181208.3 -148431633126742 8462.18019258045 -79328.0388537952 3181383861.16655
1962882720 15832399787835.4 -148681973349171 8462.17820527172 -79328.0201909628 3181383861.16655
1966038480 15859104388201.5 -148932313512804 8462.17622463823 -79328.0015908729 3181383861.16655
1969194240 15885808982327.7 -149182653617838 8462.17425064639 -79327.9830532098 3181383861.16655
1972350000 15912513570234.9 -149432993664469 8462.17228326286 -79327.9645776595 3181383861.16655
1975505760 15939218151943.9 -149683333652894 8462.1703224545 -79327.9461639104 3181383861.16655
1978661520 15965922727475.3 -149933673583306 8462.16836818841 -79327.9278116529 3181383861.16655
1981817280 15992627296849.9 -150184013455900 8462.16642043189 -79327.9095205796 3181383861.16655
1984973040 16019331860088 -150434353270868 8462.16447915247 -79327.8912903849 3181383861.16655
1988128800 16046036417210.1 -150684693028401 8462.1625443179 -79327.8731207653 3181383861.16655
1991284560 16072740968236.5 -150935032728690 8462.16061589613 -79327.8550114196 3181383861.16655
1994440320 16099445513187.3 -151185372371926 8462.15869385534 -79327.8369620481 3181383861.16655
1997596080 16126150052082.6 -151435711958296 8462.1567781639 -79327.8189723536 3181383861.16655
2000751840 16152854584942.4 -151686051487988 8462.1548687904 -79327.8010420404 3181383861.16655
2003907600 16179559111786.7 -151936390961191 8462.15296570364 -79327.783170815 3181383861.16655
2007063360 16206263632635.1 -152186730378089 8462.15106887261 -79327.7653583859 3181383861.16655
2010219120 16232968147507.4 -152437069738867 8462.14917826653 -79327.7476044633 3181383861.16655
2013374880 16259672656423.2 -152687409043710 8462.14729385479 -79327.7299087594 3181383861.16655
2016530640 16286377159402 -152937748292802 8462.14541560701 -79327.7122709884 3181383861.16655
2019686400 16313081656463.2 -153188087486324 8462.14354349298 -79327.6946908661 3181383861.16655
2022842160 16339786147626.1 -153438426624457 8462.14167748272 -79327.6771681105 3181383861.16655
2025997920 16366490632909.9 -153688765707384 8462.1398175464 -79327.659702441 3181383861.16655
2029153680 16393195112333.7 -153939104735282 8462.13796365444 -79327.6422935793 3181383861.16655
2032309440 16419899585916.6 -154189443708332 8462.1361157774 -79327.6249412486 3181383861.16655
2035465200 16446604053677.4 -154439782626711 8462.13427388606 -79327.607645174 3181383861.16655
2038620960 16473308515635.1 -154690121490595 8462.13243795138 -79327.5904050823 3181383861.16655
2041776720 16500012971808.4 -154940460300163 8462.13060794452 -79327.5732207022 3181383861.16655
2044932480 16526717422216 -155190799055588 8462.12878383681 -79327.5560917641 3181383861.16655
2048088240 16553421866876.4 -155441137757045 8462.12696559976 -79327.5390179999 3181383861.16655
2051244000 16580126305808.1 -155691476404708 8462.12515320509 -79327.5219991437 3181383861.16655
2054399760 16606830739029.5 -155941814998751 8462.12334662467 -79327.5050349309 3181383861.16655
2057555520 16633535166558.8 -156192153539344 8462.12154583058 -79327.4881250988 3181383861.16655
2060711280 16660239588414.5 -156442492026659 8462.11975079505 -79327.4712693862 3181383861.16656
2063867040 16686944004614.4 -156692830460866 8462.11796149051 -79327.4544675338 3181383861.16656
2067022800 16713648415176.8 -156943168842136 8462.11617788955 -79327.4377192839 3181383861.16656
2070178560 16740352820119.5 -157193507170637 8462.11439996494 -79327.4210243803 3181383861.16656
2073334320 16767057219460.4 -157443845446536 8462.11262768964 -79327.4043825685 3181383861.16656
2076490080 16793761613217.3 -157694183670001 8462.11086103674 -79327.3877935957 3181383861.16656
2079645840 16820466001407.9 -157944521841198 8462.10909997955 -79327.3712572105 3181383861.16655
2082801600 16847170384049.8 -158194859960293 8462.10734449151 -79327.3547731634 3181383861.16655
2085957360 16873874761160.6 -158445198027451 8462.10559454625 -79327.3383412063 3181383861.16656
2089113120 16900579132757.7 -158695536042835 8462.10385011756 -79327.3219610925 3181383861.16655
2092268880 16927283498858.5 -158945874006609 8462.10211117939 -79327.3056325772 3181383861.16655
2095424640 16953987859480.2 -159196211918935 8462.10037770586 -79327.2893554169 3181383861.16655
2098580400 16980692214640.1 -159446549779975 8462.09864967124 -79327.2731293697 3181383861.16655
2101736160 17007396564355.3 -159696887589890 8462.09692704999 -79327.2569541951 3181383861.16656
2104891920 17034100908642.8 -159947225348840 8462.0952098167 -79327.2408296544 3181383861.16655
2108047680 17060805247519.6 -160197563056984 8462.09349794614 -79327.2247555101 3181383861.16655
2111203440 17087509581002.6 -160447900714482 8462.09179141321 -79327.2087315264 3181383861.16656
2114359200 17114213909108.5 -160698238321490 8462.09009019299 -79327.1927574687 3181383861.16656
2117514960 17140918231854.2 -160948575878167 8462.08839426072 -79327.1768331041 3181383861.16656
2120670720 17167622549256.2 -161198913384668 8462.08670359177 -79327.1609582011 3181383861.16656
2123826480 17194326861331.2 -161449250841149 8462.08501816168 -79327.1451325295 3181383861.16656
2126982240 17221031168095.5 -161699588247766 8462.08333794613 -79327.1293558608 3181383861.16656
2130138000 17247735469565.7 -161949925604673 8462.08166292097 -79327.1136279675 3181383861.16656
2133293760 17274439765758.1 -162200262912022 8462.07999306217 -79327.097948624 3181383861.16656
2136449520 17301144056689 -162450600169968 8462.07832834587 -79327.0823176057 3181383861.16656
2139605280 17327848342374.4 -162700937378662 8462.07666874836 -79327.0667346896 3181383861.16655
2142761040 17354552622830.7 -162951274538256 8462.07501424605 -79327.0511996539 3181383861.16655
2145916800 17381256898073.7 -163201611648900 8462.07336481551 -79327.0357122782 3181383861.16655
2149072560 17407961168119.5 -163451948710745 8462.07172043347 -79327.0202723437 3181383861.16655
2152228320 17434665432983.9 -163702285723939 8462.07008107678 -79327.0048796326 3181383861.16655
2155384080 17461369692682.9 -163952622688632 8462.06844672243 -79326.9895339286 3181383861.16655
2158539840 17488073947232 -164202959604971 8462.06681734756 -79326.9742350167 3181383861.16655
2161695600 17514778196647.1 -164453296473105 8462.06519292945 -79326.9589826832 3181383861.16655
2164851360 17541482440943.7 -164703633293179 8462.06357344551 -79326.9437767157 3181383861.16655
2168007120 17568186680137.3 -164953970065339 8462.0619588733 -79326.928616903 3181383861.16655
2171162880 17594890914243.5 -165204306789731 8462.06034919051 -79326.9135030354 3181383861.16655
2174318640 17621595143277.6 -165454643466500 8462.05874437494 -79326.8984349043 3181383861.16655
2177474400 17648299367254.9 -165704980095789 8462.05714440458 -79326.8834123024 3181383861.16655
2180630160 17675003586190.7 -165955316677742 8462.05554925749 -79326.8684350236 3181383861.16655
2183785920 17701707800100.2 -166205653212501 8462.05395891191 -79326.8535028631 3181383861.16655
2186941680 17728412008998.5 -166455989700209 8462.05237334618 -79326.8386156174 3181383861.16655
2190097440 17755116212900.6 -166706326141008 8462.0507925388 -79326.8237730841 3181383861.16655
2193253200 17781820411821.6 -166956662535037 8462.04921646836 -79326.808975062 3181383861.16655
2196408960 17808524605776.3 -167206998882436 8462.04764511361 -79326.7942213512 3181383861.16655
2199564720 17835228794779.6 -167457335183347 8462.04607845342 -79326.779511753 3181383861.16655
2202720480 17861932978846.3 -167707671437907 8462.04451646677 -79326.7648460699 3181383861.16655
2205876240 17888637157991.1 -167958007646254 8462.0429591328 -79326.7502241053 3181383861.16655
2209032000 17915341332228.6 -168208343808527 8462.04140643072 -79326.7356456643 3181383861.16655
2212187760 17942045501573.4 -168458679924862 8462.03985833993 -79326.7211105526 3181383861.16655
2215343520 17968749666040.1 -168709015995396 8462.03831483989 -79326.7066185774 3181383861.16655
2218499280 17995453825643.1 -168959352020264 8462.03677591022 -79326.692169547 3181383861.16655
2221655040 18022157980396.8 -169209687999603 8462.03524153065 -79326.6777632707 3181383861.16655
2224810800 18048862130315.5 -169460023933546 8462.03371168102 -79326.6633995591 3181383861.16655
2227966560 18075566275413.5 -169710359822227 8462.03218634132 -79326.6490782237 3181383861.16655
2231122320 18102270415705 -169960695665780 8462.03066549161 -79326.6347990773 3181383861.16655
2234278080 18128974551204.1 -170211031464338 8462.02914911211 -79326.6205619338 3181383861.16655
2237433840 18155678681924.9 -170461367218033 8462.02763718314 -79326.6063666081 3181383861.16655
2240589600 18182382807881.4 -170711702926997 8462.02612968512 -79326.5922129162 3181383861.16655
2243745360 18209086929087.5 -170962038591361 8462.02462659862 -79326.5781006753 3181383861.16655
2246901120 18235791045557.3 -171212374211254 8462.02312790428 -79326.5640297033 3181383861.16655
2250056880 18262495157304.4 -171462709786809 8462.02163358289 -79326.5499998197 3181383861.16655
2253212640 18289199264342.6 -171713045318152 8462.02014361534 -79326.5360108447 3181383861.16655
2256368400 18315903366685.8 -171963380805415 8462.01865798262 -79326.5220625996 3181383861.16655
2259524160 18342607464347.4 -172213716248724 8462.01717666585 -79326.5081549068 3181383861.16655
2262679920 18369311557341.2 -172464051648207 8462.01569964624 -79326.4942875897 3181383861.16655
2265835680 18396015645680.5 -172714387003992 8462.01422690511 -79326.4804604726 3181383861.16655
2268991440 18422719729379 -172964722316205 8462.01275842392 -79326.4666733812 3181383861.16655
2272147200 18449423808450 -173215057584972 8462.01129418419 -79326.4529261417 3181383861.16655
2275302960 18476127882906.9 -173465392810419 8462.00983416759 -79326.4392185817 3181383861.16655
2278458720 18502831952763 -173715727992671 8462.00837835585 -79326.4255505296 3181383861.16655
2281614480 18529536018031.5 -173966063131851 8462.00692673086 -79326.4119218149 3181383861.16655
2284770240 18556240078725.6 -174216398228085 8462.00547927456 -79326.3983322679 3181383861.16655
2287926000 18582944134858.4 -174466733281494 8462.00403596902 -79326.38478172 3181383861.16655
2291081760 18609648186443 -174717068292203 8462.00259679643 -79326.3712700037 3181383861.16655
2294237520 18636352233492.5 -174967403260333 8462.00116173904 -79326.3577969521 3181383861.16655
2297393280 18663056276019.7 -175217738186006 8461.99973077924 -79326.3443623996 3181383861.16655
2300549040 18689760314037.6 -175468073069344 8461.9983038995 -79326.3309661815 3181383861.16655
2303704800 18716464347559 -175718407910466 8461.99688108239 -79326.3176081337 3181383861.16655
2306860560 18743168376596.7 -175968742709494 8461.99546231058 -79326.3042880935 3181383861.16655
2310016320 18769872401163.5 -176219077466546 8461.99404756685 -79326.2910058989 3181383861.16655
2313172080 18796576421272 -176469412181743 8461.99263683407 -79326.2777613887 3181383861.16655
2316327840 18823280436934.9 -176719746855202 8461.9912300952 -79326.2645544028 3181383861.16655
2319483600 18849984448164.8 -176970081487042 8461.98982733331 -79326.251384782 3181383861.16655
2322639360 18876688454974.1 -177220416077381 8461.98842853155 -79326.2382523678 3181383861.16655
2325795120 18903392457375.4 -177470750626336 8461.98703367317 -79326.225157003 3181383861.16655
2328950880 18930096455381 -177721085134023 8461.98564274154 -79326.2120985308 3181383861.16655
2332106640 18956800449003.4 -177971419600559 8461.98425572007 -79326.1990767956 3181383861.16655
2335262400 18983504438254.8 -178221754026059 8461.98287259232 -79326.1860916426 3181383861.16655
2338418160 19010208423147.5 -178472088410638 8461.9814933419 -79326.1731429178 3181383861.16655
2341573920 19036912403693.7 -178722422754412 8461.98011795254 -79326.1602304681 3181383861.16655
2344729680 19063616379905.6 -178972757057494 8461.97874640804 -79326.1473541414 3181383861.16655
2347885440 19090320351795.3 -179223091319998 8461.9773786923 -79326.1345137862 3181383861.16655
2351041200 19117024319374.8 -179473425542038 8461.97601478931 -79326.1217092521 3181383861.16655
2354196960 19143728282656.1 -179723759723726 8461.97465468316 -79326.1089403892 3181383861.16656
2357352720 19170432241651.3 -179974093865175 8461.973298358 -79326.0962070488 3181383861.16656
2360508480 19197136196372.1 -180224427966496 8461.9719457981 -79326.0835090828 3181383861.16656
2363664240 19223840146830.6 -180474762027801 8461.97059698779 -79326.0708463441 3181383861.16656
2366820000 19250544093038.4 -180725096049201 8461.9692519115 -79326.0582186861 3181383861.16656
2369975760 19277248035007.3 -180975430030806 8461.96791055376 -79326.0456259634 3181383861.16656
2373131520 19303951972749.1 -181225763972727 8461.96657289915 -79326.0330680312 3181383861.16656
2376287280 19330655906275.3 -181476097875072 8461.96523893237 -79326.0205447454 3181383861.16656
2379443040 19357359835597.8 -181726431737952 8461.96390863818 -79326.0080559629 3181383861.16656
2382598800 19384063760727.8 -181976765561474 8461.96258200144 -79325.9956015413 3181383861.16656
2385754560 19410767681677.1 -182227099345747 8461.96125900709 -79325.9831813389 3181383861.16656
2388910320 19437471598457.1 -182477433090879 8461.95993964014 -79325.970795215 3181383861.16656
2392066080 19464175511079.2 -182727766796976 8461.9586238857 -79325.9584430294 3181383861.16656
2395221840 19490879419554.7 -182978100464146 8461.95731172894 -79325.9461246429 3181383861.16656
2398377600 19517583323895.1 -183228434092496 8461.95600315514 -79325.9338399168 3181383861.16656
2401533360 19544287224111.5 -183478767682131 8461.95469814963 -79325.9215887135 3181383861.16656
2404689120 19570991120215.3 -183729101233157 8461.95339669785 -79325.9093708959 3181383861.16656
2407844880 19597695012217.6 -183979434745679 8461.95209878528 -79325.8971863277 3181383861.16656
2411000640 19624398900129.5 -184229768219801 8461.95080439753 -79325.8850348733 3181383861.16656
2414156400 19651102783962.2 -184480101655629 8461.94951352024 -79325.872916398 3181383861.16656
2417312160 19677806663726.8 -184730435053265 8461.94822613915 -79325.8608307676 3181383861.16656
2420467920 19704510539434.1 -184980768412814 8461.94694224008 -79325.8487778488 3181383861.16656
2423623680 19731214411095.3 -185231101734378 8461.94566180892 -79325.8367575091 3181383861.16656
2426779440 19757918278721.2 -185481435018060 8461.94438483165 -79325.8247696163 3181383861.16656
2429935200 19784622142322.7 -185731768263962 8461.94311129429 -79325.8128140394 3181383861.16656
2433090960 19811326001910.6 -185982101472185 8461.94184118297 -79325.8008906479 3181383861.16656
2436246720 19838029857495.7 -186232434642833 8461.94057448389 -79325.7889993119 3181383861.16656
2439402480 19864733709088.8 -186482767776004 8461.9393111833 -79325.7771399024 3181383861.16656
2442558240 19891437556700.6 -186733100871800 8461.93805126756 -79325.7653122909 3181383861.16656
2445714000 19918141400341.7 -186983433930321 8461.93679472307 -79325.7535163497 3181383861.16656
2448869760 19944845240022.8 -187233766951667 8461.93554153633 -79325.7417519518 3181383861.16656
2452025520 19971549075754.3 -187484099935936 8461.93429169388 -79325.7300189708 3181383861.16656
2455181280 19998252907547 -187734432883229 8461.93304518237 -79325.718317281 3181383861.16656
2458337040 20024956735411.1 -187984765793643 8461.93180198848 -79325.7066467575 3181383861.16656
2461492800 20051660559357.3 -188235098667277 8461.930562099 -79325.6950072759 3181383861.16656
2464648560 20078364379395.9 -188485431504228 8461.92932550077 -79325.6833987124 3181383861.16656
2467804320 20105068195537.3 -188735764304594 8461.9280921807 -79325.671820944 3181383861.16656
2470960080 20131772007791.7 -188986097068472 8461.92686212576 -79325.6602738485 3181383861.16656
2474115840 20158475816169.5 -189236429795958 8461.92563532302 -79325.6487573039 3181383861.16656
2477271600 20185179620681 -189486762487148 8461.92441175958 -79325.6372711893 3181383861.16656
2480427360 20211883421336.2 -189737095142139 8461.92319142265 -79325.6258153842 3181383861.16656
2483583120 20238587218145.5 -189987427761026 8461.92197429946 -79325.6143897687 3181383861.16656
2486738880 20265291011118.8 -190237760343904 8461.92076037734 -79325.6029942237 3181383861.16656
2489894640 20291994800266.4 -190488092890868 8461.91954964368 -79325.5916286307 3181383861.16656
2493050400 20318698585598.1 -190738425402012 8461.91834208593 -79325.5802928716 3181383861.16656
2496206160 20345402367124.1 -190988757877429 8461.91713769161 -79325.5689868292 3181383861.16656
2499361920 20372106144854.3 -191239090317214 8461.91593644832 -79325.5577103868 3181383861.16656
2502517680 20398809918798.6 -191489422721460 8461.91473834368 -79325.5464634282 3181383861.16656
2505673440 20425513688967 -191739755090260 8461.91354336544 -79325.535245838 3181383861.16656
2508829200 20452217455369.1 -191990087423706 8461.91235150135 -79325.5240575013 3181383861.16656
2511984960 20478921218015 -192240419721890 8461.91116273926 -79325.5128983038 3181383861.16656
2515140720 20505624976914.2 -192490751984905 8461.90997706708 -79325.5017681318 3181383861.16656
2518296480 20532328732076.7 -192741084212840 8461.90879447277 -79325.4906668722 3181383861.16656
2521452240 20559032483512 -192991416405789 8461.90761494437 -79325.4795944125 3181383861.16656
2524608000 20585736231229.8 -193241748563840 8461.90643846997 -79325.4685506408 3181383861.16656
2527763760 20612439975239.7 -193492080687085 8461.90526503771 -79325.4575354457 3181383861.16656
2530919520 20639143715551.3 -193742412775614 8461.90409463583 -79325.4465487165 3181383861.16656
2534075280 20665847452174.2 -193992744829516 8461.90292725259 -79325.4355903428 3181383861.16656
2537231040 20692551185117.9 -194243076848881 8461.90176287632 -79325.4246602152 3181383861.16656
2540386800 20719254914391.8 -194493408833797 8461.90060149543 -79325.4137582245 3181383861.16656
2543542560 20745958640005.4 -194743740784354 8461.89944309837 -79325.4028842622 3181383861.16656
2546698320 20772662361968.1 -194994072700639 8461.89828767366 -79325.3920382204 3181383861.16656
2549854080 20799366080289.1 -195244404582740 8461.89713520987 -79325.3812199916 3181383861.16656
2553009840 20826069794978 -195494736430746 8461.89598569564 -79325.370429469 3181383861.16656
2556165600 20852773506043.9 -195745068244742 8461.89483911964 -79325.3596665463 3181383861.16656
2559321360 20879477213496.1 -195995400024817 8461.89369547064 -79325.3489311177 3181383861.16656
2562477120 20906180917343.8 -196245731771057 8461.89255473744 -79325.3382230781 3181383861.16656
2565632880 20932884617596.2 -196496063483548 8461.8914169089 -79325.3275423227 3181383861.16656
2568788640 20959588314262.5 -196746395162375 8461.89028197394 -79325.3168887474 3181383861.16656
2571944400 20986292007351.7 -196996726807626 8461.88914992153 -79325.3062622486 3181383861.16656
2575100160 21012995696873 -197247058419384 8461.88802074071 -79325.2956627231 3181383861.16656
2578255920 21039699382835.4 -197497389997735 8461.88689442057 -79325.2850900684 3181383861.16656
2581411680 21066403065247.9 -197747721542764 8461.88577095025 -79325.2745441825 3181383861.16656
2584567440 21093106744119.4 -197998053054554 8461.88465031894 -79325.2640249637 3181383861.16656
2587723200 21119810419459 -198248384533191 8461.88353251589 -79325.2535323112 3181383861.16656
2590878960 21146514091275.6 -198498715978756 8461.88241753042 -79325.2430661242 3181383861.16656
2594034720 21173217759577.9 -198749047391335 8461.88130535188 -79325.232626303 3181383861.16656
2597190480 21199921424374.8 -198999378771010 8461.88019596969 -79325.2222127478 3181383861.16656
2600346240 21226625085675.3 -199249710117863 8461.87908937332 -79325.2118253599 3181383861.16656
2603502000 21253328743487.9 -199500041431977 8461.87798555227 -79325.2014640405 3181383861.16656
2606657760 21280032397821.6 -199750372713434 8461.87688449613 -79325.1911286917 3181383861.16656
2609813520 21306736048684.9 -200000703962317 8461.87578619452 -79325.1808192161 3181383861.16656
2612969280 21333439696086.5 -200251035178706 8461.87469063711 -79325.1705355165 3181383861.16656
2616125040 21360143340035.2 -200501366362682 8461.87359781363 -79325.1602774964 3181383861.16656
2619280800 21386846980539.5 -200751697514327 8461.87250771387 -79325.1500450598 3181383861.16656
2622436560 21413550617607.9 -201002028633721 8461.87142032764 -79325.1398381109 3181383861.16656
2625592320 21440254251249.1 -201252359720945 8461.87033564484 -79325.1296565548 3181383861.16656
2628748080 21466957881471.6 -201502690776078 8461.86925365538 -79325.1195002968 3181383861.16656
2631903840 21493661508283.8 -201753021799200 8461.86817434926 -79325.1093692427 3181383861.16656
2635059600 21520365131694.2 -202003352790391 8461.8670977165 -79325.0992632988 3181383861.16656
2638215360 21547068751711.2 -202253683749729 8461.86602374718 -79325.0891823719 3181383861.16656
2641371120 21573772368343.2 -202504014677293 8461.86495243143 -79325.0791263691 3181383861.16656
2644526880 21600475981598.5 -202754345573162 8461.86388375943 -79325.0690951982 3181383861.16656
2647682640 21627179591485.6 -203004676437415 8461.86281772139 -79325.0590887673 3181383861.16656
2650838400 21653883198012.6 -203255007270128 8461.86175430761 -79325.0491069849 3181383861.16656
2653994160 21680586801187.9 -203505338071380 8461.86069350839 -79325.0391497602 3181383861.16656
2657149920 21707290401019.6 -203755668841248 8461.8596353141 -79325.0292170025 3181383861.16656
2660305680 21733993997516.1 -204005999579810 8461.85857971517 -79325.0193086219 3181383861.16656
2663461440 21760697590685.4 -204256330287141 8461.85752670206 -79325.0094245286 3181383861.16656
2666617200 21787401180535.7 -204506660963318 8461.85647626527 -79324.9995646335 3181383861.16656
2669772960 21814104767075.2 -204756991608418 8461.85542839536 -79324.9897288479 3181383861.16656
2672928720 21840808350311.8 -205007322222517 8461.85438308294 -79324.9799170833 3181383861.16656
2676084480 21867511930253.8 -205257652805690 8461.85334031865 -79324.970129252 3181383861.16656
2679240240 21894215506909 -205507983358012 8461.85230009318 -79324.9603652665 3181383861.16656
2682396000 21920919080285.5 -205758313879559 8461.85126239728 -79324.9506250396 3181383861.16656
2685551760 21947622650391.3 -206008644370406 8461.85022722173 -79324.9409084848 3181383861.16656
2688707520 21974326217234.3 -206258974830627 8461.84919455736 -79324.931215516 3181383861.16656
2691863280 22001029780822.3 -206509305260296 8461.84816439504 -79324.9215460472 3181383861.16656
2695019040 22027733341163.4 -206759635659488 8461.84713672569 -79324.9118999933 3181383861.16656
2698174800 22054436898265.3 -207009966028276 8461.84611154026 -79324.9022772691 3181383861.16656
2701330560 22081140452135.9 -207260296366733 8461.84508882977 -79324.8926777902 3181383861.16656
2704486320 22107844002783 -207510626674934 8461.84406858527 -79324.8831014725 3181383861.16656
2707642080 22134547550214.3 -207760956952950 8461.84305079784 -79324.8735482322 3181383861.16656
2710797840 22161251094437.5 -208011287200855 8461.84203545861 -79324.864017986 3181383861.16656
2713953600 22187954635460.5 -208261617418721 8461.84102255878 -79324.8545106509 3181383861.16656
2717109360 22214658173290.8 -208511947606620 8461.84001208954 -79324.8450261445 3181383861.16656
2720265120 22241361707936.1 -208762277764624 8461.83900404218 -79324.8355643847 3181383861.16656
2723420880 22268065239404.1 -209012607892805 8461.83799840798 -79324.8261252896 3181383861.16656
2726576640 22294768767702.4 -209262937991235 8461.8369951783 -79324.816708778 3181383861.16656
2729732400 22321472292838.4 -209513268059983 8461.83599434451 -79324.8073147689 3181383861.16656
2732888160 22348175814819.9 -209763598099121 8461.83499589805 -79324.7979431817 3181383861.16656
2736043920 22374879333654.3 -210013928108721 8461.83399983039 -79324.7885939363 3181383861.16656
2739199680 22401582849349 -210264258088851 8461.83300613303 -79324.7792669528 3181383861.16656
2742355440 22428286361911.6 -210514588039583 8461.83201479753 -79324.7699621518 3181383861.16656
2745511200 22454989871349.5 -210764917960986 8461.83102581546 -79324.7606794543 3181383861.16656
2748666960 22481693377670.1 -211015247853130 8461.83003917847 -79324.7514187817 3181383861.16656
2751822720 22508396880880.9 -211265577716084 8461.82905487822 -79324.7421800555 3181383861.16656
2754978480 22535100380989 -211515907549917 8461.82807290641 -79324.7329631979 3181383861.16656
2758134240 22561803878002 -211766237354699 8461.8270932548 -79324.7237681314 3181383861.16656
2761290000 22588507371927.1 -212016567130497 8461.82611591517 -79324.7145947787 3181383861.16656
2764445760 22615210862771.5 -212266896877381 8461.82514087935 -79324.705443063 3181383861.16656
2767601520 22641914350542.7 -212517226595418 8461.82416813919 -79324.6963129079 3181383861.16656
2770757280 22668617835247.6 -212767556284676 8461.82319768661 -79324.6872042372 3181383861.16656
2773913040 22695321316893.7 -213017885945223 8461.82222951354 -79324.6781169752 3181383861.16656
2777068800 22722024795488.1 -213268215577127 8461.82126361195 -79324.6690510466 3181383861.16656
2780224560 22748728271037.8 -213518545180455 8461.82029997387 -79324.6600063761 3181383861.16656
2783380320 22775431743550.1 -213768874755273 8461.81933859135 -79324.6509828893 3181383861.16656
2786536080 22802135213032.1 -214019204301649 8461.81837945647 -79324.6419805117 3181383861.16656
2789691840 22828838679490.8 -214269533819648 8461.81742256137 -79324.6329991694 3181383861.16656
2792847600 22855542142933.3 -214519863309338 8461.8164678982 -79324.6240387887 3181383861.16656
2796003360 22882245603366.6 -214770192770783 8461.81551545917 -79324.6150992964 3181383861.16656
2799159120 22908949060797.7 -215020522204051 8461.81456523651 -79324.6061806193 3181383861.16656
2802314880 22935652515233.7 -215270851609206 8461.8136172225 -79324.597282685 3181383861.16656
2805470640 22962355966681.4 -215521180986314 8461.81267140944 -79324.5884054212 3181383861.16656
2808626400 22989059415147.9 -215771510335440 8461.81172778967 -79324.5795487558 3181383861.16656
2811782160 23015762860639.9 -216021839656649 8461.81078635558 -79324.5707126174 3181383861.16656
2814937920 23042466303164.4 -216272168950006 8461.80984709959 -79324.5618969346 3181383861.16656
2818093680 23069169742728.4 -216522498215575 8461.80891001413 -79324.5531016364 3181383861.16656
2821249440 23095873179338.5 -216772827453419 8461.8079750917 -79324.5443266522 3181383861.16656
2824405200 23122576613001.6 -217023156663604 8461.80704232481 -79324.5355719118 3181383861.16656
2827560960 23149280043724.5 -217273485846194 8461.80611170602 -79324.5268373452 3181383861.16656
2830716720 23175983471514 -217523815001250 8461.80518322792 -79324.5181228826 3181383861.16656
2833872480 23202686896376.8 -217774144128838 8461.80425688312 -79324.5094284549 3181383861.16656
2837028240 23229390318319.6 -218024473229019 8461.80333266429 -79324.5007539929 3181383861.16656
2840184000 23256093737349.2 -218274802301857 8461.80241056411 -79324.492099428 3181383861.16656
2843339760 23282797153472.2 -218525131347415 8461.80149057531 -79324.4834646917 3181383861.16656
2846495520 23309500566695.2 -218775460365755 8461.80057269064 -79324.4748497161 3181383861.16656
2849651280 23336203977024.9 -219025789356939 8461.79965690289 -79324.4662544333 3181383861.16656
2852807040 23362907384467.9 -219276118321030 8461.79874320489 -79324.457678776 3181383861.16656
2855962800 23389610789030.8 -219526447258089 8461.79783158948 -79324.4491226769 3181383861.16656
2859118560 23416314190720.1 -219776776168177 8461.79692204957 -79324.4405860692 3181383861.16656
2862274320 23443017589542.4 -220027105051357 8461.79601457805 -79324.4320688865 3181383861.16656
2865430080 23469720985504.2 -220277433907689 8461.7951091679 -79324.4235710624 3181383861.16656
2868585840 23496424378612 -220527762737234 8461.79420581209 -79324.415092531 3181383861.16656
2871741600 23523127768872.3 -220778091540054 8461.79330450364 -79324.4066332268 3181383861.16656
2874897360 23549831156291.4 -221028420316208 8461.7924052356 -79324.3981930844 3181383861.16656
2878053120 23576534540875.9 -221278749065758 8461.79150800104 -79324.3897720387 3181383861.16656
2881208880 23603237922632.1 -221529077788762 8461.79061279307 -79324.381370025 3181383861.16656
2884364640 23629941301566.5 -221779406485282 8461.78971960485 -79324.3729869789 3181383861.16656
2887520400 23656644677685.3 -222029735155377 8461.78882842953 -79324.3646228362 3181383861.16656
2890676160 23683348050995 -222280063799106 8461.78793926032 -79324.3562775331 3181383861.16656
2893831920 23710051421501.8 -222530392416530 8461.78705209046 -79324.3479510058 3181383861.16656
2896987680 23736754789212.1 -222780721007706 8461.78616691321 -79324.3396431913 3181383861.16656
2900143440 23763458154132.1 -223031049572694 8461.78528372186 -79324.3313540263 3181383861.16656
2903299200 23790161516268.1 -223281378111553 8461.78440250974 -79324.3230834483 3181383861.16656
2906454960 23816864875626.3 -223531706624341 8461.7835232702 -79324.3148313948 3181383861.16656
2909610720 23843568232213 -223782035111117 8461.78264599662 -79324.3065978035 3181383861.16656
2912766480 23870271586034.2 -224032363571939 8461.78177068243 -79324.2983826127 3181383861.16656
2915922240 23896974937096.3 -224282692006864 8461.78089732105 -79324.2901857606 3181383861.16656
2919078000 23923678285405.3 -224533020415951 8461.78002590597 -79324.282007186 3181383861.16656
2922233760 23950381630967.5 -224783348799257 8461.77915643069 -79324.2738468278 3181383861.16656
2925389520 23977084973788.8 -225033677156840 8461.77828888873 -79324.2657046252 3181383861.16656
2928545280 24003788313875.4 -225284005488756 8461.77742327365 -79324.2575805176 3181383861.16656
2931701040 24030491651233.3 -225534333795064 8461.77655957904 -79324.2494744448 3181383861.16656
2934856800 24057194985868.7 -225784662075818 8461.77569779852 -79324.2413863469 3181383861.16656
2938012560 24083898317787.5 -226034990331077 8461.77483792573 -79324.233316164 3181383861.16656
2941168320 24110601646995.8 -226285318560897 8461.77397995434 -79324.2252638368 3181383861.16656
2944324080 24137304973499.5 -226535646765333 8461.77312387805 -79324.217229306 3181383861.16656
2947479840 24164008297304.6 -226785974944442 8461.77226969059 -79324.2092125127 3181383861.16656
2950635600 24190711618417.1 -227036303098281 8461.77141738572 -79324.2012133983 3181383861.16656
2953791360 24217414936842.8 -227286631226903 8461.77056695722 -79324.1932319043 3181383861.16656
2956947120 24244118252587.8 -227536959330366 8461.7697183989 -79324.1852679725 3181383861.16656
2960102880 24270821565657.8 -227787287408724 8461.76887170459 -79324.1773215451 3181383861.16656
2963258640 24297524876058.9 -228037615462033 8461.76802686816 -79324.1693925643 3181383861.16656
2966414400 24324228183796.7 -228287943490347 8461.76718388351 -79324.1614809729 3181383861.16656
2969570160 24350931488877.2 -228538271493722 8461.76634274454 -79324.1535867137 3181383861.16656
2972725920 24377634791306.2 -228788599472211 8461.76550344522 -79324.1457097297 3181383861.16656
2975881680 24404338091089.5 -229038927425870 8461.7646659795 -79324.1378499644 3181383861.16656
2979037440 24431041388232.8 -229289255354752 8461.76383034138 -79324.1300073613 3181383861.16656
2982193200 24457744682741.9 -229539583258912 8461.76299652489 -79324.1221818642 3181383861.16656
2985348960 24484447974622.5 -229789911138403 8461.76216452408 -79324.1143734173 3181383861.16656
2988504720 24511151263880.4 -230040238993280 8461.76133433302 -79324.1065819649 3181383861.16656
2991660480 24537854550521.3 -230290566823595 8461.76050594582 -79324.0988074516 3181383861.16656
2994816240 24564557834550.8 -230540894629403 8461.7596793566 -79324.0910498222 3181383861.16656
2997972000 24591261115974.6 -230791222410756 8461.75885455951 -79324.0833090217 3181383861.16656
3001127760 24617964394798.4 -231041550167707 8461.75803154874 -79324.0755849955 3181383861.16656
3004283520 24644667671027.8 -231291877900309 8461.75721031848 -79324.0678776891 3181383861.16656
3007439280 24671370944668.3 -231542205608616 8461.75639086296 -79324.0601870482 3181383861.16656
3010595040 24698074215725.7 -231792533292679 8461.75557317644 -79324.0525130189 3181383861.16656
3013750800 24724777484205.4 -232042860952550 8461.7547572532 -79324.0448555474 3181383861.16656
3016906560 24751480750113 -232293188588283 8461.75394308753 -79324.0372145801 3181383861.16656
3020062320 24778184013454.1 -232543516199928 8461.75313067377 -79324.0295900638 3181383861.16656
3023218080 24804887274234.2 -232793843787538 8461.75232000626 -79324.0219819453 3181383861.16656
3026373840 24831590532458.7 -233044171351165 8461.75151107938 -79324.0143901719 3181383861.16656
3029529600 24858293788133.2 -233294498890859 8461.75070388753 -79324.006814691 3181383861.16656
3032685360 24884997041263.1 -233544826406673 8461.74989842514 -79323.99925545 3181383861.16656
3035841120 24911700291853.9 -233795153898657 8461.74909468664 -79323.9917123969 3181383861.16656
3038996880 24938403539911 -234045481366862 8461.74829266652 -79323.9841854798 3181383861.16656
3042152640 24965106785439.9 -234295808811340 8461.74749235927 -79323.9766746468 3181383861.16656
3045308400 24991810028445.8 -234546136232141 8461.74669375941 -79323.9691798465 3181383861.16656
3048464160 25018513268934.3 -234796463629315 8461.74589686147 -79323.9617010276 3181383861.16656
3051619920 25045216506910.6 -235046791002913 8461.74510166003 -79323.9542381391 3181383861.16656
3054775680 25071919742380.1 -235297118352985 8461.74430814966 -79323.9467911301 3181383861.16656
3057931440 25098622975348.1 -235547445679581 8461.74351632499 -79323.9393599499 3181383861.16656
3061087200 25125326205820 -235797772982750 8461.74272618065 -79323.9319445482 3181383861.16656
3064242960 25152029433801 -236048100262544 8461.74193771129 -79323.9245448748 3181383861.16656
3067398720 25178732659296.4 -236298427519010 8461.7411509116 -79323.9171608796 3181383861.16656
3070554480 25205435882311.6 -236548754752200 8461.74036577627 -79323.9097925129 3181383861.16656
3073710240 25232139102851.6 -236799081962160 8461.73958230002 -79323.9024397251 3181383861.16656
3076866000 25258842320921.8 -237049409148942 8461.73880047762 -79323.8951024669 3181383861.16656
3080021760 25285545536527.3 -237299736312594 8461.73802030382 -79323.8877806892 3181383861.16656
3083177520 25312248749673.4 -237550063453164 8461.73724177341 -79323.8804743428 3181383861.16656
3086333280 25338951960365.2 -237800390570701 8461.73646488121 -79323.8731833793 3181383861.16656
3089489040 25365655168608 -238050717665255 8461.73568962206 -79323.8659077499 3181383861.16656
3092644800 25392358374406.7 -238301044736872 8461.7349159908 -79323.8586474064 3181383861.16656
3095800560 25419061577766.6 -238551371785601 8461.73414398232 -79323.8514023007 3181383861.16656
3098956320 25445764778692.8 -238801698811490 8461.73337359152 -79323.8441723848 3181383861.16656
3102112080 25472467977190.4 -239052025814588 8461.73260481331 -79323.836957611 3181383861.16656
3105267840 25499171173264.5 -239302352794941 8461.73183764264 -79323.8297579318 3181383861.16656
3108423600 25525874366920 -239552679752597 8461.73107207447 -79323.8225732999 3181383861.16656
3111579360 25552577558162.2 -239803006687604 8461.73030810379 -79323.8154036682 3181383861.16656
3114735120 25579280746995.9 -240053333600010 8461.7295457256 -79323.8082489896 3181383861.16656
3117890880 25605983933426.3 -240303660489860 8461.72878493492 -79323.8011092176 3181383861.16656
3121046640 25632687117458.3 -240553987357202 8461.72802572681 -79323.7939843055 3181383861.16656
3124202400 25659390299096.9 -240804314202083 8461.72726809633 -79323.786874207 3181383861.16656
3127358160 25686093478347.1 -241054641024550 8461.72651203856 -79323.7797788759 3181383861.16656
3130513920 25712796655213.8 -241304967824649 8461.72575754862 -79323.7726982663 3181383861.16656
3133669680 25739499829702 -241555294602426 8461.72500462163 -79323.7656323325 3181383861.16656
3136825440 25766203001816.6 -241805621357928 8461.72425325274 -79323.7585810288 3181383861.16656
3139981200 25792906171562.5 -242055948091201 8461.72350343712 -79323.7515443098 3181383861.16656
3143136960 25819609338944.6 -242306274802290 8461.72275516997 -79323.7445221304 3181383861.16656
3146292720 25846312503967.8 -242556601491242 8461.72200844647 -79323.7375144455 3181383861.16656
3149448480 25873015666637 -242806928158102 8461.72126326188 -79323.7305212103 3181383861.16656
3152604240 25899718826957 -243057254802916 8461.72051961142 -79323.7235423801 3181383861.16656
3155760000 25926421984932.5 -243307581425730 8461.71977749037 -79323.7165779105 3181383861.16656
