0 1556958000000 0 -11000 2000 -22756327.2740819
19973164.556962 1325153873320.64 39829360930.5704 -12280.7722590103 1980.73618207672 -22754335.2921526
39946329.113924 1062610309645.82 78632633887.3843 -14146.4382084034 1883.60806349113 -22743812.8785606
59919493.6708861 751596933300.22 113485767591.486 -17369.2864321621 1520.38773585168 -22629984.5030864
79892658.2278481 338463177681.481 130119631366.478 -26521.067869768 -1002.68621170168 -13880072.2742031
99865822.7848101 -207713021755.287 -1441833284249.93 -24876.5584904664 -155016.759983465 12233396527.211
119838987.341772 -703691948494.477 -4531980520460.57 -24814.4458531841 -154598.522640892 12229287047.4954
139812151.898734 -1199178366465.26 -7618926510201.69 -24802.8366511283 -154524.251997494 12229251985.9129
159785316.455696 -1694514433890.79 -10704915611303.8 -24797.8890205578 -154492.906326343 12229249234.2546
179758481.012658 -2189777028220.66 -13790440275782.3 -24795.1453621249 -154475.600614356 12229248765.2312
199731645.56962 -2684995951650.55 -16875689840441.5 -24793.400995996 -154464.626080108 12229248644.9624
219704810.126582 -3180185901007.61 -19960757270529.7 -24792.1940249983 -154457.045225381 12229248605.2101
239677974.683544 -3675355212668.07 -23045695154384.6 -24791.3092399682 -154451.49455649 12229248589.5808
259651139.240506 -4170509073745.12 -26130536152316.8 -24790.632818218 -154447.254784898 12229248582.6087
279624303.797468 -4665650932300.23 -29215301944839.6 -24790.0989064496 -154443.910539036 12229248579.1849
299597468.35443 -5160783197145.6 -32300007661905.4 -24789.6667581799 -154441.205177213 12229248577.3715
319570632.911392 -5655907617612.74 -35384664282002.1 -24789.3098094662 -154438.971575595 12229248576.3506
339543797.468354 -6151025504282.99 -38469280024502.5 -24789.0100020946 -154437.096227207 12229248575.7462
359516962.025316 -6646137864458.8 -41553861203187.9 -24788.7546314229 -154435.499336093 12229248575.373
379490126.582278 -7141245489075.26 -44638412773291.3 -24788.5344993189 -154434.123167017 12229248575.1341
399463291.13924 -7636349010549.09 -47722938695315.2 -24788.342782467 -154432.924914405 12229248574.9764
419436455.696202 -8131448942499.5 -50807442184666.1 -24788.1743123986 -154431.872169488 12229248574.8694
439409620.253164 -8626545707757.74 -53891925887580.6 -24788.025102479 -154430.939944413 12229248574.7952
459382784.810126 -9121639658579.02 -56976392008009.9 -24787.8920283673 -154430.108663173 12229248574.7425
479355949.367088 -9616731091525.16 -60060842401004.8 -24787.7726068349 -154429.362771722 12229248574.7044
499329113.92405 -10111820258619.8 -63145278642684.3 -24787.6648393421 -154428.689755513 12229248574.6765
519302278.481012 -10606907375843.4 -66229702083499.4 -24787.5670992841 -154428.079431615 12229248574.6556
539275443.037974 -11101992629694.7 -69314113889359.4 -24787.4780493133 -154427.523429857 12229248574.6399
559248607.594936 -11597076182323.9 -72398515073796.8 -24787.3965797775 -154427.014806633 12229248574.6278
579221772.151899 -12092158175594.8 -75482906523415.8 -24787.3217622388 -154426.547753394 12229248574.6185
599194936.708861 -12587238734334.1 -78567289018239.9 -24787.2528139323 -154426.117373821 12229248574.6112
619168101.265823 -13082317968954.6 -81651663248139.6 -24787.1890702736 -154425.719511507 12229248574.6054
639141265.822785 -13577395977592.5 -84736029826211.4 -24787.1299633666 -154425.350615279 12229248574.6008
659114430.379747 -14072472847862.6 -87820389299763.4 -24787.0750050369 -154425.0076329 12229248574.5971
679087594.936709 -14567548658310.7 -90904742159404.2 -24787.0237733163 -154424.687926417 12229248574.5941
699060759.493671 -15062623479623.2 -93989088846613.9 -24786.9759015877 -154424.389204182 12229248574.5916
719033924.050633 -15557697375642.6 -97073429760092.4 -24786.931069797 -154424.109465823 12229248574.5896
739007088.607595 -16052770404222.7 -100157765261114 -24786.8889972886 -154423.846957397 12229248574.588
758980253.164557 -16547842617955.8 -103242095678072 -24786.8494369235 -154423.60013457 12229248574.5866
778953417.721519 -17042914064791.1 -106326421310346 -24786.8121702213 -154423.367632219 12229248574.5854
798926582.278481 -17537984788566.5 -109410742431630 -24786.7770033232 -154423.148239165 12229248574.5845
818899746.835443 -18033054829464.9 -112495059292783 -24786.7437636181 -154422.94087707 12229248574.5837
838872911.392405 -18528124224410.2 -115579372124304 -24786.7122969098 -154422.744582708 12229248574.583
858846075.949367 -19023193007409.8 -118663681138475 -24786.6824650246 -154422.558493006 12229248574.5824
878819240.506329 -19518261209854.4 -121747986531234 -24786.6541437829 -154422.381832357 12229248574.5819
898792405.063291 -20013328860779.7 -124832288483810 -24786.6272212717 -154422.213901812 12229248574.5814
918765569.620253 -20508395987095.9 -127916587164158 -24786.6015963659 -154422.054069838 12229248574.581
938738734.177215 -21003462613790.7 -131000882728227 -24786.5771774593 -154421.901764383 12229248574.5807
958711898.734177 -21498528764107.7 -134085175321075 -24786.5538813703 -154421.75646603 12229248574.5804
978685063.291139 -21993594459705.5 -137169465077862 -24786.5316323954 -154421.617702086 12229248574.5802
998658227.848101 -22488659720798.1 -140253752124731 -24786.5103614867 -154421.485041437 12229248574.58
1018631392.40506 -22983724566281.2 -143338036579590 -24786.4900055368 -154421.358090079 12229248574.5798
1038604556.96202 -23478789013843.8 -146422318552817 -24786.4705067532 -154421.236487207 12229248574.5796
1058577721.51899 -23973853080069.1 -149506598147884 -24786.4518121103 -154421.11990179 12229248574.5795
1078550886.07595 -24468916780524.9 -152590875461927 -24786.4338728676 -154421.008029565 12229248574.5793
1098524050.63291 -24963980129844.7 -155675150586245 -24786.4166441459 -154420.900590382 12229248574.5792
1118497215.18987 -25459043141800.8 -158759423606767 -24786.400084552 -154420.797325861 12229248574.5791
1138470379.74683 -25954105829371.1 -161843694604458 -24786.3841558467 -154420.697997321 12229248574.579
1158443544.3038 -26449168204798.4 -164927963655700 -24786.3688226502 -154420.602383935 12229248574.579
1178416708.86076 -26944230279645.6 -168012230832626 -24786.3540521794 -154420.510281093 12229248574.5789
1198389873.41772 -27439292064844.4 -171096496203433 -24786.3398140144 -154420.421498937 12229248574.5788
1218363037.97468 -27934353570741 -174180759832663 -24786.326079889 -154420.33586106 12229248574.5788
1238336202.53165 -28429414807136.8 -177265021781459 -24786.3128235034 -154420.253203331 12229248574.5787
1258309367.08861 -28924475783326.4 -180349282107799 -24786.3000203564 -154420.173372848 12229248574.5787
1278282531.64557 -29419536508131.4 -183433540866711 -24786.287647594 -154420.096226993 12229248574.5786
1298255696.20253 -29914596989932.5 -186517798110471 -24786.2756838732 -154420.021632581 12229248574.5786
1318228860.75949 -30409657236697.9 -189602053888781 -24786.2641092396 -154419.949465096 12229248574.5786
1338202025.31646 -30904717256010.5 -192686308248939 -24786.2529050155 -154419.879607991 12229248574.5785
1358175189.87342 -31399777055091.9 -195770561235987 -24786.2420537003 -154419.811952067 12229248574.5785
1378148354.43038 -31894836640825 -198854812892858 -24786.2315388785 -154419.746394898 12229248574.5785
1398121518.98734 -32389896019775.3 -201939063260498 -24786.2213451372 -154419.682840317 12229248574.5784
1418094683.5443 -32884955198209.4 -205023312377994 -24786.2114579907 -154419.621197943 12229248574.5784
1438067848.10127 -33380014182113.8 -208107560282682 -24786.2018638117 -154419.561382754 12229248574.5784
1458041012.65823 -33875072977210.3 -211191807010248 -24786.1925497689 -154419.503314694 12229248574.5784
1478014177.21519 -34370131588972.3 -214276052594828 -24786.1835037692 -154419.446918317 12229248574.5784
1497987341.77215 -34865190022638.4 -217360297069092 -24786.1747144061 -154419.392122461 12229248574.5783
1517960506.32911 -35360248283225.9 -220444540464331 -24786.1661709108 -154419.338859942 12229248574.5783
1537933670.88608 -35855306375543 -223528782810531 -24786.157863109 -154419.28706729 12229248574.5783
1557906835.44304 -36350364304200.3 -226613024136444 -24786.14978138 -154419.236684485 12229248574.5783
1577880000 -36845422073621.5 -229697264469658 -24786.1419166199 -154419.187654735 12229248574.5783
1597853164.55696 -37340479688053.1 -232781503836654 -24786.1342602068 -154419.139924257 12229248574.5783
1617826329.11392 -37835537151574.2 -235865742262871 -24786.1268039698 -154419.093442079 12229248574.5783
1637799493.67089 -38330594468104.9 -238949979772754 -24786.1195401599 -154419.048159862 12229248574.5783
1657772658.22785 -38825651641414.5 -242034216389807 -24786.1124614228 -154419.004031734 12229248574.5783
1677745822.78481 -39320708675129.2 -245118452136643 -24786.1055607742 -154418.961014126 12229248574.5783
1697718987.34177 -39815765572739.1 -248202687035025 -24786.0988315771 -154418.91906564 12229248574.5783
1717692151.89873 -40310822337605 -251286921105910 -24786.09226752 -154418.878146908 12229248574.5782
1737665316.4557 -40805878972964.9 -254371154369490 -24786.0858625976 -154418.838220472 12229248574.5782
1757638481.01266 -41300935481939.6 -257455386845224 -24786.0796110922 -154418.799250668 12229248574.5782
1777611645.56962 -41795991867538.6 -260539618551876 -24786.0735075568 -154418.761203522 12229248574.5782
1797584810.12658 -42291048132664.9 -263623849507551 -24786.0675467993 -154418.72404665 12229248574.5782
1817557974.68354 -42786104280120.5 -266708079729717 -24786.0617238676 -154418.687749165 12229248574.5782
1837531139.24051 -43281160312610.7 -269792309235244 -24786.0560340361 -154418.652281594 12229248574.5782
1857504303.79747 -43776216232748.4 -272876538040424 -24786.0504727926 -154418.617615794 12229248574.5782
1877477468.35443 -44271272043058.5 -275960766161001 -24786.045035827 -154418.583724882 12229248574.5782
1897450632.91139 -44766327745982 -279044993612192 -24786.0397190192 -154418.550583164 12229248574.5782
1917423797.46835 -45261383343879 -282129220408715 -24786.0345184295 -154418.518166069 12229248574.5782
1937396962.02532 -45756438839032.8 -285213446564806 -24786.0294302885 -154418.486450088 12229248574.5782
1957370126.58228 -46251494233653.3 -288297672094242 -24786.0244509882 -154418.455412719 12229248574.5782
1977343291.13924 -46746549529879.4 -291381897010360 -24786.0195770731 -154418.425032413 12229248574.5782
1997316455.6962 -47241604729782.7 -294466121326077 -24786.0148052325 -154418.395288523 12229248574.5782
2017289620.25316 -47736659835370.2 -297550345053905 -24786.0101322932 -154418.366161258 12229248574.5782
2037262784.81013 -48231714848586.5 -300634568205968 -24786.0055552118 -154418.33763164 12229248574.5782
2057235949.36709 -48726769771317 -303718790794021 -24786.0010710687 -154418.309681461 12229248574.5782
2077209113.92405 -49221824605389.6 -306803012829461 -24785.9966770617 -154418.282293246 12229248574.5782
2097182278.48101 -49716879352577.7 -309887234323343 -24785.9923705 -154418.255450216 12229248574.5782
2117155443.03797 -50211934014601.7 -312971455286395 -24785.988148799 -154418.229136252 12229248574.5782
2137128607.59494 -50706988593131.8 -316055675729028 -24785.9840094748 -154418.203335865 12229248574.5782
2157101772.1519 -51202043089789.2 -319139895661350 -24785.9799501397 -154418.178034166 12229248574.5782
2177074936.70886 -51697097506148.4 -322224115093178 -24785.9759684972 -154418.153216833 12229248574.5782
2197048101.26582 -52192151843739.1 -325308334034047 -24785.972062338 -154418.12887009 12229248574.5782
2217021265.82278 -52687206104047.5 -328392552493224 -24785.9682295358 -154418.104980677 12229248574.5782
2236994430.37975 -53182260288518.2 -331476770479714 -24785.9644680433 -154418.08153583 12229248574.5782
2256967594.93671 -53677314398555.6 -334560988002273 -24785.9607758887 -154418.058523251 12229248574.5782
2276940759.49367 -54172368435525.6 -337645205069416 -24785.9571511724 -154418.035931096 12229248574.5782
2296913924.05063 -54667422400756.7 -340729421689425 -24785.9535920633 -154418.013747947 12229248574.5782
2316887088.60759 -55162476295541.6 -343813637870359 -24785.9500967963 -154417.991962797 12229248574.5782
2336860253.16456 -55657530121138.3 -346897853620061 -24785.9466636688 -154417.97056503 12229248574.5782
2356833417.72152 -56152583878771.5 -349982068946165 -24785.9432910382 -154417.949544404 12229248574.5782
2376806582.27848 -56647637569633.4 -353066283856104 -24785.9399773196 -154417.928891037 12229248574.5782
2396779746.83544 -57142691194885.5 -356150498357118 -24785.9367209826 -154417.908595385 12229248574.5782
2416752911.3924 -57637744755658.9 -359234712456259 -24785.9335205496 -154417.888648236 12229248574.5782
2436726075.94937 -58132798253055.9 -362318926160399 -24785.9303745933 -154417.86904069 12229248574.5782
2456699240.50633 -58627851688150.7 -365403139476233 -24785.9272817343 -154417.849764147 12229248574.5782
2476672405.06329 -59122905061990.4 -368487352410290 -24785.9242406398 -154417.830810295 12229248574.5782
2496645569.62025 -59617958375596.1 -371571564968934 -24785.9212500209 -154417.812171099 12229248574.5782
2516618734.17721 -60113011629963.3 -374655777158372 -24785.9183086313 -154417.793838788 12229248574.5782
2536591898.73418 -60608064826063.2 -377739988984658 -24785.9154152653 -154417.775805845 12229248574.5782
2556565063.29114 -61103117964843.3 -380824200453697 -24785.9125687564 -154417.758064996 12229248574.5782
2576538227.8481 -61598171047228.2 -383908411571254 -24785.9097679754 -154417.7406092 12229248574.5782
2596511392.40506 -62093224074120.1 -386992622342953 -24785.9070118292 -154417.723431644 12229248574.5782
2616484556.96202 -62588277046399.9 -390076832774286 -24785.9042992592 -154417.706525725 12229248574.5782
2636457721.51899 -63083329964927.8 -393161042870613 -24785.9016292402 -154417.689885053 12229248574.5782
2656430886.07595 -63578382830543.6 -396245252637171 -24785.8990007787 -154417.673503433 12229248574.5782
2676404050.63291 -64073435644067.6 -399329462079072 -24785.8964129118 -154417.657374862 12229248574.5782
2696377215.18987 -64568488406301.4 -402413671201314 -24785.8938647065 -154417.641493522 12229248574.5782
2716350379.74683 -65063541118028 -405497880008777 -24785.8913552579 -154417.625853771 12229248574.5781
2736323544.3038 -65558593780012.7 -408582088506231 -24785.8888836883 -154417.61045014 12229248574.5781
2756296708.86076 -66053646393003.5 -411666296698340 -24785.8864491467 -154417.595277319 12229248574.5781
2776269873.41772 -66548698957731.7 -414750504589662 -24785.884050807 -154417.580330161 12229248574.5781
2796243037.97468 -67043751474912.3 -417834712184654 -24785.8816878678 -154417.565603668 12229248574.5781
2816216202.53164 -67538803945244.5 -420918919487674 -24785.8793595509 -154417.55109299 12229248574.5781
2836189367.08861 -68033856369412.4 -424003126502986 -24785.8770651011 -154417.536793416 12229248574.5781
2856162531.64557 -68528908748084.9 -427087333234760 -24785.8748037846 -154417.522700373 12229248574.5781
2876135696.20253 -69023961081916.7 -430171539687077 -24785.8725748889 -154417.508809419 12229248574.5781
2896108860.75949 -69519013371548.4 -433255745863930 -24785.8703777218 -154417.495116238 12229248574.5781
2916082025.31645 -70014065617607 -436339951769227 -24785.8682116105 -154417.481616635 12229248574.5781
2936055189.87342 -70509117820706.2 -439424157406793 -24785.8660759013 -154417.468306536 12229248574.5781
2956028354.43038 -71004169981446.8 -442508362780374 -24785.8639699584 -154417.455181977 12229248574.5781
2976001518.98734 -71499222100417.2 -445592567893637 -24785.8618931641 -154417.442239106 12229248574.5781
2995974683.5443 -71994274178193.4 -448676772750173 -24785.8598449171 -154417.429474176 12229248574.5781
3015947848.10126 -72489326215340 -451760977353499 -24785.857824633 -154417.416883542 12229248574.5781
3035921012.65823 -72984378212409.5 -454845181707061 -24785.8558317429 -154417.404463659 12229248574.5781
3055894177.21519 -73479430169943.7 -457929385814236 -24785.8538656935 -154417.392211076 12229248574.5781
3075867341.77215 -73974482088473.3 -461013589678330 -24785.8519259461 -154417.380122436 12229248574.5781
3095840506.32911 -74469533968518.2 -464097793302586 -24785.8500119764 -154417.368194471 12229248574.5781
3115813670.88607 -74964585810588.2 -467181996690181 -24785.848123274 -154417.356423997 12229248574.5781
3135786835.44304 -75459637615183.1 -470266199844229 -24785.8462593418 -154417.344807917 12229248574.5781
3155760000 -75954689382792.7 -473350402767784 -24785.8444196957 -154417.333343212 12229248574.5781
