0 1556958000000 0 -11000 2000 -22756327.2740819
32201632.6530612 1168947127336.82 63832507974.1639 -13326.0685938279 1936.15914240391 -22720287.6411959
64403265.3061225 672131983616.344 120160670772.126 -18546.5997759126 1316.62123497537 -21554529.6198429
96604897.9591837 -305270790964.098 18841925832.509 -34067.8267400467 -7537.42015999344 174711900.599571
128806530.612245 -1038740649945.93 -212649011344.68 -18688.9192703385 -6306.14827661937 69328217.3184305
161008163.265306 -1596429300245.66 -405956278445.419 -16317.4196704471 -5763.09448386265 69151939.3009291
193209795.918367 -2101643396348.09 -586223338854.674 -15171.3635977496 -5457.64288305485 69140147.9577372
225411428.571429 -2578120679531.62 -758540331534.018 -14471.580998573 -5257.11980729975 69138223.569437
257613061.22449 -3035971404681.29 -925398690840.609 -13991.9162441331 -5113.45803213414 69137734.824266
289814693.877551 -3480589419878.09 -1088232641302.83 -13639.237690718 -5004.5762174555 69137572.7317409
322016326.530612 -3915241199077.82 -1247954974220.51 -13367.335687409 -4918.73768567547 69137508.4270784
354217959.183673 -4342074987365.1 -1405187749374.67 -13150.3907295806 -4849.05935143426 69137479.4106953
386419591.836735 -4762588500974.56 -1560376528609.51 -12972.7265284964 -4791.20741821151 69137464.9825067
418621224.489796 -5177872466465.81 -1713852792170.37 -12824.2199167712 -4742.30229482101 69137457.2427385
450822857.142857 -5588748612771.32 -1865870638715.04 -12698.0143333275 -4700.3480211229 69137452.8300296
483024489.795918 -5995853056919.55 -2016629628574.32 -12589.2855464576 -4663.9130976113 69137450.1851533
515226122.448979 -6399689319099.46 -2166289664646.01 -12494.5319763492 -4631.94154822157 69137448.5322004
547427755.102041 -6800663446965.41 -2314981054865.72 -12411.1452926656 -4603.63578255506 69137447.4618731
579629387.755102 -7199108095069.52 -2462811531814.46 -12337.139410963 -4578.38111936839 69137446.7473715
611831020.408163 -7595299514465.64 -2609871280785.42 -12270.9732846337 -4555.69554100828 69137446.2576162
644032653.061224 -7989469838533.54 -2756236624098.36 -12211.4314694785 -4535.19529442376 69137445.9140375
676234285.714286 -8381816158429.25 -2901972774623.95 -12157.5414939696 -4516.57076152855 69137445.6680157
708435918.367347 -8772507352920.69 -3047135929643.6 -12108.5153733323 -4499.56916860094 69137445.4886067
740637551.020408 -9161689313256.16 -3191774887687.67 -12063.7073720992 -4483.98196073294 69137445.3556184
772839183.67347 -9549488998903.69 -3335932314211.85 -12022.5829516387 -4469.63542670856 69137445.2555772
805040816.326531 -9936017627088.66 -3479645744608.38 -11984.6955734972 -4456.38363199229 69137445.17931
837242448.979592 -10321373210742.9 -3622948387910.24 -11949.6691206065 -4444.10301883251 69137445.1204569
869444081.632653 -10705642599544.6 -3765869777291.4 -11917.1844016999 -4432.68822915733 69137445.074535
901645714.285715 -11088903137274.5 -3908436301407.86 -11886.9686674808 -4422.04883697162 69137445.0383365
933847346.938776 -11471224019545.3 -4050671642057.87 -11858.787378186 -4412.10676590146 69137445.0095338
966048979.591837 -11852667415112.4 -4192597137463.38 -11832.4376748748 -4402.79422893049 69137444.9864167
998250612.244898 -12233289398859.9 -4334232085961.12 -11807.7431545707 -4394.05207042127 69137444.9677132
1030452244.89796 -12613140733454.1 -4475594001550.22 -11784.5496536154 -4385.8284211293 69137444.9524675
1062653877.55102 -12992267528399 -4616698830242.79 -11762.7218181258 -4378.0775989776 69137444.9399538
1094855510.20408 -13370711799028.2 -4757561134270.79 -11742.1402944108 -4370.75920444907 69137444.9296156
1127057142.85714 -13748511943250 -4898194249756.71 -11722.6994117414 -4363.83737132138 69137444.9210227
1159258775.5102 -14125703150249 -5038610422339.69 -11704.3052591528 -4357.28014231432 69137444.9138396
1191460408.16327 -14502317752553.3 -5178820924381.33 -11686.8740798632 -4351.05894587714 69137444.9078029
1223662040.81633 -14878385530691.2 -5318836156694.94 -11670.330923445 -4345.14815539972 69137444.9027039
1255863673.46939 -15253933977947.4 -5458665737204.14 -11654.6085084894 -4339.52471600513 69137444.8983764
1288065306.12245 -15628988531369.6 -5598318578509.4 -11639.646258198 -4334.16782707217 69137444.8946872
1320266938.77551 -16003572774091.3 -5737802955998.11 -11625.3894788345 -4329.0586709638 69137444.8915287
1352468571.42857 -16377708613168.8 -5877126567857.79 -11611.7886568226 -4324.18018026111 69137444.8888136
1384670204.08163 -16751416436425.2 -6016296588128.25 -11598.7988548768 -4319.51683724106 69137444.8864708
1416871836.73469 -17124715251224.3 -6155319713745.67 -11586.3791911812 -4315.05450047826 69137444.8844419
1449073469.38775 -17497622807632.1 -6294202206382.17 -11574.4923885314 -4310.78025436358 69137444.8826786
1481275102.04082 -17870155708038.5 -6432949929761.27 -11563.1043826624 -4306.6822780646 69137444.8811412
1513476734.69388 -18242329504998.4 -6571568383027.17 -11552.1839808515 -4302.74973104526 69137444.8797965
1545678367.34694 -18614158788787.2 -6710062730661.49 -11541.7025633916 -4298.97265274174 69137444.8786169
1577880000 -18985657265948.8 -6848437829369.87 -11531.6338217542 -4295.3418743842 69137444.877579
1610081632.65306 -19356837829933.1 -6986698252301.6 -11521.9535282647 -4291.84894127455 69137444.8766634
1642283265.30612 -19727712624763.7 -7124848310915.37 -11512.639332933 -4288.48604409519 69137444.8758535
1674484897.95918 -20098293102550.6 -7262892074762.04 -11503.6705837591 -4285.24595804217 69137444.8751352
1706686530.61224 -20468590075552.1 -7400833389419.38 -11495.0281673975 -4282.12198875755 69137444.8744968
1738888163.26531 -20838613763397.1 -7538675892783.32 -11486.6943675256 -4279.10792418723 69137444.873928
1771089795.91837 -21208373836001.2 -7676423029894.17 -11478.6527386556 -4276.19799161686 69137444.87342
1803291428.57143 -21577879452641.6 -7814078066453.99 -11470.8879934506 -4273.38681924458 69137444.8729654
1835493061.22449 -21947139297597.6 -7951644101172.04 -11463.3859018821 -4270.66940173902 69137444.8725577
1867694693.87755 -22316161612715.8 -8089124077058.83 -11456.1332007969 -4268.04106930657 69137444.8721914
1899896326.53061 -22684954227213.5 -8226520791775.06 -11449.1175126548 -4265.49745985581 69137444.8718617
1932097959.18367 -23053524584998.4 -8363836907129.07 -11442.3272723667 -4263.03449390193 69137444.8715642
1964299591.83673 -23421879769750.3 -8501074957806.23 -11435.7516613031 -4260.6483519001 69137444.8712955
1996501224.48979 -23790026527982.1 -8638237359403.7 -11429.3805476617 -4258.3354537369 69137444.8710522
2028702857.14286 -24157971290273.3 -8775326415836.43 -11423.2044324895 -4256.0924401428 69137444.8708317
2060904489.79592 -24525720190848.1 -8912344326172.62 -11417.2144007397 -4253.9161558181 69137444.8706314
2093106122.44898 -24893279085650.9 -9049293190950.99 -11411.4020768231 -4251.80363409025 69137444.8704493
2125307755.10204 -25260653569057 -9186175018026.44 -11405.7595841772 -4249.75208294209 69137444.8702834
2157509387.7551 -25627848989339.1 -9322991727985.94 -11400.279508434 -4247.75887226965 69137444.8701321
2189711020.40816 -25994870463002.5 -9459745159172.26 -11394.9548638175 -4245.82152224465 69137444.8699938
2221912653.06122 -26361722888083.9 -9596437072349.12 -11389.7790624433 -4243.93769267113 69137444.8698674
2254114285.71428 -26728410956505.6 -9733069155038.43 -11384.7458862318 -4242.10517323815 69137444.8697515
2286315918.36735 -27094939165563.8 -9869643025556.78 -11379.8494611777 -4240.32187458139 69137444.8696453
2318517551.02041 -27461311828622.6 -10006160236776.1 -11375.0842337468 -4238.58582007618 69137444.8695477
2350719183.67347 -27827533085079.5 -10142622279631 -11370.4449491989 -4236.89513829285 69137444.869458
2382920816.32653 -28193606909662.5 -10279030586392.7 -11365.9266316534 -4235.24805605247 69137444.8693754
2415122448.97959 -28559537121109.2 -10415386533728.6 -11361.5245657367 -4233.64289202803 69137444.8692994
2447324081.63265 -28925327390280.4 -10551691445563.6 -11357.2342796656 -4232.07805084128 69137444.8692292
2479525714.28571 -29290981247749.1 -10687946595759.1 -11353.0515296387 -4230.55201761109 69137444.8691643
2511727346.93878 -29656502090906.5 -10824153210622.6 -11348.972285416 -4229.06335291321 69137444.8691044
2543928979.59184 -30021893190621.9 -10960312471261.8 -11344.9927169851 -4227.61068811568 69137444.8690489
2576130612.2449 -30387157697488.9 -11096425515793.6 -11341.1091822174 -4226.19272105743 69137444.8689975
2608332244.89796 -30752298647688.9 -11232493441419 -11337.3182154299 -4224.80821204091 69137444.8689498
2640533877.55102 -31117318968500.3 -11368517306374.6 -11333.6165167761 -4223.45598011234 69137444.8689055
2672735510.20408 -31482221483478.2 -11504498131767.1 -11330.0009423961 -4222.13489960571 69137444.8688644
2704937142.85714 -31847008917327.7 -11640436903301.8 -11326.4684952633 -4220.84389692889 69137444.8688262
2737138775.51021 -32211683900494.2 -11776334572910.7 -11323.0163166701 -4219.58194757226 69137444.8687906
2769340408.16327 -32576248973487.8 -11912192060287.4 -11319.6416783025 -4218.34807332191 69137444.8687574
2801542040.81633 -32940706590962.2 -12048010254335.7 -11316.3419748541 -4217.14133966146 69137444.8687265
2833743673.46939 -33305059125563.5 -12183790014537.3 -11313.1147171398 -4215.96085334741 69137444.8686977
2865945306.12245 -33669308871564.7 -12319532172244 -11309.9575256676 -4214.80576014493 69137444.8686707
2898146938.77551 -34033458048300.3 -12455237531899.3 -11306.868124635 -4213.67524271152 69137444.8686455
2930348571.42857 -34397508803414.1 -12590906872194.2 -11303.8443363163 -4212.56851861756 69137444.868622
2962550204.08163 -34761463215931.5 -12726540947161.2 -11300.8840758123 -4211.48483849337 69137444.8685999
2994751836.7347 -35125323299169.3 -12862140487210.8 -11297.9853461346 -4210.42348429355 69137444.8685792
3026953469.38776 -35489091003491 -12997706200113.7 -11295.1462336003 -4209.38376766981 69137444.8685599
3059155102.04082 -35852768218919.4 -13133238771932.1 -11292.3649035141 -4208.36502844464 69137444.8685417
3091356734.69388 -36216356777614.3 -13268738867903.8 -11289.6395961173 -4207.36663317848 69137444.8685247
3123558367.34694 -36579858456223.5 -13404207133280.9 -11286.968622784 -4206.38797382373 69137444.8685087
3155760000 -36943274978115.4 -13539644194127.3 -11284.3503624479 -4205.42846645957 69137444.8684936
