0 1556958000000 0 -11000 2000 -22756327.2740819
8070997.44245524 1466322021117.2 16135266894.3243 -11469.0485701383 1997.41925485533 -22756313.2766282
16141994.8849105 1371655481335.77 32224694293.5653 -12001.2013717968 1988.24047844058 -22756288.6621833
24212992.3273657 1272383174747.65 48203748079.1791 -12613.7981866884 1969.44103817529 -22756242.5948573
32283989.769821 1167761186400.31 63976820969.2724 -13331.932929082 1936.16753186759 -22756149.4018971
40354987.2122762 1056795514925.68 79396996190.9721 -14193.6690428517 1880.19464626359 -22755941.0702683
48425984.6547315 938100809306.895 94227147452.7805 -15260.3704126454 1786.56142677243 -22755409.1015891
56496982.0971867 809633639728.163 108057613196.641 -16639.4575185023 1625.29762166062 -22753773.1457678
64567979.539642 668126858178.275 120106949430.627 -18542.554204064 1327.33060344698 -22747124.47306
72638976.9820972 507663989939.085 128631328312.062 -21471.7987626225 693.299211871711 -22704056.0472917
80709974.4245525 314870865926.473 128432866950.063 -27117.5263957561 -1171.84500206838 -21981294.8517643
88780971.8670077 38000256054.5671 85842148422.5979 -48872.4647019959 -31159.185300496 265723127.761111
96851969.3094629 -363384535423.126 -294633746034.711 -39709.8830784445 -42906.1774634705 1425165890.96863
104922966.751918 -674346941631.371 -632829958738.666 -37829.506450446 -41271.2990091472 1423658394.27899
112993964.194373 -976870078250.758 -963259842563.598 -37220.7354647323 -40685.8285917711 1423604096.68633
121064961.636829 -1275930943600.15 -1290294792011.03 -36916.2319692336 -40381.7705448154 1423597362.1709
129135959.079284 -1573086721596.64 -1615407762921.71 -36732.8493680299 -40194.8970110584 1423595908.72324
137206956.521739 -1869032174697.28 -1939279362299.43 -36610.1059586594 -40068.1982316234 1423595477.28306
145277953.964194 -2164139023239.25 -2262281456609.03 -36522.1094944624 -39976.5536669041 1423595319.60226
153348951.40665 -2458629880168.02 -2584639914545.52 -36455.8962965006 -39907.142681145 1423595252.86694
161419948.849105 -2752648793662.68 -2906502391589.06 -36404.2485683345 -39852.7282230566 1423595221.36518
169490946.29156 -3046294411340.39 -3227970792733.75 -36362.8250898432 -39808.9119749344 1423595205.18523
177561943.734015 -3339637286503.87 -3549118446642.52 -36328.8565091117 -39772.8651725672 1423595196.29663
185632941.176471 -3632729642780.41 -3869999899234.49 -36300.4922356497 -39742.6850414067 1423595191.13816
193703938.618926 -3925611229372.54 -4190656836377.9 -36276.4482297803 -39717.044150099 1423595188.0047
201774936.061381 -4218313007982.49 -4511121839317.35 -36255.8053980233 -39694.9880095841 1423595186.02652
209845933.503836 -4510859569560.03 -4831420860670.53 -36237.8884182751 -39675.8125652835 1423595184.73579
217916930.946292 -4803270772657.26 -5151574911245.06 -36222.189873071 -39658.987039483 1423595183.86922
225987928.388747 -5095562886319.18 -5471601241733.97 -36208.3210752935 -39644.1036648798 1423595183.27271
234058925.831202 -5387749407222.15 -5791514190717.7 -36195.9792309832 -39630.843969175 1423595182.85296
242129923.273657 -5679841656564.79 -6111325806106.36 -36184.9249359929 -39618.955579992 1423595182.55176
250200920.716112 -5971849224364.01 -6431046309036.37 -36174.9663996109 -39608.2359075964 1423595182.33181
258271918.158568 -6263780305729.05 -6750684445876.47 -36165.9481592981 -39598.5204369253 1423595182.16865
266342915.601023 -6555641959192.15 -7070247759263.66 -36157.7428618098 -39589.6741774163 1423595182.04588
274413913.043478 -6847440307830.61 -7389742799553.15 -36150.245180318 -39581.5853192414 1423595181.9523
282484910.485933 -7139180697749 -7709175291751.2 -36143.3672464856 -39574.1604587557 1423595181.88012
290555907.928389 -7430867824335.68 -8028550268731.19 -36137.035174657 -39567.3209580202 1423595181.82384
298626905.370844 -7722505833854.8 -8347872178593.12 -36131.1863850827 -39561.0001359583 1423595181.77953
306697902.813299 -8014098405941.83 -8667144971967.7 -36125.767519697 -39555.1410775365 1423595181.74431
314768900.255754 -8305648821156.84 -8986372173601.85 -36120.732802796 -39549.6949078656 1423595181.71607
322839897.69821 -8597160016731.52 -9305556941505.48 -36116.0427395826 -39544.6194200019 1423595181.69327
330910895.140665 -8888634632903.81 -9624702116167.81 -36111.6630740022 -39539.8779746384 1423595181.67471
338981892.58312 -9180075051686.04 -9943810261779.86 -36107.5639475161 -39535.4386108204 1423595181.6595
347052890.025575 -9471483429503.04 -10262883700973.3 -36103.7192150025 -39531.2733219112 1423595181.64695
355123887.46803 -9762861724828.42 -10581924544262.2 -36100.1058845661 -39527.3574620467 1423595181.63654
363194884.910486 -10054211721712 -10900934715129.6 -36096.7036558313 -39523.6692564305 1423595181.62786
371265882.352941 -10345535049910.5 -11219915971509.4 -36093.4945370867 -39520.189394869 1423595181.62057
379336879.795396 -10636833202194.1 -11538869924268.1 -36090.4625259997 -39516.9006924875 1423595181.61443
387407877.237851 -10928107549290.7 -11857798053176.5 -36087.5933419147 -39513.7878050152 1423595181.60923
395478874.680307 -11219359352846 -12176701720769 -36084.8742002631 -39510.8369886648 1423595181.6048
403549872.122762 -11510589776706.5 -12495582184417.4 -36082.2936215524 -39508.0358966613 1423595181.60102
411620869.565217 -11801799896779.3 -12814440606889.2 -36079.8412689014 -39505.3734060543 1423595181.59777
419691867.007672 -12092990709680.2 -13133278065611.9 -36077.5078092651 -39502.8394696807 1423595181.59498
427762864.450128 -12384163140342.4 -13452095560830.1 -36075.2847944127 -39500.4249891163 1423595181.59256
435833861.892583 -12675318048735 -13770894022810.6 -36073.1645584543 -39498.1217052239 1423595181.59047
443904859.335038 -12966456235810.6 -14089674318224.8 -36071.1401292908 -39495.9221035165 1423595181.58864
451975856.777493 -13257578448788.1 -14408437255819.8 -36069.2051518297 -39493.8193320489 1423595181.58705
460046854.219948 -13548685385856.9 -14727183591470.8 -36067.3538211802 -39491.8071299426 1423595181.58566
468117851.662404 -13839777700376.5 -15045914032694.2 -36065.5808243478 -39489.879764971 1423595181.58443
476188849.104859 -14130856004636.8 -15364629242688.7 -36063.8812891911 -39488.0319788932 1423595181.58335
484259846.547314 -14421920873230.8 -15683329843963 -36062.2507396078 -39486.2589394354 1423595181.5824
492330843.989769 -14712972846089.1 -16002016421599.5 -36060.6850560802 -39484.5561979963 1423595181.58156
500401841.432225 -15004012431213.9 -16320689526197.4 -36059.180440846 -39482.919652295 1423595181.58081
508472838.87468 -15295040107149.3 -16639349676531.2 -36057.7333870754 -39481.345513301 1423595181.58015
516543836.317135 -15586056325216.8 -16957997361958.5 -36056.3406515249 -39479.8302758829 1423595181.57955
524614833.75959 -15877061511542.8 -17276633044603.8 -36054.9992302204 -39478.3706926987 1423595181.57903
532685831.202046 -16168056068900.4 -17595257161343.6 -36053.7063367839 -39476.9637509154 1423595181.57855
540756828.644501 -16459040378386.1 -17913870125613.3 -36052.4593830745 -39475.6066514085 1423595181.57813
548827826.086956 -16750014800948.8 -18232472329055.9 -36051.2559618617 -39474.2967901364 1423595181.57774
556898823.529411 -17040979678785.6 -18551064143027.5 -36050.0938312837 -39473.0317414305 1423595181.5774
564969820.971867 -17331935336619.8 -18869645919975.5 -36048.9709008827 -39471.8092429748 1423595181.57709
573040818.414322 -17622882082870.7 -19188217994701.4 -36047.8852190317 -39470.6271822776 1423595181.57681
581111815.856777 -17913820210727.6 -19506780685519.8 -36046.8349615935 -39469.483584467 1423595181.57656
589182813.299233 -18204749999137.2 -19825334295324.3 -36045.8184216746 -39468.37660126 1423595181.57632
597253810.741688 -18495671713711.2 -20143879112567.7 -36044.8340003521 -39467.3045009764 1423595181.57612
605324808.184143 -18786585607563.9 -20462415412166.3 -36043.880198266 -39466.2656594836 1423595181.57593
613395805.626598 -19077491922083.9 -20780943456334.3 -36042.9556079866 -39465.2585519726 1423595181.57575
621466803.069054 -19368390887648 -21099463495354.2 -36042.0589070731 -39464.2817454771 1423595181.57559
629537800.511509 -19659282724280.9 -21417975768291 -36041.1888517516 -39463.3338920593 1423595181.57545
637608797.953964 -19950167642266.9 -21736480503652.2 -36040.34427115 -39462.4137225937 1423595181.57532
645679795.39642 -20241045842716.5 -22054977920001.1 -36039.524062032 -39461.520041088 1423595181.5752
653750792.838875 -20531917518092.6 -22373468226525.7 -36038.7271839818 -39460.6517194887 1423595181.57509
661821790.28133 -20822782852699.4 -22691951623567.5 -36037.9526549941 -39459.8076929232 1423595181.57499
669892787.723786 -21113642023137.3 -23010428303113.4 -36037.1995474304 -39458.9869553362 1423595181.57489
677963785.166241 -21404495198726.6 -23328898449254.5 -36036.4669843071 -39458.1885554832 1423595181.57481
686034782.608696 -21695342541902.3 -23647362238612.8 -36035.7541358839 -39457.4115932465 1423595181.57473
694105780.051151 -21986184208582.8 -23965819840740.6 -36035.0602165233 -39456.6552162454 1423595181.57465
702176777.493607 -22277020348513.3 -24284271418492.4 -36034.3844817984 -39455.918616712 1423595181.57459
710247774.936062 -22567851105588.5 -24602717128373.7 -36033.7262258253 -39455.2010286093 1423595181.57452
718318772.378517 -22858676618152.7 -24921157120866.5 -36033.0847787993 -39454.5017249699 1423595181.57447
726389769.820973 -23149497019282.4 -25239591540735 -36032.4595047186 -39453.8200154363 1423595181.57441
734460767.263428 -23440312437050.1 -25558020527311.3 -36031.8497992781 -39453.1552439838 1423595181.57436
742531764.705883 -23731122994772.2 -25876444214764.4 -36031.2550879182 -39452.5067868127 1423595181.57432
750602762.148338 -24021928811241.7 -26194862732351.8 -36030.6748240167 -39451.8740503922 1423595181.57427
758673759.590794 -24312730000947.1 -26513276204656.8 -36030.1084872107 -39451.2564696468 1423595181.57423
766744757.033249 -24603526674277.5 -26831684751810.9 -36029.5555818379 -39450.6535062703 1423595181.5742
774815754.475704 -24894318937716.3 -27150088489703.9 -36029.0156354882 -39450.064647159 1423595181.57416
782886751.91816 -25185106894023.6 -27468487530180.9 -36028.4881976554 -39449.4894029537 1423595181.57413
790957749.360615 -25475890642407.4 -27786881981228.6 -36027.9728384819 -39448.927306681 1423595181.5741
799028746.80307 -25766670278685.6 -28105271947151.1 -36027.4691475892 -39448.3779124881 1423595181.57407
807099744.245525 -26057445895439 -28423657528734.9 -36026.976732986 -39447.8407944613 1423595181.57405
815170741.687981 -26348217582155.5 -28742038823405.9 -36026.4952200503 -39447.3155455238 1423595181.57402
823241739.130436 -26638985425366 -29060415925376.8 -36026.0242505771 -39446.8017764051 1423595181.574
831312736.572891 -26929749508773.8 -29378788925787.5 -36025.5634818891 -39446.2991146782 1423595181.57398
839383734.015347 -27220509913376.3 -29697157912836.4 -36025.1125860035 -39445.8072038576 1423595181.57396
847454731.457802 -27511266717580.1 -30015522971906.8 -36024.6712488535 -39445.3257025556 1423595181.57394
855525728.900257 -27802019997311.1 -30333884185684.3 -36024.2391695568 -39444.854283691 1423595181.57392
863596726.342713 -28092769826117.4 -30652241634270.3 -36023.8160597316 -39444.3926337476 1423595181.57391
871667723.785168 -28383516275267.9 -30970595395288.1 -36023.4016428534 -39443.9404520775 1423595181.57389
879738721.227623 -28674259413845.5 -31288945543984 -36022.995653652 -39443.497450248 1423595181.57388
887809718.670078 -28964999308835.5 -31607292153323.8 -36022.5978375445 -39443.0633514268 1423595181.57386
895880716.112534 -29255736025210 -31925635294083.7 -36022.2079501024 -39442.6378898052 1423595181.57385
903951713.554989 -29546469626007.4 -32243975034937.3 -36021.8257565499 -39442.2208100538 1423595181.57384
912022710.997444 -29837200172408.6 -32562311442537.9 -36021.4510312923 -39441.8118668118 1423595181.57383
920093708.4399 -30127927723809.4 -32880644581597.3 -36021.0835574715 -39441.4108242048 1423595181.57381
928164705.882355 -30418652337889.1 -33198974514960 -36020.7231265469 -39441.0174553904 1423595181.5738
936235703.32481 -30709374070676 -33517301303674.9 -36020.3695379002 -39440.6315421304 1423595181.57379
944306700.767265 -31000092976610.2 -33835625007062.7 -36020.0225984629 -39440.2528743862 1423595181.57379
952377698.209721 -31290809108602.6 -34153945682780.8 -36019.6821223644 -39439.8812499372 1423595181.57378
960448695.652176 -31581522518091.8 -34472263386884.7 -36019.3479305995 -39439.5164740209 1423595181.57377
968519693.094631 -31872233255098.4 -34790578173887 -36019.0198507142 -39439.1583589913 1423595181.57376
976590690.537087 -32162941368276.7 -35108890096813.4 -36018.6977165087 -39438.8067239974 1423595181.57375
984661687.979542 -32453646904963.6 -35427199207256.4 -36018.3813677566 -39438.4613946781 1423595181.57375
992732685.421997 -32744349911226.2 -35745505555426.3 -36018.0706499385 -39438.1222028735 1423595181.57374
1000803682.86445 -33035050431906.7 -36063809190200.5 -36017.7654139904 -39437.7889863519 1423595181.57373
1008874680.30691 -33325748510665.2 -36382110159169.9 -36017.465516065 -39437.4615885505 1423595181.57373
1016945677.74936 -33616444190021.4 -36700408508683.8 -36017.170817305 -39437.13985833 1423595181.57372
1025016675.19182 -33907137511393.4 -37018704283893 -36016.8811836294 -39436.8236497417 1423595181.57372
1033087672.63427 -34197828515135.8 -37336997528790.3 -36016.5964855288 -39436.5128218067 1423595181.57371
1041158670.07673 -34488517240575.9 -37655288286250.1 -36016.316597873 -39436.2072383059 1423595181.57371
1049229667.51918 -34779203726047.9 -37973576598065.9 -36016.0413997271 -39435.9067675808 1423595181.5737
1057300664.96164 -35069888008926.4 -38291862504986.3 -36015.770774177 -39435.6112823443 1423595181.5737
1065371662.40409 -35360570125658 -38610146046749.8 -36015.5046081641 -39435.3206595006 1423595181.57369
1073442659.84655 -35651250111791.9 -38928427262117.5 -36015.2427923269 -39435.0347799743 1423595181.57369
1081513657.28901 -35941928002008.9 -39246706188905.1 -36014.9852208518 -39434.7535285471 1423595181.57369
1089584654.73146 -36232603830149.9 -39564982864013.7 -36014.73179133 -39434.4767937035 1423595181.57368
1097655652.17392 -36523277629242.1 -39883257323458.5 -36014.4824046216 -39434.2044674826 1423595181.57368
1105726649.61637 -36813949431525.9 -40201529602397.3 -36014.2369647264 -39433.936445338 1423595181.57368
1113797647.05883 -37104619268478.5 -40519799735157.6 -36013.9953786603 -39433.6726260035 1423595181.57367
1121868644.50128 -37395287170838.8 -40838067755262.2 -36013.7575563379 -39433.4129113659 1423595181.57367
1129939641.94374 -37685953168629.9 -41156333695454.3 -36013.5234104606 -39433.1572063427 1423595181.57367
1138010639.38619 -37976617291181 -41474597587721.8 -36013.2928564091 -39432.9054187661 1423595181.57367
1146081636.82865 -38267279567149 -41792859463319.7 -36013.0658121419 -39432.6574592726 1423595181.57366
1154152634.2711 -38557940024538.7 -42111119352793.1 -36012.8421980978 -39432.4132411965 1423595181.57366
1162223631.71356 -38848598690722.3 -42429377285998 -36012.6219371024 -39432.172680469 1423595181.57366
1170294629.15601 -39139255592458.7 -42747633292121.9 -36012.40495428 -39431.935695522 1423595181.57366
1178365626.59847 -39429910755911.3 -43065887399704 -36012.1911769678 -39431.7022071954 1423595181.57365
1186436624.04092 -39720564206665.7 -43384139636653.9 -36011.9805346354 -39431.4721386491 1423595181.57365
1194507621.48338 -40011215969746.6 -43702390030270 -36011.7729588069 -39431.2454152785 1423595181.57365
1202578618.92583 -40301866069634.1 -44020638607257.5 -36011.5683829865 -39431.0219646336 1423595181.57365
1210649616.36829 -40592514530279.4 -44338885393745.1 -36011.3667425876 -39430.8017163423 1423595181.57365
1218720613.81075 -40883161375119.8 -44657130415301.8 -36011.1679748646 -39430.5846020358 1423595181.57364
1226791611.2532 -41173806627093.5 -44975373696952.7 -36010.9720188481 -39430.3705552784 1423595181.57364
1234862608.69566 -41464450308653.6 -45293615263194.1 -36010.7788152821 -39430.1595114992 1423595181.57364
1242933606.13811 -41755092441781.3 -45611855138008.5 -36010.5883065641 -39429.9514079271 1423595181.57364
1251004603.58057 -42045733047999.9 -45930093344878.8 -36010.4004366886 -39429.7461835289 1423595181.57364
1259075601.02302 -42336372148386.6 -46248329906802.4 -36010.2151511912 -39429.5437789494 1423595181.57364
1267146598.46548 -42627009763585.1 -46566564846303.7 -36010.0323970966 -39429.3441364537 1423595181.57364
1275217595.90793 -42917645913817.5 -46884798185448 -36009.8521228675 -39429.1471998732 1423595181.57363
1283288593.35039 -43208280618895.4 -47203029945853.1 -36009.6742783567 -39428.9529145517 1423595181.57363
1291359590.79284 -43498913898231.3 -47521260148701.6 -36009.4988147603 -39428.7612272958 1423595181.57363
1299430588.2353 -43789545770849 -47839488814752.7 -36009.3256845727 -39428.5720863257 1423595181.57363
1307501585.67775 -44080176255393.9 -48157715964353 -36009.1548415443 -39428.3854412288 1423595181.57363
1315572583.12021 -44370805370143.1 -48475941617447.8 -36008.9862406397 -39428.2012429148 1423595181.57363
1323643580.56266 -44661433133015 -48794165793591.2 -36008.8198379984 -39428.0194435725 1423595181.57363
1331714578.00512 -44952059561578.7 -49112388511956.7 -36008.655590897 -39427.8399966287 1423595181.57363
1339785575.44757 -45242684673062.8 -49430609791346.4 -36008.4934577117 -39427.6628567081 1423595181.57363
1347856572.89003 -45533308484364.3 -49748829650201.2 -36008.3333978842 -39427.4879795951 1423595181.57363
1355927570.33249 -45823931012057.2 -50067048106609.5 -36008.1753718872 -39427.3153221971 1423595181.57362
1363998567.77494 -46114552272400.2 -50385265178316.5 -36008.0193411918 -39427.144842509 1423595181.57362
1372069565.2174 -46405172281345.3 -50703480882732.4 -36007.8652682365 -39426.9764995789 1423595181.57362
1380140562.65985 -46695791054545 -51021695236941.2 -36007.7131163969 -39426.8102534757 1423595181.57362
1388211560.10231 -46986408607359.8 -51339908257708.6 -36007.5628499565 -39426.6460652571 1423595181.57362
1396282557.54476 -47277024954865.6 -51658119961489.9 -36007.414434079 -39426.4838969394 1423595181.57362
1404353554.98722 -47567640111860.6 -51976330364437.5 -36007.267834781 -39426.3237114682 1423595181.57362
1412424552.42967 -47858254092872.1 -52294539482408.4 -36007.1230189064 -39426.1654726899 1423595181.57362
1420495549.87213 -48148866912163 -52612747330971.5 -36006.9799541014 -39426.0091453248 1423595181.57362
1428566547.31458 -48439478583738.2 -52930953925414.3 -36006.8386087898 -39425.8546949407 1423595181.57362
1436637544.75704 -48730089121350.9 -53249159280749.6 -36006.6989521505 -39425.7020879275 1423595181.57362
1444708542.19949 -49020698538508.4 -53567363411722.5 -36006.5609540946 -39425.551291473 1423595181.57362
1452779539.64195 -49311306848478.2 -53885566332816.1 -36006.424585244 -39425.4022735393 1423595181.57362
1460850537.0844 -49601914064293.2 -54203768058258.1 -36006.2898169105 -39425.25500284 1423595181.57362
1468921534.52686 -49892520198757.8 -54521968602026.6 -36006.1566210755 -39425.1094488184 1423595181.57362
1476992531.96931 -50183125264452.7 -54840167977856 -36006.0249703708 -39424.9655816262 1423595181.57361
1485063529.41177 -50473729273740.4 -55158366199242.6 -36005.8948380596 -39424.8233721035 1423595181.57361
1493134526.85423 -50764332238769.9 -55476563279450 -36005.7661980187 -39424.6827917584 1423595181.57361
1501205524.29668 -51054934171482.1 -55794759231514.4 -36005.6390247206 -39424.5438127484 1423595181.57361
1509276521.73914 -51345535083613.8 -56112954068250.1 -36005.5132932171 -39424.4064078622 1423595181.57361
1517347519.18159 -51636134986703 -56431147802254.1 -36005.3889791225 -39424.2705505013 1423595181.57361
1525418516.62405 -51926733892093.1 -56749340445911 -36005.2660585981 -39424.1362146635 1423595181.57361
1533489514.0665 -52217331810937.1 -57067532011398.1 -36005.1445083368 -39424.0033749257 1423595181.57361
1541560511.50896 -52507928754202.2 -57385722510689.8 -36005.0243055486 -39423.8720064284 1423595181.57361
1549631508.95141 -52798524732673.5 -57703911955561.9 -36004.905427946 -39423.7420848596 1423595181.57361
1557702506.39387 -53089119756958.3 -58022100357596.3 -36004.7878537304 -39423.6135864405 1423595181.57361
1565773503.83632 -53379713837489.8 -58340287728185 -36004.671561579 -39423.4864879102 1423595181.57361
1573844501.27878 -53670306984531.2 -58658474078534.4 -36004.5565306313 -39423.3607665123 1423595181.57361
1581915498.72123 -53960899208178.9 -58976659419669 -36004.4427404772 -39423.2363999809 1423595181.57361
1589986496.16369 -54251490518366.4 -59294843762435.9 -36004.3301711448 -39423.1133665277 1423595181.57361
1598057493.60614 -54542080924867.9 -59613027117507.8 -36004.2188030883 -39422.9916448291 1423595181.57361
1606128491.0486 -54832670437301.4 -59931209495387.4 -36004.1086171771 -39422.8712140139 1423595181.57361
1614199488.49105 -55123259065132.1 -60249390906410.8 -36003.999594685 -39422.7520536516 1423595181.57361
1622270485.93351 -55413846817675.7 -60567571360750.6 -36003.8917172788 -39422.6341437404 1423595181.57361
1630341483.37597 -55704433704101.6 -60885750868420.1 -36003.784967009 -39422.5174646962 1423595181.57361
1638412480.81842 -55995019733435.6 -61203929439275.9 -36003.6793262991 -39422.4019973421 1423595181.57361
1646483478.26088 -56285604914563.4 -61522107083021.4 -36003.5747779362 -39422.2877228972 1423595181.57361
1654554475.70333 -56576189256232.9 -61840283809210.1 -36003.4713050618 -39422.1746229671 1423595181.57361
1662625473.14579 -56866772767057.7 -62158459627248.7 -36003.3688911625 -39422.0626795335 1423595181.57361
1670696470.58824 -57157355455519.1 -62476634546399.6 -36003.2675200611 -39421.9518749449 1423595181.57361
1678767468.0307 -57447937329969.4 -62794808575784.5 -36003.1671759088 -39421.8421919073 1423595181.57361
1686838465.47315 -57738518398634.2 -63112981724386.9 -36003.0678431757 -39421.7336134751 1423595181.57361
1694909462.91561 -58029098669615.1 -63431154001054.6 -36002.9695066442 -39421.6261230422 1423595181.57361
1702980460.35806 -58319678150892 -63749325414503.1 -36002.8721513999 -39421.5197043342 1423595181.57361
1711051457.80052 -58610256850325.7 -64067495973317.7 -36002.7757628251 -39421.4143413994 1423595181.57361
1719122455.24297 -58900834775660.2 -64385665685956.2 -36002.6803265908 -39421.3100186011 1423595181.57361
1727193452.68543 -59191411934524.9 -64703834560751.5 -36002.5858286499 -39421.2067206101 1423595181.57361
1735264450.12788 -59481988334437 -65022002605913.9 -36002.4922552303 -39421.1044323969 1423595181.5736
1743335447.57034 -59772563982803.7 -65340169829533.7 -36002.3995928282 -39421.0031392245 1423595181.5736
1751406445.01279 -60063138886924.2 -65658336239583.4 -36002.3078282013 -39420.9028266413 1423595181.5736
1759477442.45525 -60353713053991.9 -65976501843919.9 -36002.216948363 -39420.8034804743 1423595181.5736
1767548439.89771 -60644286491096.2 -66294666650286.8 -36002.1269405759 -39420.7050868223 1423595181.5736
1775619437.34016 -60934859205225 -66612830666316.8 -36002.037792346 -39420.6076320495 1423595181.5736
1783690434.78262 -61225431203266.1 -66930993899533.3 -36001.9494914167 -39420.5111027791 1423595181.5736
1791761432.22507 -61516002492009.4 -67249156357353 -36001.8620257637 -39420.4154858875 1423595181.5736
1799832429.66753 -61806573078148.7 -67567318047087.5 -36001.7753835887 -39420.3207684977 1423595181.5736
1807903427.10998 -62097142968283.3 -67885478975945.5 -36001.689553315 -39420.2269379742 1423595181.5736
1815974424.55244 -62387712168920.1 -68203639151034.8 -36001.6045235817 -39420.133981917 1423595181.5736
1824045421.99489 -62678280686475.2 -68521798579364 -36001.5202832391 -39420.0418881562 1423595181.5736
1832116419.43735 -62968848527275.4 -68839957267844.1 -36001.4368213433 -39419.9506447468 1423595181.5736
1840187416.8798 -63259415697560.1 -69158115223291 -36001.354127152 -39419.8602399633 1423595181.5736
1848258414.32226 -63549982203482.8 -69476272452426.7 -36001.2721901198 -39419.7706622949 1423595181.5736
1856329411.76471 -63840548051112.4 -69794428961880.9 -36001.1909998933 -39419.6819004405 1423595181.5736
1864400409.20717 -64131113246435.5 -70112584758193.3 -36001.1105463073 -39419.5939433039 1423595181.5736
1872471406.64962 -64421677795357 -70430739847814.6 -36001.0308193799 -39419.5067799896 1423595181.5736
1880542404.09208 -64712241703702 -70748894237108.5 -36000.9518093092 -39419.4203997974 1423595181.5736
1888613401.53453 -65002804977217.4 -71067047932352.9 -36000.8735064686 -39419.3347922189 1423595181.5736
1896684398.97699 -65293367621573 -71385200939741.8 -36000.795901403 -39419.2499469329 1423595181.5736
1904755396.41945 -65583929642362.8 -71703353265386.8 -36000.7189848254 -39419.1658538011 1423595181.5736
1912826393.8619 -65874491045106.8 -72021504915318 -36000.6427476127 -39419.0825028644 1423595181.5736
1920897391.30436 -66165051835251.8 -72339655895486.3 -36000.5671808023 -39418.9998843385 1423595181.5736
1928968388.74681 -66455612018173.1 -72657806211763.9 -36000.4922755886 -39418.9179886107 1423595181.5736
1937039386.18927 -66746171599175.3 -72975955869946.3 -36000.4180233197 -39418.8368062354 1423595181.5736
1945110383.63172 -67036730583493.9 -73294104875753.4 -36000.3444154938 -39418.7563279312 1423595181.5736
1953181381.07418 -67327288976296.5 -73612253234830.9 -36000.271443756 -39418.6765445769 1423595181.5736
1961252378.51663 -67617846782683.6 -73930400952751.4 -36000.1990998953 -39418.5974472083 1423595181.5736
1969323375.95909 -67908404007690.2 -74248548035015.9 -36000.1273758415 -39418.5190270146 1423595181.5736
1977394373.40154 -68198960656286.7 -74566694487054.8 -36000.056263662 -39418.4412753353 1423595181.5736
1985465370.844 -68489516733379.9 -74884840314229.1 -35999.9857555592 -39418.3641836571 1423595181.5736
1993536368.28645 -68780072243814.3 -75202985521832 -35999.9158438671 -39418.2877436104 1423595181.5736
2001607365.72891 -69070627192373 -75521130115089.3 -35999.8465210493 -39418.2119469667 1423595181.5736
2009678363.17136 -69361181583779 -75839274099161.4 -35999.7777796956 -39418.1367856356 1423595181.5736
2017749360.61382 -69651735422695.5 -76157417479143.6 -35999.7096125196 -39418.0622516615 1423595181.5736
2025820358.05627 -69942288713727.9 -76475560260067.5 -35999.6420123564 -39417.9883372213 1423595181.5736
2033891355.49873 -70232841461424.1 -76793702446902.5 -35999.5749721595 -39417.9150346214 1423595181.5736
2041962352.94118 -70523393670275.3 -77111844044555.9 -35999.508484999 -39417.842336295 1423595181.5736
2050033350.38364 -70813945344717.7 -77429985057874.8 -35999.4425440586 -39417.7702347998 1423595181.5736
2058104347.8261 -71104496489132.6 -77748125491646.6 -35999.3771426338 -39417.6987228149 1423595181.5736
2066175345.26855 -71395047107847.8 -78066265350600 -35999.3122741293 -39417.6277931389 1423595181.5736
2074246342.71101 -71685597205138.2 -78384404639406.3 -35999.2479320568 -39417.5574386871 1423595181.5736
2082317340.15346 -71976146785226.8 -78702543362679.8 -35999.1841100331 -39417.4876524895 1423595181.5736
2090388337.59592 -72266695852285.5 -79020681524979.1 -35999.1208017777 -39417.4184276879 1423595181.5736
2098459335.03837 -72557244410435.9 -79338819130808.1 -35999.0580011107 -39417.3497575344 1423595181.5736
2106530332.48083 -72847792463750.2 -79656956184616.3 -35998.9957019511 -39417.2816353886 1423595181.5736
2114601329.92328 -73138340016251.8 -79975092690800.3 -35998.9338983147 -39417.2140547158 1423595181.5736
2122672327.36574 -73428887071916.3 -80293228653704.4 -35998.8725843119 -39417.1470090846 1423595181.5736
2130743324.80819 -73719433634672 -80611364077621.1 -35998.8117541463 -39417.0804921653 1423595181.5736
2138814322.25065 -74009979708400.9 -80929498966792.6 -35998.7514021126 -39417.0144977277 1423595181.5736
2146885319.6931 -74300525296939.3 -81247633325411 -35998.6915225948 -39416.9490196388 1423595181.5736
2154956317.13556 -74591070404078.4 -81565767157619.3 -35998.6321100645 -39416.8840518614 1423595181.5736
2163027314.57801 -74881615033565.4 -81883900467512.2 -35998.5731590794 -39416.8195884523 1423595181.5736
2171098312.02047 -75172159189103.7 -82202033259136.7 -35998.5146642811 -39416.7556235597 1423595181.5736
2179169309.46292 -75462702874353.7 -82520165536493.1 -35998.4566203942 -39416.6921514225 1423595181.5736
2187240306.90538 -75753246092933.8 -82838297303535.5 -35998.3990222242 -39416.6291663678 1423595181.5736
2195311304.34784 -76043788848420.8 -83156428564172.4 -35998.3418646559 -39416.5666628095 1423595181.5736
2203382301.79029 -76334331144350.2 -83474559322267.9 -35998.2851426524 -39416.5046352466 1423595181.5736
2211453299.23275 -76624872984217.5 -83792689581641.6 -35998.2288512532 -39416.4430782615 1423595181.5736
2219524296.6752 -76915414371478.3 -84110819346070.2 -35998.1729855726 -39416.3819865186 1423595181.5736
2227595294.11766 -77205955309549.1 -84428948619287.2 -35998.1175407989 -39416.3213547628 1423595181.5736
2235666291.56011 -77496495801807.9 -84747077404984.3 -35998.0625121923 -39416.2611778175 1423595181.5736
2243737289.00257 -77787035851594.6 -85065205706811.7 -35998.0078950843 -39416.2014505839 1423595181.5736
2251808286.44502 -78077575462212 -85383333528378.6 -35997.9536848756 -39416.1421680389 1423595181.5736
2259879283.88748 -78368114636925.7 -85701460873254.1 -35997.8998770355 -39416.0833252339 1423595181.5736
2267950281.32993 -78658653378965.1 -86019587744967.7 -35997.8464671 -39416.0249172937 1423595181.5736
2276021278.77239 -78949191691524 -86337714147009.6 -35997.7934506712 -39415.9669394146 1423595181.5736
2284092276.21484 -79239729577760.9 -86655840082831.8 -35997.7408234156 -39415.9093868636 1423595181.5736
2292163273.6573 -79530267040799.5 -86973965555848.2 -35997.6885810632 -39415.8522549769 1423595181.5736
2300234271.09975 -79820804083729.2 -87292090569435.3 -35997.6367194062 -39415.7955391586 1423595181.5736
2308305268.54221 -80111340709606 -87610215126933.1 -35997.5852342979 -39415.7392348795 1423595181.5736
2316376265.98466 -80401876921452.4 -87928339231644.9 -35997.5341216515 -39415.6833376759 1423595181.5736
2324447263.42712 -80692412722258.3 -88246462886838.4 -35997.4833774395 -39415.6278431485 1423595181.5736
2332518260.86958 -80982948114981.2 -88564586095746.2 -35997.4329976919 -39415.572746961 1423595181.5736
2340589258.31203 -81273483102546.9 -88882708861565.9 -35997.3829784957 -39415.5180448394 1423595181.5736
2348660255.75449 -81564017687849.9 -89200831187460.9 -35997.3333159936 -39415.4637325704 1423595181.5736
2356731253.19694 -81854551873753.5 -89518953076561 -35997.2840063834 -39415.4098060008 1423595181.5736
2364802250.6394 -82145085663090.9 -89837074531962.7 -35997.2350459163 -39415.3562610358 1423595181.5736
2372873248.08185 -82435619058665 -90155195556729.4 -35997.186430897 -39415.3030936389 1423595181.5736
2380944245.52431 -82726152063249.2 -90473316153892.4 -35997.1381576816 -39415.2502998298 1423595181.5736
2389015242.96676 -83016684679587.6 -90791436326451.2 -35997.0902226777 -39415.1978756843 1423595181.5736
2397086240.40922 -83307216910395.7 -91109556077373.6 -35997.0426223428 -39415.1458173328 1423595181.5736
2405157237.85167 -83597748758360.3 -91427675409596.4 -35996.9953531838 -39415.0941209597 1423595181.5736
2413228235.29413 -83888280226140.6 -91745794326026.1 -35996.9484117562 -39415.0427828021 1423595181.5736
2421299232.73658 -84178811316367.8 -92063912829538.7 -35996.9017946628 -39414.9917991492 1423595181.5736
2429370230.17904 -84469342031646.2 -92382030922980.6 -35996.8554985534 -39414.9411663413 1423595181.5736
2437441227.62149 -84759872374553 -92700148609169 -35996.8095201238 -39414.8908807688 1423595181.5736
2445512225.06395 -85050402347639 -93018265890891.9 -35996.7638561149 -39414.8409388715 1423595181.5736
2453583222.5064 -85340931953429 -93336382770908.9 -35996.7185033121 -39414.7913371377 1423595181.5736
2461654219.94886 -85631461194421.8 -93654499251951.6 -35996.6734585445 -39414.7420721035 1423595181.5736
2469725217.39132 -85921990073090.9 -93972615336723.5 -35996.628718684 -39414.6931403516 1423595181.5736
2477796214.83377 -86212518591884.8 -94290731027901 -35996.5842806448 -39414.6445385111 1423595181.5736
2485867212.27623 -86503046753227.1 -94608846328133.4 -35996.5401413827 -39414.5962632563 1423595181.5736
2493938209.71868 -86793574559517.2 -94926961240043.1 -35996.4962978942 -39414.5483113059 1423595181.5736
2502009207.16114 -87084102013130.2 -95245075766226.6 -35996.4527472158 -39414.5006794227 1423595181.5736
2510080204.60359 -87374629116417.6 -95563189909254.1 -35996.4094864238 -39414.4533644123 1423595181.5736
2518151202.04605 -87665155871707.3 -95881303671670.5 -35996.366512633 -39414.4063631229 1423595181.5736
2526222199.4885 -87955682281304.3 -96199417055995.1 -35996.3238229964 -39414.3596724442 1423595181.5736
2534293196.93096 -88246208347490.6 -96517530064722.5 -35996.2814147048 -39414.313289307 1423595181.5736
2542364194.37341 -88536734072525.7 -96835642700322.6 -35996.2392849855 -39414.2672106823 1423595181.5736
2550435191.81587 -88827259458646.9 -97153754965241 -35996.1974311025 -39414.2214335808 1423595181.5736
2558506189.25832 -89117784508069.6 -97471866861899.4 -35996.1558503552 -39414.1759550522 1423595181.5736
2566577186.70078 -89408309222987.5 -97789978392695.8 -35996.1145400784 -39414.1307721846 1423595181.5736
2574648184.14323 -89698833605572.8 -98108089560004.9 -35996.0734976413 -39414.0858821038 1423595181.5736
2582719181.58569 -89989357657976.8 -98426200366178.2 -35996.0327204472 -39414.0412819728 1423595181.5736
2590790179.02814 -90279881382330 -98744310813544.7 -35995.9922059328 -39413.9969689911 1423595181.5736
2598861176.4706 -90570404780742.2 -99062420904410.7 -35995.9519515677 -39413.9529403941 1423595181.5736
2606932173.91306 -90860927855302.9 -99380530641060.4 -35995.9119548541 -39413.9091934526 1423595181.5736
2615003171.35551 -91151450608081.7 -99698640025756.2 -35995.8722133257 -39413.8657254723 1423595181.5736
2623074168.79797 -91441973041128.3 -100016749060739 -35995.8327245481 -39413.8225337931 1423595181.5736
2631145166.24042 -91732495156472.9 -100334857748228 -35995.7934861172 -39413.7796157886 1423595181.5736
2639216163.68288 -92023016956126.6 -100652966090421 -35995.7544956597 -39413.7369688656 1423595181.5736
2647287161.12533 -92313538442081.2 -100971074089497 -35995.7157508321 -39413.6945904636 1423595181.5736
2655358158.56779 -92604059616309.8 -101289181747611 -35995.6772493203 -39413.6524780541 1423595181.5736
2663429156.01024 -92894580480767 -101607289066902 -35995.6389888392 -39413.6106291405 1423595181.5736
2671500153.4527 -93185101037389.1 -101925396049485 -35995.6009671322 -39413.5690412571 1423595181.5736
2679571150.89515 -93475621288094.2 -102243502697458 -35995.5631819709 -39413.5277119691 1423595181.5736
2687642148.33761 -93766141234782.4 -102561609012897 -35995.5256311543 -39413.4866388716 1423595181.5736
2695713145.78006 -94056660879336.5 -102879714997862 -35995.4883125089 -39413.4458195897 1423595181.5736
2703784143.22252 -94347180223621.7 -103197820654390 -35995.4512238879 -39413.4052517777 1423595181.5736
2711855140.66497 -94637699269485.7 -103515925984503 -35995.4143631708 -39413.3649331187 1423595181.5736
2719926138.10743 -94928218018759.7 -103834030990202 -35995.3777282631 -39413.324861324 1423595181.5736
2727997135.54988 -95218736473257.7 -104152135673470 -35995.341317096 -39413.2850341332 1423595181.5736
2736068132.99234 -95509254634777.3 -104470240036273 -35995.3051276259 -39413.2454493131 1423595181.5736
2744139130.4348 -95799772505099.6 -104788344080557 -35995.2691578339 -39413.2061046578 1423595181.5736
2752210127.87725 -96090290085989.7 -105106447808252 -35995.2334057256 -39413.166997988 1423595181.5736
2760281125.31971 -96380807379196.4 -105424551221271 -35995.1978693307 -39413.1281271507 1423595181.5736
2768352122.76216 -96671324386452.8 -105742654321508 -35995.1625467024 -39413.0894900189 1423595181.5736
2776423120.20462 -96961841109476.7 -106060757110840 -35995.1274359177 -39413.0510844908 1423595181.5736
2784494117.64707 -97252357549969.9 -106378859591130 -35995.0925350761 -39413.0129084901 1423595181.5736
2792565115.08953 -97542873709619.5 -106696961764220 -35995.0578423002 -39412.974959965 1423595181.5736
2800636112.53198 -97833389590097.2 -107015063631939 -35995.0233557346 -39412.9372368883 1423595181.5736
2808707109.97444 -98123905193059.9 -107333165196098 -35994.9890735459 -39412.8997372565 1423595181.5736
2816778107.41689 -98414420520149.7 -107651266458493 -35994.9549939228 -39412.8624590901 1423595181.5736
2824849104.85935 -98704935572994.5 -107969367420903 -35994.9211150747 -39412.8254004328 1423595181.5736
2832920102.3018 -98995450353207.4 -108287468085092 -35994.8874352326 -39412.7885593511 1423595181.5736
2840991099.74426 -99285964862387.6 -108605568452808 -35994.8539526478 -39412.7519339344 1423595181.5736
2849062097.18671 -99576479102120.2 -108923668525785 -35994.8206655924 -39412.7155222943 1423595181.5736
2857133094.62917 -99866993073976.3 -109241768305740 -35994.7875723584 -39412.6793225643 1423595181.5736
2865204092.07162 -100157506779514 -109559867794376 -35994.7546712576 -39412.6433328997 1423595181.5736
2873275089.51408 -100448020220276 -109877966993381 -35994.7219606216 -39412.6075514771 1423595181.5736
2881346086.95654 -100738533397794 -110196065904428 -35994.6894388009 -39412.5719764941 1423595181.5736
2889417084.39899 -101029046313584 -110514164529177 -35994.6571041654 -39412.5366061692 1423595181.5736
2897488081.84145 -101319558969152 -110832262869272 -35994.6249551033 -39412.5014387412 1423595181.5736
2905559079.2839 -101610071365989 -111150360926344 -35994.5929900216 -39412.466472469 1423595181.5736
2913630076.72636 -101900583505573 -111468458702009 -35994.5612073453 -39412.4317056315 1423595181.5736
2921701074.16881 -102191095389369 -111786556197870 -35994.5296055174 -39412.3971365271 1423595181.5736
2929772071.61127 -102481607018832 -112104653415516 -35994.4981829984 -39412.3627634735 1423595181.5736
2937843069.05372 -102772118395402 -112422750356523 -35994.4669382665 -39412.3285848076 1423595181.5736
2945914066.49618 -103062629520509 -112740847022453 -35994.435869817 -39412.2945988847 1423595181.5736
2953985063.93863 -103353140395568 -113058943414855 -35994.4049761619 -39412.2608040791 1423595181.5736
2962056061.38109 -103643651021986 -113377039535265 -35994.3742558301 -39412.2271987828 1423595181.5736
2970127058.82354 -103934161401154 -113695135385206 -35994.3437073671 -39412.1937814062 1423595181.5736
2978198056.266 -104224671534454 -114013230966189 -35994.3133293342 -39412.1605503772 1423595181.5736
2986269053.70845 -104515181423257 -114331326279711 -35994.2831203092 -39412.1275041413 1423595181.5736
2994340051.15091 -104805691068919 -114649421327257 -35994.2530788854 -39412.0946411612 1423595181.5736
3002411048.59336 -105096200472789 -114967516110301 -35994.2232036718 -39412.0619599166 1423595181.5736
3010482046.03582 -105386709636203 -115285610630303 -35994.1934932925 -39412.029458904 1423595181.5736
3018553043.47828 -105677218560484 -115603704888712 -35994.1639463871 -39411.9971366364 1423595181.5736
3026624040.92073 -105967727246948 -115921798886964 -35994.1345616098 -39411.9649916432 1423595181.5736
3034695038.36319 -106258235696897 -116239892626484 -35994.1053376299 -39411.9330224698 1423595181.5736
3042766035.80564 -106548743911624 -116557986108686 -35994.0762731308 -39411.9012276776 1423595181.5736
3050837033.2481 -106839251892411 -116876079334971 -35994.0473668106 -39411.8696058433 1423595181.5736
3058908030.69055 -107129759640528 -117194172306730 -35994.0186173813 -39411.8381555595 1423595181.5736
3066979028.13301 -107420267157238 -117512265025341 -35993.990023569 -39411.8068754338 1423595181.5736
3075050025.57546 -107710774443792 -117830357492172 -35993.9615841134 -39411.7757640889 1423595181.5736
3083121023.01792 -108001281501429 -118148449708580 -35993.933297768 -39411.7448201621 1423595181.5736
3091192020.46037 -108291788331381 -118466541675911 -35993.9051632994 -39411.7140423058 1423595181.5736
3099263017.90283 -108582294934868 -118784633395500 -35993.8771794876 -39411.6834291863 1423595181.5736
3107334015.34528 -108872801313102 -119102724868671 -35993.8493451256 -39411.6529794845 1423595181.5736
3115405012.78774 -109163307467284 -119420816096737 -35993.8216590192 -39411.6226918952 1423595181.5736
3123476010.23019 -109453813398606 -119738907081002 -35993.7941199871 -39411.5925651272 1423595181.5736
3131547007.67265 -109744319108250 -120056997822759 -35993.7667268602 -39411.5625979027 1423595181.5736
3139618005.1151 -110034824597389 -120375088323289 -35993.739478482 -39411.5327889577 1423595181.5736
3147689002.55756 -110325329867187 -120693178583867 -35993.7123737081 -39411.5031370414 1423595181.5736
3155760000.00002 -110615834918798 -121011268605753 -35993.6854114061 -39411.473640916 1423595181.5736
