0 1556958000000 0 -11000 2000 -22756327.2740819 105192
224742.871896309 1555800584889.89 210383986.33895 -11005.7644167263 1999.9996102518 -22756327.2740819 224742.871896309
329796.69781931 1554644084466.42 420491542.651123 -11011.5298297608 1999.9984407377 -22756327.2740819 105053.825923001
553650.575376668 1553486977913.47 630598934.990222 -11017.3038285854 1999.99648797332 -22756327.2740819 223853.877557358
695276.347080175 1551926091763.49 913849723.284073 -11025.1015360826 1999.9926094967 -22756327.2740819 141625.771703506
794161.440588989 1550835603981.78 1111619009.25066 -11030.5553114293 1999.98904917434 -22756327.2740819 98885.0935088137
876796.867857068 1549923900816.26 1276888817.00968 -11035.1187609518 1999.98553388799 -22756327.2740819 82635.4272680796
1098534.54575976 1549011820326.28 1442158313.90194 -11039.6875822024 1999.98152507183 -22756327.2740819 221737.677902687
1247021.96067621 1547371955347.39 1739129792.99509 -11047.9108221661 1999.97307592669 -22756327.2740819 148487.414916452
1469719.06894421 1545730868026.2 2036099898.14225 -11056.1515113236 1999.96301748278 -22756327.2740819 222697.108268005
1594284.90915437 1544353217942.46 2285226380.34687 -11063.0781198935 1999.95333072026 -22756327.2740819 124565.840210154
1698375.76745053 1543201350984.06 2493402779.04214 -11068.8756803326 1999.94435764958 -22756327.2740819 104090.858296165
1917913.94705048 1542048880102.12 2701578201.92699 -11074.6819004386 1999.93458091955 -22756327.2740819 219538.179599952
2064934.68390288 1540420068485.08 2995608961.20409 -11082.8975616099 1999.91939586846 -22756327.2740819 147020.736852395
2286242.78522848 1538790047717.97 3289637368.95978 -11091.1306125457 1999.90259024407 -22756327.2740819 221308.101325603
2434418.01620105 1537146001031.52 3585972040.59404 -11099.4459777263 1999.88400255726 -22756327.2740819 148175.230972567
2537857.80209489 1535997576017.6 3792838898.46631 -11105.2614058881 1999.87003920045 -22756327.2740819 103439.785893839
2756022.80395057 1534848549007.33 3999704269.79824 -11111.0855330352 1999.8552598148 -22756327.2740819 218165.001855679
2902119.00661134 1533224659845.23 4291873922.21956 -11119.3262747888 1999.83298849243 -22756327.2740819 146096.202660776
3120441.65533723 1531599565466.9 4584040200.81993 -11127.5844842103 1999.80907180047 -22756327.2740819 218322.648725883
3235851.0828731 1530314960258.65 4814835873.19858 -11134.1204921401 1999.7890086108 -22756327.2740819 115409.427535878
3447751.96118039 1529029600100.42 5045629170.22656 -11140.6674761896 1999.7679070474 -22756327.2740819 211900.878307281
3589703.62406216 1527447591406.33 5329497624.97952 -11148.7352595566 1999.74052078629 -22756327.2740819 141951.662881779
3808474.60094542 1525864436291.06 5613362079.58167 -11156.8197622246 1999.71154608912 -22756327.2740819 218770.97688326
3954940.59886086 1524229729600.41 5906249535.47991 -11165.1789599955 1999.67997458823 -22756327.2740819 146465.997915441
4077302.0450149 1522863114188.14 6150931587.26524 -11172.17619694 1999.65228664376 -22756327.2740819 122361.446154032
4293922.67869797 1521495641815.84 6395610177.67661 -11179.1859937787 1999.62339730994 -22756327.2740819 216620.633683076
4450865.75153645 1519740439308.44 6709434197.75267 -11188.1953419317 1999.58457441887 -22756327.2740819 156943.072838478
4560383.23427183 1518514791474.66 6928422127.44081 -11194.4945414459 1999.55629893132 -22756327.2740819 109517.482735379
4770643.36281126 1517288453211.94 7147406906.91556 -11200.803907892 1999.52704468512 -22756327.2740819 210260.128539427
4911482.82964577 1515710365729.2 7429016497.85917 -11208.9327448502 1999.4879775445 -22756327.2740819 140839.466834508
5009807.75584404 1514607968820.74 7625614623.71423 -11214.617798694 1999.45973404114 -22756327.2740818 98324.9261982707
5226649.6043554 1513505012523.28 7822209933.1797 -11220.3111248461 1999.43068957581 -22756327.2740818 216841.848511364
5371808.0745182 1511875678405.45 8112441035.65231 -11228.7314298511 1999.38633946296 -22756327.2740818 145158.4701628
5456482.13572817 1510924687853.34 8281736071.44794 -11233.6515513465 1999.35965506334 -22756327.2740818 84674.0612099675
5670986.3658826 1509973280432.62 8451028822.27284 -11238.5778622902 1999.33236811944 -22756327.2740818 214504.230154438
5790946.05402654 1508624685012.15 8690865740.98128 -11245.5677037247 1999.29267422899 -22756327.2740818 119959.688143938
6003314.77374119 1507275250343.63 8930697824.89875 -11252.570037146 1999.25176012659 -22756327.2740818 212368.719714643
6102588.88522086 1506157873411.95 9129170047.2862 -11258.3743796961 1999.21697385581 -22756327.2740818 99274.1114796711
6185549.28494386 1505223672740.67 9295024657.99124 -11263.2314949869 1999.18725703159 -22756327.2740818 82960.3997230012
3155760000 1504289068871.38 9460876778.86245 -11268.0946340845 1999.15694886399 -22756327.2740818 3149574450.71506
