0 1556958000000 0 -11000 2000 -22756327.2740819 105192
35619344.7722621 1555800584889.89 210383986.33895 -11005.7644167263 1999.9996102518 -22756327.2740819 35619344.7722621
56333746.4933126 1314726158227.07 41504201231.1365 -12345.05421902 1978.77280133513 -22756162.2599596 20714401.7210505
73430497.1694371 1091065796178.23 74786863389.7191 -13915.1201948596 1900.20414501371 -22755858.791044 17096750.6761245
86623459.1707625 896601738834.203 98963932179.3525 -15676.7933669219 1742.66758003377 -22755424.7297456 13192962.0013254
96785871.2675991 727782450280.815 115477461075.492 -17680.3179851529 1473.29412838559 -22754772.8993283 10162412.0968366
104520443.278536 582794100361.467 125417024362.433 -19968.342749284 1045.90221850094 -22753790.2708983 7734572.01093714
110344124.309463 459408033387.269 129829130289.764 -22592.8679724707 393.339397192674 -22752293.6845181 5823681.03092625
114679742.212529 355392217987.711 129664552257.355 -25610.9554660941 -582.222987352625 -22749997.9672374 4335617.90306652
117871341.543102 268530096626.287 125772401638.702 -29081.1781058065 -2024.70499223938 -22746462.8010792 3191599.33057272
120195352.922541 196678572639.923 118890648469.437 -33052.7219298081 -4147.60176311388 -22741033.6466361 2324011.37943916
121871277.311405 137801959394.45 109635330009.289 -37540.4350294134 -7270.16640940083 -22732818.963601 1675924.38886361
123071349.753321 89994486608.8688 98482128863.6405 -42468.6416832293 -11872.8157361857 -22720869.7774956 1200072.44191617
123929393.363727 51489635689.0286 85726842880.7674 -47543.669581327 -18680.5605656463 -22705081.2422099 858043.610406227
124549312.529024 20651369220.3953 71383931112.172 -51949.0413733684 -28783.3185287117 -22689213.3340087 619919.165296842
125015230.539371 -4086200429.93039 54848894446.5197 -53509.6283858475 -43797.1844106096 -22687973.1211395 465918.010347659
125416140.56755 -24464673548.6001 33127730455.0777 -45289.5069779319 -65954.2704817581 -22703732.2774873 400910.028178907
125686309.038001 -34409622060.2222 13182553258.1046 -26247.2563576364 -80438.8872438468 -22678673.8905101 270168.470450273
125929452.248559 -37992078278.4574 -6891427552.8422 -3386.51939656491 -82575.2909879269 -22727513.1506338 243143.210558565
126227747.340669 -36549604353.2074 -26190904039.9833 13835.7422898781 -75281.0927227741 -22760435.419528 298295.092109777
126704139.500247 -30574798257.8414 -46925169682.2516 24721.9704960632 -63901.6107211818 -22772158.0139604 476392.159578207
127165131.688787 -17552440549.3379 -73086976622.896 30456.5285441341 -50584.4498202445 -22792416.9020648 460992.188539699
127746373.015611 -3159790799.00747 -94300461507.2747 31611.3339850792 -42057.3011591535 -22797775.5373807 581241.326823748
128486095.038265 15164925784.2099 -116582721669.043 31279.1774007668 -35130.8175273531 -22802271.9878914 739722.022653978
129435541.378693 37906255891.0879 -140335851070.825 30160.4768755839 -29513.3596116536 -22805734.1382126 949446.340428416
130655360.532138 65809503062.1062 -166013489986.409 28635.2579342613 -24920.169773643 -22808361.9504265 1219819.15344454
132219877.685233 99662160755.9919 -193939102048.858 26922.0144555852 -21145.1995140434 -22810324.3934234 1564517.15309541
134219762.495984 140340075972.349 -224404080920.224 25149.348767984 -18025.9380982635 -22811777.9158809 1999884.81075117
136765185.313523 188801218615.013 -257678497560.484 23392.9704333146 -15434.2782873161 -22812850.3130895 2545422.81753845
139989252.941862 246085111455.669 -294018418770.935 21696.2891770141 -13268.7984674955 -22813640.8489241 3224067.62833971
144051827.613693 313308640087.753 -333666547200.226 20082.7180749624 -11449.018262913 -22814224.2831849 4062574.67183055
149143746.552672 391659330082.177 -376849715621.069 18563.2308638367 -9910.89230684745 -22814655.9498497 5091918.93897962
155491456.516838 482385168044.205 -423773862889.803 17141.1022563354 -8603.28339861735 -22814976.4100264 6347709.96416508
163362062.63435 586780199542.696 -474616805436.734 15814.9158623503 -7485.20494852918 -22815215.2535425 7870606.1175127
173068776.026882 706164947480.059 -529518826369.037 14580.4839406598 -6523.66842084612 -22815394.0313776 9706713.39253218
184976725.798104 841860540738.658 -588570970156.375 13432.0727941533 -5692.00374693119 -22815528.4472585 11907949.7712218
199509076.827394 995155253780.217 -651800844668.015 12363.1800697262 -4968.54781328664 -22815629.9661351 14532351.0292893
217153363.674168 1167261937274.96 -719155673024.23 11367.0204605883 -4335.61854934396 -22815706.9825973 17644286.8467744
238467910.711229 1359264559787.68 -790482292320.238 10436.8204338216 -3778.71031082113 -22815765.665042 21314547.0370612
264088156.831875 1572051773117.87 -865503759720.08 9565.98716194401 -3285.86069246836 -22815810.5642094 25620246.1206462
294732636.727491 1806235048805.33 -943792197183.44 8748.19397050431 -2847.15020488734 -22815845.0518157 30644479.8956162
331208286.658669 2062048497725.67 -1024737485102.45 7977.40959375155 -2454.30499663776 -22815871.6371512 36475649.931177
374414638.768688 2339226962300.51 -1107511405246.21 7247.88842117175 -2100.37951068141 -22815892.1961466 43206352.1100194
425346346.620094 2636858341651.15 -1191026839449.84 6554.13182184977 -1779.50105702743 -22815908.1376279 50931707.8514061
485093361.473052 2953205347389.08 -1273891657858.65 5890.82523690546 -1486.6620882998 -22815920.5244344 59747014.8529576
554838006.359441 3285490951269.19 -1354356980821.02 5252.750975388 -1217.54870654711 -22815930.1620271 69744644.8863891
635848323.51328 3629640595537.05 -1430259553403.17 4634.67142595876 -968.395713425875 -22815937.6636319 81010317.1538395
729467811.697089 3979972583667.59 -1498957941724.2 4031.17008364029 -735.859271327682 -22815943.498411 93619488.183809
837104156.707056 4328825319878.16 -1557261828689.09 3436.42528611514 -516.897559408365 -22815948.027345 107636345.009967
960227047.37478 4666104175965.67 -1601351819636.82 2843.8667767244 -308.646464971674 -22815951.5301613 123122890.667724
1100407864.10028 4978714875393.74 -1626680522283.02 2245.60969287499 -108.267873651048 -22815954.2254229 140180816.725498
1259509019.15415 5249800191779 -1627822911685.53 1631.41902062172 87.2782571095271 -22815956.2837483 159101155.053876
1440430879.16029 5457518313650.48 -1598162246910.77 986.53275504561 281.66928159528 -22815957.8261976 180921860.006134
1650600258.57969 5572351569688.65 -1528956142320.73 286.057218354085 480.315300900984 -22815958.8534162 210169379.4194
1943230471.0961 5547529645319.26 -1405299018303.79 -525.582070262657 694.445071204923 -22815958.5969317 292630212.516416
2160264528.48717 5338591174393.01 -1231262691151.79 -1413.48169705665 909.270209330594 -22815953.5821567 217034057.391062
2329688272.02416 5034820952078.1 -1062797989568.28 -2189.18596614233 1080.57806295654 -22815947.9730888 169423743.536994
2471918130.46071 4671316294334.18 -898424340239.998 -2942.51066850412 1232.51723143621 -22815940.3176572 142229858.436546
2591851090.16797 4274477999426.8 -742424349423.395 -3698.78512116025 1370.90955902456 -22815929.7154663 119932959.707264
2692671203.59292 3863819706432.72 -597887617977.255 -4474.87388527767 1498.34276206253 -22815914.9541243 100820113.424945
2776914769.66254 3454059027664.61 -466799566076.091 -5284.50137889759 1615.68099992073 -22815894.3638508 84243566.0696261
2846807481.68872 3056052206786.71 -350194614991.008 -6140.58818732192 1722.56726702317 -22815865.5743366 69892712.0261749
2904352089.81802 2677535644703.07 -248366308422.032 -7056.37843368064 1817.50007348639 -22815825.1695923 57544608.1293082
2951353434.61633 2323735432035.53 -161056585366.539 -8046.19874386081 1897.69789947648 -22815768.1687999 47001344.7983085
2989427158.59078 1997878570631.64 -87613403691.7767 -9126.09730425786 1958.78920789638 -22815687.2322374 38073723.9744442
3020006168.84335 1701621201114.55 -27117321021.6174 -10314.4715102521 1994.3071625997 -22815571.4316349 30579010.2525737
3044348702.37336 1435405513328.16 21518914188.2947 -11632.7390920754 1994.92794733199 -22815404.3268485 24342533.5300094
3063548590.66186 1198755343249.65 59473218808.8889 -13106.0813410145 1947.34782785708 -22815160.9314862 19199888.2885018
3078547317.86788 990519257180.103 87955304733.7654 -14764.2635061872 1832.63385250387 -22814802.8924753 14998727.2060207
3090147235.96661 809068839800.32 108162482758.749 -16642.5005211357 1623.79284526187 -22814270.7995786 11599918.0987278
3099025328.27575 652458911861.046 121247095560.849 -18782.2644551874 1282.16394630186 -22813471.9178458 8878092.30913761
3105747017.53421 518555512224.895 128292994775.727 -21231.7842229383 752.021786926203 -22812260.7704588 6721689.25845789
3110779630.97568 405136684919.705 130298813693.37 -24045.6894450737 -47.5658997389377 -22810409.0670106 5032613.44147457
3114505241.14273 309970400755.337 128165966928.088 -27282.6349878469 -1235.12218813352 -22807561.4127473 3725610.16704786
3117232692.58906 230873290419.62 122689252086.072 -30998.4572917675 -2985.72331524471 -22803177.4760021 2727451.44633305
3119208703.39576 165753227806.328 114547425674.564 -35229.6629908788 -5560.15543933115 -22796480.848792 1976010.80670361
3120628004.82167 112638075759.58 104289589140.509 -39955.9303372823 -9349.72014433021 -22786502.803149 1419301.42590145
3121642574.83592 69691771946.1966 92308819328.7289 -45015.8067055731 -14944.4263594986 -22772518.7416074 1014570.01425132
3122370210.51766 35216094701.4884 78780387776.6977 -49911.6477321403 -23233.9131214529 -22755752.2079494 727635.681740009
3122903355.3569 7624811547.97562 63484686238.9649 -53318.2782526316 -35547.793674661 -22744338.3275077 533144.839241947
3123323168.57085 -14696460283.5314 45078107750.1687 -51521.9917592414 -53844.7785098918 -22759017.1283269 419813.213947809
3123679758.13759 -30873760412.8213 22039732448.0488 -35759.3313347936 -75328.9701207958 -22717632.71029 356589.566742126
3123924295.45969 -37037586145.6378 2418975286.87767 -13767.3710677676 -83172.3507088664 -22731296.0993176 244537.32209854
3124184320.93495 -37718398428.1303 -17634440635.5855 7066.79220132213 -79249.9260956636 -22786819.4735775 260025.475259104
3124591490.73577 -33952862330.7355 -37000800053.508 20421.77745944 -69454.3538279574 -22803084.1007447 407169.80082747
3125029445.03719 -23574974542.9506 -62327262552.8234 28885.3762710961 -55713.4407391466 -22823117.4652481 437954.301413373
3125549799.3583 -10258401018.7202 -84395574602.9902 31331.0903762334 -45775.4600071073 -22830524.9255631 520354.321114109
3126210194.67284 6170873383.77515 -106087021073.639 31570.7218693901 -38155.9886573647 -22835433.4470534 660395.314541096
3127055464.71351 26780679492.3353 -129089757737.015 30753.9268421514 -31971.8961931366 -22839352.2310691 845270.040669814
3128141450.96162 52199213039.8415 -153824831512.891 29381.746227986 -26932.4833189555 -22842346.1243473 1085986.24810279
3129535784.0392 83191631594.9506 -180662687221.599 27734.6275640617 -22800.6672528514 -22844596.4232779 1394333.07758203
3131321175.27553 120592757442.071 -209906433431.966 25976.833308506 -19395.1686379737 -22846268.4201062 1785391.23633061
3133598336.35726 165322423719.307 -241834399534.392 24205.3061266676 -16572.9977848983 -22847503.670148 2277161.08173032
3136489275.27295 218382553271.192 -276708443083.267 22476.5006059313 -14221.1452978774 -22848414.3366748 2890938.91569076
3140140932.9125 280854609711.061 -314777186368.151 20821.9238996801 -12250.0363787364 -22849085.9310745 3651657.6395478
3144729213.64631 353894114874.993 -356274817730.408 19257.580970843 -10588.4884402908 -22849582.1809873 4588280.73381103
3150463425.63878 438722137940.778 -401417164541.471 17789.8484889547 -9179.7582273839 -22849949.9755468 5734211.99246961
3155760000 536612929654.548 -450395460549.349 16419.1851012014 -7978.44933559778 -22850223.580781 5296574.36122227
