0 1556958000000 0 -11000 2000 -22756327.2740819 105192
8947174.88327069 1555800584889.89 210383986.33895 -11005.7644167263 1999.9996102518 -22756327.2740819 8947174.88327069
14718844.6814921 1491339700782.72 11751186981.6159 -11335.883221835 1998.67670329424 -22756327.120609 5771669.79822138
20220025.9016529 1428049828266.49 22736476271.1966 -11678.6117804971 1994.59813234717 -22756326.9434998 5501181.22016086
25405065.8603822 1366595524625.49 33061750823.3857 -12030.9923265042 1987.53053158647 -22756326.7491806 5185039.95872926
30290372.4421173 1306947916478.24 42747880334.3486 -12393.5442221941 1977.21594109605 -22756326.5355966 4885306.58173509
34890461.2278324 1249090993190.9 51813140599.2637 -12766.7258534381 1963.37324638166 -22756326.3006918 4600088.78571513
39219334.5100494 1193006242917.73 60275903148.2167 -13151.0179690454 1945.69519508597 -22756326.0421671 4328873.28221695
43290463.2530906 1138673180429.89 68154535854.2911 -13546.9226798257 1923.84593762161 -22756325.7574572 4071128.74304119
47116799.6145873 1086069510387.85 75467366866.4598 -13954.9644629291 1897.45827269242 -22756325.4436974 3826336.36149678
50710788.908915 1035171291246.12 82232649760.6136 -14375.6911091452 1866.13060487421 -22756325.0976869 3593989.29432765
54084381.8867286 985953088739.467 88468531551.2252 -14809.6746767708 1829.42357918546 -22756324.7158472 3373592.97781362
57249047.0713026 938388122222.574 94193022979.9846 -15257.5124194849 1786.85635746043 -22756324.2941748 3164665.18457403
60215783.1758067 892448403472.553 99423971054.3276 -15719.8276776242 1737.90249594112 -22756323.8281886 2966736.10450406
62995131.6260731 848104867388.991 104179033796.627 -16197.2707234938 1681.98537777026 -22756323.3128697 2779348.45026644
65597189.0702713 805327496225.793 108475656908.466 -16690.5195259725 1618.47315067665 -22756322.742595 2602057.44419815
68031619.9215827 764085436526.581 112331052351.697 -17200.2804179738 1546.67311175191 -22756322.1110605 2434430.85131144
70307668.8759296 724347109516.823 115762178659.036 -17727.2886295033 1465.82547568426 -22756321.4111965 2276048.95434689
72434173.3719763 686080315400.163 118785722838.632 -18272.3086431461 1375.09645523588 -22756320.635072 2126504.4960467
74419576.0007553 649252331319.693 121418083796.718 -18836.1343291595 1273.57057268988 -22756319.7737869 1985402.62877904
76271936.8165337 613830003724.007 123675357115.458 -19419.5887941554 1160.24211314422 -22756318.8173514 1852360.81577835
77998945.5389962 579779835261.333 125573321085.925 -20023.5238714066 1034.00561890644 -22756317.7545516 1727008.72246257
79607933.6553485 547068065932.381 127127423906.839 -20648.8191737974 893.645310162979 -22756316.572799 1608988.11635222
81105886.353654 515660749774.332 128352771871.842 -21296.3805846 737.82330925126 -22756315.2579636 1497952.69830556
82499454.3350366 485523826090.908 129264118496.306 -21967.1380780188 565.066522817686 -22756313.7941889 1393567.98138252
83794965.4470272 456623186334.271 129875854414.115 -22662.0426971786 373.752027299708 -22756312.1636884 1295511.11199068
84998436.1526442 428924736318.898 130201997944.775 -23382.0625104383 162.090779164052 -22756310.3465221 1203470.70561697
86115582.8049972 402394454409.551 130256186190.406 -24128.177306331 -71.8905435221345 -22756308.3203552 1117146.65235301
87151832.7479313 376998445204.816 130051666535.196 -24901.3717664898 -330.369791310483 -22756306.0601971 1036249.9429341
88112335.2012638 352702989674.912 129601288390.824 -25702.6267599099 -615.7519213854 -22756303.5381258 960502.453332544
89001971.9523553 329474591270.704 128917495033.27 -26532.9083680142 -930.694176038199 -22756300.7229993 889636.751091472
89825367.8367869 307280018431.504 128012315346.966 -27393.1541393315 -1278.1341545582 -22756297.5801642 823395.884431617
90586901.0034533 286086343664.474 126897355278.959 -28284.2559711825 -1661.32110072877 -22756294.0711672 761533.166666343
91290712.9659421 265860979205.871 125583788769.572 -29207.0388918134 -2083.85075938006 -22756290.1534892 703811.962488846
91940718.4385104 246571709371.662 124082347886.496 -30162.2348547146 -2549.70418368972 -22756285.7803212 650005.472568338
92540614.9532887 228186719780.746 122403311848.335 -31150.450456755 -3063.29090006888 -22756280.9004127 599896.514778304
93093892.2639415 210674623407.204 120556494546.092 -32172.1272606535 -3629.49686621046 -22756275.4580355 553277.310652791
93603841.5357662 194004483588.172 118551230099.408 -33227.4930963384 -4253.7376730154 -22756269.3931204 509949.271824678
94073564.3293252 178145833924.666 116396355860.516 -34316.5023552407 -4942.01745611226 -22756262.6416419 469722.793559017
94505981.3848848 163068695023.886 114100192131.04 -35438.7628312867 -5700.99398199529 -22756255.1363577 432417.055559559
94903841.2159261 148743588038.342 111670517666.626 -36593.4460830388 -6538.05035407874 -22756246.8080336 397859.831041263
95269728.5284357 135141544712.266 109114539747.687 -37779.1775790828 -7461.3737543326 -22756237.5873342 365887.312509657
95606072.4829396 122234113685.441 106438857236.819 -38993.901958539 -8480.04156765398 -22756227.4076022 336343.954503884
95915154.8275452 109993362472.842 103649414484.357 -40234.7175714154 -9604.11515722186 -22756216.2088168 309082.34460558
96199117.9369899 98391874383.881 100751443196.747 -41497.6729231342 -10844.7414447676 -22756203.9430794 283963.109444736
96459972.8077005 87402739225.7661 97749388271.0706 -42777.515624689 -12214.2623370911 -22756190.5820651 260854.870710594
96699607.0817375 76999535951.6387 94646811928.7714 -44067.3817317075 -13726.3319823443 -22756176.1269264 239634.274036981
96919793.2031539 67156304507.0456 91446267976.6913 -45358.4095839974 -15396.0419297271 -22756160.6211996 220186.121416452
97122196.8609024 57847502565.5874 88149134093.4367 -46639.2568863258 -17240.0547565706 -22756144.1672366 202403.657748432
97308385.9567913 49047940117.9342 84755383658.0306 -47895.4918353189 -19276.7481463808 -22756126.9465377 186189.095888938
97479840.4730868 40732680412.1618 81263268052.3284 -49108.8167722845 -21526.3747763343 -22756109.2439437 171454.516295487
97637963.8589634 32876887414.1399 77668861858.0446 -50256.0627411118 -24011.2510689767 -22756091.4747038 158123.385876599
97784096.9987627 25455584497.9697 73965389669.4263 -51307.8584008991 -26756.0049057563 -22756074.2114685 146133.139799265
97919536.6894246 18443258189.9745 70142188166.0314 -52226.8117728252 -29787.9505666602 -22756058.2041702 135439.690661944
98045562.3395283 11813175719.7335 66183023040.2576 -52964.9124759097 -33137.7469796559 -22756044.3770134 126025.650103667
98163478.5824556 5536137893.80434 62063181697.574 -53459.5735938254 -36840.7072954577 -22756033.7664251 117916.242927345
98274691.1679555 -421970727.671339 57744033086.861 -53627.0240099347 -40939.6731273693 -22756027.3092446 111212.585499885
98380858.9705639 -6105400452.42101 53161783562.4397 -53349.7893821649 -45491.8619154492 -22756025.2100425 106167.802608398
98484229.2518867 -11580128829.4142 48201757404.3566 -52448.7963583104 -50585.9509767122 -22756024.8265109 103370.281322784
98588145.4869134 -16917124358.6079 42680891791.9781 -50628.7580720606 -56335.5459571859 -22756011.7667861 103916.235026668
98689882.1514273 -21925020596.7789 36638461899.7389 -47578.8914047911 -62517.5500085934 -22755942.7480483 101736.664513936
98774334.7983838 -25793320459.1697 31134699219.1753 -43826.6735163095 -67823.2052740556 -22755862.876895 84452.6469565249
98848240.11804 -28878495451.4129 25953868606.0296 -39494.4179616564 -72333.5130517905 -22755789.3594246 73905.3196562051
98915811.9140906 -31388288116.3149 20936499168.2812 -34654.4271182836 -76091.233957009 -22755729.9073114 67571.7960506309
98979560.4361749 -33432911474.8793 15986943498.8411 -29389.6105021549 -79085.7211452131 -22755690.9238496 63748.5220842302
99041242.2047316 -35075222134.9214 11036907847.604 -23795.0434827972 -81290.7824511561 -22755676.8429537 61681.7685566637
99102279.4855978 -36350835480.5701 6028493892.9233 -17974.2674402981 -82681.9562907644 -22755689.2896042 61037.2808662485
99163993.9735424 -37268303791.516 960506435.580568 -12098.2651684848 -83242.1970535396 -22755724.6481829 61714.4879446222
99227761.555816 -37835434329.56 -4173223651.82178 -6326.46767149882 -82999.3831891154 -22755773.9907842 63767.5822736146
99295165.3493329 -38058263938.5423 -9437769925.5924 -739.729814178741 -82003.1452372565 -22755829.7991486 67403.7935169036
99368326.0071422 -37924667104.4872 -14910904518.2425 4597.91716640753 -80300.1600771839 -22755885.9990988 73160.6578092902
99450628.6980239 -37398839592.9827 -20701434689.954 9644.37588160882 -77923.9023170064 -22755938.5564108 82302.690881659
99548566.5970318 -36403254845.3704 -26991003586.5948 14389.0421807269 -74870.8119576048 -22755986.2081475 97937.8990079506
99661636.4782604 -34765147397.3023 -34136843809.6124 18866.5781237823 -71044.4420907589 -22756032.4370008 113069.881228527
99768102.4603146 -32551359218.345 -41480855474.2039 22535.3241097378 -66944.4059067542 -22756058.190599 106465.982054254
99873982.5856737 -30015869793.3377 -48363217626.4919 25219.5221514356 -63107.2395758182 -22756070.9893732 105880.125359135
99983268.3284613 -27236309721.6672 -54855656159.2542 27180.9840786342 -59585.3558357909 -22756081.1366887 109285.742787574
100097936.798283 -24181419452.6578 -61184604960.8102 28644.2794830035 -56296.4056102143 -22756091.6048121 114668.4698218
100219352.974191 -20830807906.4517 -67459431570.6304 29730.5397647226 -53205.3588064137 -22756102.8021452 121416.175908305
100348669.431259 -17170067593.0444 -73739217303.3911 30517.5375706863 -50295.4680923853 -22756114.5575168 129316.457067981
100486958.055759 -13185724569.5371 -80062376878.2498 31061.5708185464 -47555.4246785944 -22756126.5894799 138288.62449955
100635270.459869 -8864094999.36942 -86456550677.8583 31405.8935215151 -44975.9051337268 -22756138.6290379 148312.404110134
100794670.670455 -4190920988.77748 -92943057423.4534 31584.9197307054 -42548.3831844804 -22756150.4544351 159400.210585431
100966255.253498 848747145.28265 -99539198823.5397 31626.6406999951 -40264.7087295716 -22756161.8968971 171584.583043317
101151167.103939 6270581782.77254 -106259573482.76 31554.1594480703 -38116.9742852153 -22756172.8361866 184911.850441016
101350605.796619 12090976772.0716 -113116880546.768 31386.7376995713 -36097.4921632722 -22756183.1929722 199438.692680553
101565835.974174 18327034685.4774 -120122438288.554 31140.5494096706 -34198.8115254776 -22756192.92079 215230.177554576
101798194.57839 24996550738.6861 -127286533135.92 30829.2453698457 -32413.7458486618 -22756201.9986997 232358.6042165
102049097.392116 32117996574.9646 -134618662596.011 30464.3893551737 -30735.3987665771 -22756210.4250051 250902.813725207
102320045.176339 39710505052.6942 -142127708955.336 30055.8029725681 -29157.1838831741 -22756218.2120829 270947.784223286
102612629.580409 47793856326.903 -149822066221.211 29611.8432475863 -27672.8375216404 -22756225.3822374 292584.40407047
102928538.945402 56388465075.6364 -157709734447.184 29139.6292012923 -26276.4248327828 -22756231.9644475 315909.364992261
103269564.076564 65515368699.9148 -165798390783.625 28645.2288178834 -24962.3402100342 -22756237.9918545 341025.131162001
103637604.045126 75196216108.2433 -174095443387.379 28133.8146749407 -23725.3031235723 -22756243.4998574 368039.968562236
104034672.053993 85453256950.5911 -182608072615.349 27609.7943859909 -22560.3503937229 -22756248.5246969 397068.008867334
104462901.398264 96309330897.7375 -191343262394.614 27076.9205575499 -21462.8258427672 -22756253.1024214 428229.344270955
104924551.542637 107787856794.411 -200307823997.472 26538.3839061218 -20428.3680851207 -22756257.268155 461650.144372522
105422014.328031 119912821488.93 -209508413811.648 25996.8924179769 -19452.8970852305 -22756261.0555977 497462.785394229
105957820.326283 132708768043.957 -218951546195.704 25454.7388661647 -18532.5999943091 -22756264.4967021 535805.998252453
106534645.342662 146200783322.653 -228643602425.728 24913.8585485366 -17663.9166449729 -22756267.6214825 576825.016378584
107155317.084525 160414484532.359 -238590836205.398 24375.8787888641 -16843.5250255997 -22756270.4579244 620671.741862898
107822821.991443 175376004854.157 -248799376453.597 23842.1614517325 -16068.3269417913 -22756273.0319651 667504.906918091
108540312.239296 191111977750.214 -259275227568.535 23313.8395303452 -15335.4340502474 -22756275.3675269 717490.247852634
109311112.914686 207649520013.141 -270024267614.647 22791.8486748677 -14642.1543720602 -22756277.4865844 770800.675390063
110138729.368504 225016213255.792 -281052244552.485 22276.9544022303 -13985.9793760272 -22756279.4092569 827616.453818779
111026854.739416 243240083863.47 -292364770797.279 21769.7756016367 -13364.571676666 -22756281.1539144 888125.370911024
111979377.666667 262349581038.476 -303967316097.205 21270.8048668979 -12775.7533849456 -22756282.737292 952522.927251667
113000390.167165 282373553220.618 -315865199100.295 20780.4260887471 -12217.4951087202 -22756284.1746064 1021012.50049736
114094195.693796 303341222204.08 -328063577356.641 20298.9297008573 -11687.9056193758 -22756285.4796731 1093805.52663121
115265317.378725 325282155214.46 -340567436070.132 19826.5258913105 -11185.2221589416 -22756286.665019 1171121.68492957
116518506.427998 348226234894.113 -353381575684.682 19363.3560555191 -10707.8013694892 -22756287.7419912 1253189.04927271
117858750.700818 372203626429.638 -366510597985.039 18909.5027406793 -10254.1108348713 -22756288.7208595 1340244.27282042
119291283.452364 397244742416.734 -379958891161.386 18464.9982687445 -9822.72119003928 -22756289.6109129 1432532.75154531
120821592.234627 423380204952.048 -393730613639.177 18029.832221447 -9412.29877836806 -22756290.4205492 1530308.78226302
122455427.959604 450640804789.235 -407829676679.741 17603.9579377795 -9021.5988262687 -22756291.1573569 1633835.72497709
124198814.099076 479057457576.895 -422259725844.304 17187.2981510499 -8649.4591019306 -22756291.8281929 1743386.13947251
126058056.043366 508661156668.282 -437024121137.367 16779.7498832156 -8294.79403299532 -22756292.4392505 1859241.94428985
128039750.588246 539482922854.283 -452125916086.978 16381.1886857184 -7956.58924652582 -22756292.9961245 1981694.54488002
130150795.549393 571553750434.597 -467567835534.733 15991.4723174829 -7633.89650883163 -22756293.5038684 2111044.96114704
132398399.477485 604904549596.599 -483352252197.006 15610.4439305754 -7325.8290356011 -22756293.9670473 2247603.92809141
134790091.533248 639566084653.889 -499481161856.036 15237.9348296366 -7031.55714862513 -22756294.3897858 2391692.05576345
137333731.386002 675568909038.272 -515956157665.142 14873.7668483368 -6750.304245275 -22756294.7758109 2543639.8527538
140037519.229461 712943294902.811 -532778402632.182 14517.7544121559 -6481.34307474621 -22756295.1284912 2703787.84345909
142910005.875836 751719158824.703 -549948601058.461 14169.7063096733 -6223.99228367095 -22756295.4508726 2872486.64637528
145960102.887394 791925982964.13 -567466968688.935 13829.4272145554 -5977.61321586621 -22756295.7457093 3050097.01155778
149197092.733332 833592731093.938 -585333201383.323 13496.7189930338 -5741.6069495905 -22756296.0154932 3236989.84593815
152630638.968982 876747759371.191 -603546442331.097 13171.3818228457 -5515.41155332024 -22756296.2624795 3433546.23564999
156270796.429869 921418721834.59 -622105247876.176 12853.2151457716 -5298.49954228479 -22756296.4887099 3640157.46088722
160128021.346244 967632470526.174 -641007551973.442 12542.0184741011 -5090.37552020583 -22756296.6960334 3857224.91637417
164213181.494772 1015414949053.88 -660250628863.156 12237.5920756684 -4890.5739963721 -22756296.8861258 4085160.14852869
168537566.164478 1064791081119.94 -679831054664.651 11939.7375412282 -4698.65735676092 -22756297.0605059 4324384.66970535
173112896.138547 1115784651259.24 -699744666847.116 11648.2582645024 -4514.21398798572 -22756297.2205514 4575329.97406929
177951333.425754 1168418180334.38 -719986522683.073 11362.9598290813 -4336.85653105269 -22756297.367512 4838437.28720671
183065490.868477 1222712792629.49 -740550855514.793 11083.650330182 -4166.22026579869 -22756297.5025225 5114157.44272357
188468441.635665 1278688076186.57 -761431029579.988 10810.1406285132 -4001.96160865165 -22756297.6266132 5402950.76718764
194173728.318844 1336361936430.65 -782619493474.122 10542.2445438314 -3843.75671486423 -22756297.7407206 5705286.68317945
200195371.863081 1395750440077.25 -804107731220.529 10279.7790082089 -3691.30018481618 -22756297.845696 6021643.54423654
206547880.211404 1456867651995.04 -825886212051.578 10022.5641700102 -3544.30385767842 -22756297.9423135 6352508.34832294
213246256.457338 1519725463686.91 -847944338479.532 9770.42345972733 -3402.49568916359 -22756298.0312778 6698376.24593452
220306006.646712 1584333411439.46 -870270392075.415 9523.18362848256 -3265.61871036498 -22756298.1132304 7059750.18937318
227743147.117417 1650698485735.62 -892851477643.725 9280.67475448828 -3133.43005670828 -22756298.1887558 7437140.47070594
235574211.424234 1718824930876.84 -915673465522.34 9042.73022408945 -3005.70006343512 -22756298.2583866 7831064.30681664
243816256.356055 1788714035289.77 -938720932271.66 8809.18668749262 -2882.21142106782 -22756298.3226085 8242044.93182113
252486867.856156 1860363908186.5 -961977098439.784 8579.88400482097 -2762.7583931251 -22756298.3818647 8670611.50010093
261604165.736516 1933769249941.5 -985423765964.383 8354.66515833785 -2647.14607782728 -22756298.4365596 9117297.88036011
271186807.948122 2008921106363.13 -1009041252100.18 8133.37616405877 -2535.18972644569 -22756298.4870627 9582642.211606
281253993.70289 2085806613731.03 -1032808322272.7 7915.86595981825 -2426.71410172222 -22756298.5337116 10067185.7547674
291825466.329727 2164408728707.38 -1056702120116.88 7701.9862877324 -2321.55288159132 -22756298.5768149 10571472.6268377
302921514.447136 2244705950218.12 -1080698097038.07 7491.59155047163 -2219.54809431227 -22756298.616655 11096048.117409
314562972.298392 2326672022026.44 -1104769937978.77 7284.53867207364 -2120.54959700475 -22756298.65349 11641457.8512557
326771219.886104 2410275622985.83 -1128889485749.3 7080.6869417733 -2024.41458380929 -22756298.6875567 12208247.5877114
339568180.041449 2495480048954.38 -1153026665133.78 6879.89783176066 -1931.00711711163 -22756298.7190716 12796960.1553458
352976316.691224 2582242865814.74 -1177149401040.74 6682.03483690437 -1840.19770201725 -22756298.7482333 13408136.6497748
367018630.045464 2670515563663.18 -1201223539487.88 6486.96326219906 -1751.86286713079 -22756298.7752241 14042313.35424
381718651.233009 2760243181592.22 -1225212762865.26 6294.550028995 -1665.8847830568 -22756298.800211 14700021.1875448
397100435.978746 2851363920524.92 -1249078504656.25 6104.66345567223 -1582.15089624361 -22756298.8233473 15381784.745737
413188556.652806 2943808740081.94 -1272779862570.85 5917.1730205759 -1500.55358064814 -22756298.8447739 16088120.6740601
430008093.196966 3037500934395.05 -1296273508920.61 5731.94911469146 -1420.98980932625 -22756298.8646202 16819536.5441598
447584624.276113 3132355689073.9 -1319513599020.31 5548.86277536052 -1343.36084104511 -22756298.8830052 17576531.0791472
465944216.287971 3228279625055.7 -1342451679089.18 5367.78538646215 -1267.5719150936 -22756298.9000384 18359592.0118576
485113412.319838 3325170313598.86 -1365036589843.18 5188.58837096309 -1193.5319648181 -22756298.9158204 19169196.0318674
505119222.934687 3422915772141.32 -1387214368347.04 5011.14285046736 -1121.15333862105 -22756298.930444 20005810.6148492
525989116.018543 3521393946420.08 -1408928149186.2 4835.31925632214 -1050.3515223122 -22756298.9439947 20869893.0838559
547751009.544913 3620472159612.98 -1430118060394.1 4660.98691949414 -981.044874257429 -22756298.9565511 21761893.5263699
570433267.909213 3720006542492.01 -1450721117163.42 4488.01360341432 -913.154359149845 -22756298.968186 22682258.3643
594064703.864578 3819841438931.67 -1470671111515.3 4316.26497837743 -846.603281000019 -22756298.9789665 23631435.9553648
618674586.889311 3919808785450.6 -1489898496871.82 4145.60402468979 -781.317011721348 -22756298.9889544 24609883.0247328
644292664.67655 4019727455315.72 -1508330264594.47 3975.89036144085 -717.222715887395 -22756298.998207 25618077.7872391
670949199.656464 4119402578181.44 -1525889813008.3 3806.97945741338 -654.249057480668 -22756299.0067774 26656534.9799137
698675028.65005 4218624818875.44 -1542496803294.86 3638.72172008006 -592.325890627685 -22756299.0147146 27725828.9935865
727501652.748082 4317169616709.99 -1558066999121.98 3470.96141779076 -531.383921810493 -22756299.0220641 28826624.0980317
757461371.968709 4414796370969.87 -1572512082583.16 3303.53540281834 -471.35433734186 -22756299.028868 29959719.2206275
788587478.187561 4511247570081.06 -1585739438868.91 3136.27156265334 -412.168377102682 -22756299.0351657 31126106.2188518
820914531.971325 4606247836525.98 -1597651895020.37 2968.98694166895 -353.75684358421 -22756299.0409937 32327053.7837642
854478757.613074 4699502871559.46 -1608147395629.55 2801.48541370608 -296.049516670138 -22756299.0463858 33564225.6417484
889318596.163351 4790698266567.99 -1617118588754.31 2633.55475410222 -238.974438678694 -22756299.051374 34839838.5502779
925475503.659847 4879498107013.05 -1624452280770.07 2464.9629428543 -182.457034879563 -22756299.0559878 36156907.4964952
962995079.744426 4965543337515.72 -1630028706743.34 2295.45331148976 -126.418970054884 -22756299.0602551 37519576.0845794
1001928702.02837 5048449714862.12 -1633720523045.78 2124.73818665094 -70.7766707776964 -22756299.0642016 38933622.2839489
1042335923.56221 5127805204996.39 -1635391390900.54 1952.49027896022 -15.4393296236884 -22756299.0678516 40407221.5338358
1084288056.121 5203166535479.18 -1634893935150.7 1778.33074325325 39.693861416085 -22756299.0712276 41952132.5587864
1127873664.09932 5274054439453.63 -1632066726200.17 1601.81215486765 94.7376642339882 -22756299.0743501 43585607.978322
1173207312.02333 5339946818659.04 -1626729686915.62 1422.3934082632 149.826648409117 -22756299.0772373 45333647.9240092
1220444096.77121 5400268523991.4 -1618676849416.91 1239.40102553557 205.124275971896 -22756299.0799042 47236784.7478816
1269805350.01697 5454375249362.09 -1607664417148.98 1051.96655651488 260.837704087232 -22756299.0823607 49361253.2457627
1321627962.65491 5501526697250.8 -1593389906390.41 858.918243529065 317.24362247113 -22756299.0846079 51822612.63794
1376470757.55474 5540838297764.9 -1575452704757.74 658.576806760727 374.737394437997 -22756299.0866287 54842794.8998239
1435388484.02465 5571184659874.26 -1553270583920.64 448.321551829858 433.938450653473 -22756299.0883642 58917726.4699163
1500890416.88311 5590972542338.91 -1525869523719.1 223.486851238224 495.960965993945 -22756299.0896347 65501932.8584598
1583828345.17698 5597429037218.51 -1491167813483.58 -26.4562841331497 563.359831198915 -22756299.0897609 82937928.2938678
1658830366.62625 5584663754875.13 -1446069446989.54 -314.425398699383 638.99941647748 -22756299.0854274 75002021.449266
1719492732.72637 5558455598906.34 -1405473350975.97 -550.182867583945 699.32793517014 -22756299.0820124 60662366.1001218
1774697490.33791 5522085489415.04 -1365361847321.63 -768.081522001306 753.813958859153 -22756299.0786116 55204757.611543
1826313240.27612 5477101680589.96 -1325142600771.14 -975.638083056793 804.581649555356 -22756299.0750871 51615749.9382068
1875148712.36323 5424575631826.84 -1284678039429.36 -1176.26585654834 852.608415201732 -22756299.0713712 48835472.0871098
1921646822.21691 5365351492810.1 -1243968040029.67 -1371.93659051689 898.461395523362 -22756299.0674141 46498109.8536844
1966083338.90231 5300140916999.79 -1203065862176.01 -1563.94730910626 942.512211318059 -22756299.0631729 44436516.6853976
2008645407.87037 5229568091371.33 -1162047203576.26 -1753.22613976816 985.023497371179 -22756299.0586073 42562068.9680555
2049468601.66229 5154194069531.93 -1120996590062.5 -1940.47839227208 1026.19061440466 -22756299.0536773 40823193.7919248
2088656521.0951 5074531108256.76 -1080000685297.68 -2126.26511198088 1066.16425848798 -22756299.0483425 39187919.4328081
2126292032.542 4991051660914.62 -1039144753866.53 -2311.04909443145 1105.06378920922 -22756299.042561 37635511.4468975
2162444081.10135 4904194353532.01 -998510730203.766 -2495.22355968494 1142.98557778537 -22756299.0362892 36152048.5593541
2197172018.90418 4814368113617.34 -958176142022.574 -2679.13101965437 1180.00850962263 -22756299.0294809 34727937.8028259
2230528434.58766 4721955178004 -918213540972.255 -2863.0761554633 1216.1977393749 -22756299.022087 33356415.683487
2262561059.28197 4627313352251.74 -878690226349.237 -3047.33496828436 1251.60734324601 -22756299.0140549 32032624.6943071
2293314063.72806 4530777810447.52 -839668166222.054 -3232.16141634182 1286.28222599831 -22756299.0053285 30753004.4460849
2322828964.36744 4432662548556.41 -801204029094.905 -3417.79242272331 1320.25953108759 -22756298.9958469 29514900.6393873
2351145253.30256 4333261629787.04 -763349299696.889 -3604.45168953369 1353.56968773972 -22756298.9855447 28316288.935117
2378300842.66467 4232850268925.89 -726150443212.176 -3792.35269220088 1386.23720037087 -22756298.9743508 27155589.3621131
2404332377.6227 4131685804380.18 -689649101803.359 -3981.70107157621 1418.28124480661 -22756298.9621881 26031534.9580234
2429275456.07004 4030008588338.37 -653882311317.321 -4172.69657954418 1449.71611695472 -22756298.948973 24943078.447346
2453164782.92652 3928042809406.85 -618882727599.719 -4365.5346999997 1480.55156801225 -22756298.9346142 23889326.8564805
2476034274.17986 3825997276324.09 -584678861589.104 -4560.40799712355 1510.79304473805 -22756298.9190126 22869491.2533325
2497917130.43302 3724066145132.56 -551295309589.349 -4757.50730058065 1540.44185970216 -22756298.9020598 21882856.2531602
2518845882.42967 3622429626507.35 -518752986118.761 -4957.0227142144 1569.4952944748 -22756298.8836375 20928751.9966513
2538852421.25918 3521254652968.64 -487069348765.067 -5159.14452835444 1597.94665204809 -22756298.8636165 20006538.8295154
2557968015.18918 3420695522883.05 -456258618219.955 -5364.06403502302 1625.78526079474 -22756298.8418552 19115593.9299951
2576223317.49548 3320894521303.01 -426331991622.456 -5571.97426943892 1652.99643528251 -22756298.818199 18255302.3063069
2593648369.33428 3221982512287.37 -397297846430.5 -5783.07070768407 1679.5613990399 -22756298.7924783 17425051.8388004
2610272598.06327 3124079512237.79 -369161936996.179 -5997.55191624658 1705.4571690202 -22756298.764507 16624228.7289908
2626124813.4862 3027295240078.79 -341927582055.079 -6215.62017390426 1730.65640436009 -22756298.7340812 15852215.4229259
2641233202.8517 2931729646273.75 -315595843466.076 -6437.48207197332 1755.12721950143 -22756298.7009769 15108389.3654983
2655625325.06516 2837473423498.2 -290165696835.777 -6663.34909473489 1778.8329609093 -22756298.664948 14392122.2134644
2669328105.35717 2744608495389.36 -265634192989.648 -6893.43819530195 1801.73194768061 -22756298.6257241 13702780.2920023
2682367830.00487 2653208489072.21 -241996611884.539 -7127.97235966106 1823.77717343231 -22756298.5830074 13039724.6477056
2694770142.57315 2563339183933.2 -219246607063.111 -7367.1811830966 1844.91596965922 -22756298.5364705 12402312.5682835
2706560040.41815 2475058946851.27 -197376343481.831 -7611.30143889384 1865.08962588316 -22756298.4857524 11789897.8449976
2717761872.48632 2388419148298.88 -176376627356.888 -7860.57765729126 1884.23296536794 -22756298.4304553 11201832.0681701
2728399338.13288 2303464562142.61 -156237028922.628 -8115.26271153774 1902.27387260874 -22756298.3701403 10637465.6465622
2738495487.44489 2220233745933.52 -136945997519.587 -8375.61842475188 1919.13276964091 -22756298.3043232 10096149.3120012
2748072722.4206 2138759407052.71 -118490970507.268 -8641.91618643088 1934.72203576791 -22756298.2324689 9577234.97571505
2757152798.89478 2059068756431.7 -100858476492.959 -8914.43757473398 1948.94536576196 -22756298.1539861 9080076.47418408
2765756830.3868 1981183839822.9 -84034230807.7596 -9193.47502128659 1961.69706303497 -22756298.0682206 8604031.49201039
2773905292.18546 1905121860914.95 -68003226658.6651 -9479.33247553891 1972.86125893574 -22756297.9744487 8148461.79867001
2781618026.81829 1830895486488.99 -52749819910.1221 -9772.32610403862 1982.31105320461 -22756297.8718683 7712734.63282899
2788914250.15746 1758513140104.92 -38257809093.3954 -10072.7850052225 1989.90756679411 -22756297.759591 7296223.33916537
2795812558.49074 1687979281210.09 -24510510135.6943 -10381.0519537379 1995.49889898165 -22756297.6366308 6898308.33327846
2802330936.30418 1619294671824.34 -11490826428.0456 -10697.4841691124 1998.91897882838 -22756297.501894 6518377.8134415
2808486764.71664 1552456631276.8 818685533.613252 -11022.4541086879 1999.9863002535 -22756297.3541654 6155828.41245721
2814296830.56435 1487459278810.91 12435754824.8384 -11356.3502875757 1998.50252875729 -22756297.1920945 5810065.84771388
2819777336.10314 1424293764084.13 23378338922.1923 -11699.5781280366 1994.25096627028 -22756297.0141795 5480505.53878966
2824943909.04839 1362948488498.49 33664570030.9029 -12052.560824089 1986.99485925791 -22756296.8187486 5166572.9452532
2829811613.25037 1303409313775.82 43312705413.9731 -12415.7402406778 1976.47553321734 -22756296.60394 4867704.20197494
2834394959.6403 1245659761670.81 52341080905.6471 -12789.5778269895 1962.41033499222 -22756296.3676788 4583346.38993413
2838707917.5833 1189681203047.68 60768067793.8117 -13174.5555526626 1944.49036184315 -22756296.1076508 4312957.94299733
2842763926.41757 1135453038853.99 68612032552.7144 -13571.1768486168 1922.37795448397 -22756295.8212737 4056008.83426778
2846575907.39476 1082952870011.34 75891299763.3783 -13979.9675693799 1895.70392702271 -22756295.5056638 3811980.9771946
2850156275.67441 1032156660522.03 82624117461.8712 -14401.4769424499 1864.06450591574 -22756295.1575987 3580368.27964652
2853516952.59105 983038890731.028 88828625259.3822 -14836.2785195369 1827.01794406016 -22756294.7734754 3360676.9166458
2856669377.99267 935572703262.223 94522824763.8584 -15284.9711021039 1784.08077436863 -22756294.3492634 3152425.40161652
2859624522.66468 889730041344.217 99724552256.0311 -15748.1796299814 1734.72366194102 -22756293.8804508 2955144.67200647
2862392900.86326 845481778954.252 104451453577.08 -16226.5560239465 1678.36680809169 -22756293.3619844 2768378.19857754
2864984582.82228 802797844684.061 108720960902.316 -16720.7799445148 1614.37485645834 -22756292.7882021 2591681.95902066
2867409207.29845 761647338218.763 112550271435.582 -17231.5594529228 1542.05124241388 -22756292.1527565 2424624.47617791
2869675994.08384 721998640390.16 115956327815.106 -17759.6315343745 1460.63192197375 -22756291.4485287 2266786.7853864
2871793756.46437 683819517066.089 118955800114.425 -18305.762441997 1369.27840822614 -22756290.6675323 2117762.38053383
2873770913.62135 647077216815.908 121565069346.035 -18870.7478158307 1267.0700337876 -22756289.8008052 1977157.15698043
2875615502.93187 611738563029.847 123800212313.986 -19455.4125104185 1152.99534961316 -22756288.8382878 1844589.31051595
2877335192.18303 577770040126.342 125676987742.598 -20060.6100667721 1025.94255696974 -22756287.7686876 1719689.25115583
2878937291.64234 545137874847.381 127210823511.282 -20687.2217277793 884.68886103504 -22756286.5793282 1602099.4593162
2880428766.00224 513808112255.807 128416804922.669 -21336.1548985227 727.888617189685 -22756285.2559808 1491474.35989778
2881816246.17273 483746686872.129 129309663868.429 -22008.3409178478 554.060128150688 -22756283.7826786 1387480.17048691
2883106040.90374 454919489306.052 129903768770.683 -22704.7319793515 361.570933986575 -22756282.1415116 1289794.73101751
2884304148.2476 427292428119.321 130213115188.308 -23426.2970207811 148.621414920983 -22756280.3124027 1198107.34385192
2885416266.82394 400831487715.477 130251316940.519 -24174.0163365565 -86.7734871640048 -22756278.2728645 1112118.57634325
2886447806.89892 375502782011.668 130031597625.001 -24948.874641791 -346.804650366578 -22756275.9977377 1031540.07498103
2887403901.2703 351272604059.895 129566782374.668 -25751.8522495175 -633.891502011311 -22756273.458914 956094.371379761
2888289415.94112 328107472055.409 128869289691.953 -26583.9139407673 -950.707362159532 -22756270.6250486 885514.670816024
2889108960.58364 305974171738.55 127951123186.059 -27445.9950299755 -1300.20769828355 -22756267.4612667 819544.642524559
2889866898.7991 284839795070.634 126823862996.904 -28338.9840285142 -1685.66162026789 -22756263.928877 757938.215457092
2890567358.15111 264671775822.757 125498656689.731 -29263.701148386 -2110.68696228462 -22756259.9851078 700459.352007531
2891214239.99007 245437921692.942 123986209330.524 -30220.8717646279 -2579.28934155519 -22756255.5828854 646881.83896357
2891811229.05702 227106443349.482 122296772431.64 -31211.0937270928 -3095.90559937688 -22756250.6706892 596989.066948644
2892361802.87465 209645980288.322 120440131368.44 -32234.7971887196 -3665.45206251028 -22756245.1925231 550573.817633697
2892869240.92481 193025623654.067 118425590799.315 -33292.1953037444 -4293.37807611071 -22756239.0880656 507438.050162363
2893336633.62024 177214935939.375 116261957491.923 -34383.2237863023 -4985.72527504735 -22756232.2930721 467392.695429991
2893766891.07601 162183967576.896 113957519819.801 -35507.4668473555 -5749.19305512504 -22756224.7401402 430257.455767686
2894162751.69328 147903270234.588 111520022971.686 -36664.0664548139 -6591.21069374191 -22756216.3599682 395860.617271728
2894526790.56722 134343906693.952 108956638656.734 -37851.611117356 -7520.01652468336 -22756207.0832928 364038.873934381
2894861427.74231 121477456839.748 106273927664.394 -39067.9994774948 -8544.74452154652 -22756196.8437316 334637.175097974
2895168936.33699 109276019420.261 103477793145.784 -40310.2727765529 -9675.51853666973 -22756185.5818208 307508.594671939
2895451450.57882 97712208613.8907 100573421640.02 -41574.4087263771 -10923.5543547229 -22756173.2506106 282514.241830764
2895710973.7993 86759144296.3257 97565207778.8167 -42855.06724163 -12301.2695926291 -22756159.8232437 259523.220485229
2895949386.46241 76390434128.0419 94456656881.3361 -44145.2757217489 -13822.4014280763 -22756145.30303 238412.66310786
2896168454.33283 66580144648.6294 91250257081.6953 -45436.0377215868 -15502.1322428131 -22756129.7365482 219067.870418576
2896369836.94332 57302756884.4101 87947308566.5974 -46715.8433661521 -17357.2238060019 -22756113.2303064 201382.610494983
2896555096.60393 48533099321.2304 84547690975.4929 -47970.051707489 -19406.1620992487 -22756095.971314 185259.660607979
2896725708.34086 40246246270.9843 81049539020.4588 -49180.1025722282 -21669.3184673959 -22756078.2514868 170611.736930942
2896883071.40207 32417361211.8147 77448777280.76 -50322.4946798508 -24169.140821268 -22756060.4948266 157363.061204767
2897028523.4312 25021448424.0459 73738430061.1994 -51367.4306475671 -26930.4065378978 -22756043.2842348 145452.029131508
2897163359.31015 18032944131.0788 69907554414.511 -52276.9618664105 -29980.6087661589 -22756027.3805926 134835.878947221
2897288858.54089 11425010082.9324 65939504057.5202 -53002.3294010139 -33350.6403210416 -22756013.7175157 125499.230748373
2897406329.22672 5168237427.99258 61808917539.1967 -53479.8934868317 -37076.1632991356 -22756003.3337231 117470.685825671
2897517186.94294 -771911451.371823 57476051723.5317 -53624.2935795736 -41200.6310924377 -22755997.1466551 110857.716218583
2897623113.83528 -6440578037.8117 52874993235.154 -53315.3735563725 -45782.5199190558 -22755995.2755237 105926.892337255
2897726410.28565 -11905629259.7293 47886583431.2974 -52368.7496607661 -50913.3446203943 -22755994.7494903 103296.450373706
2897830466.67524 -17227385764.323 42334078384.9279 -50484.0477483115 -56695.7911060092 -22755979.8959389 104056.389587033
2897931379.85684 -22177292601.1247 36305414039.848 -47377.9763584918 -62849.819690273 -22755908.2054777 100913.181602337
2898015031.28806 -25990540873.9066 30828047588.8108 -43591.0570564871 -68105.1122014148 -22755828.544179 83651.4312225391
2898088479.5655 -29038105870.7027 25660078334.8067 -39227.3170940088 -72571.5327273489 -22755755.6392183 73448.2774337387
2898155771.69837 -31518565482.6508 20648866239.0561 -34360.3489944791 -76285.6300703804 -22755697.2116323 67292.1328782574
2898219357.31611 -33538507725.184 15700985217.031 -29073.7462353207 -79235.1715955225 -22755659.5726285 63585.6177406553
2898280964.86609 -35158824328.7084 10749104486.9167 -23463.2045087339 -81393.7180753455 -22755647.0126214 61607.5499718024
2898342005.35032 -36413880663.6006 5735587096.97824 -17632.5938949865 -82737.2017726455 -22755660.9792552 61040.4842308108
2898403800.32864 -37310582490.1145 665433119.391838 -11760.1103963384 -83249.5794321886 -22755697.3720021 61794.9783259955
2898467732.12719 -37857763836.5069 -4474036223.7663 -5996.97059802721 -82961.7550255002 -22755747.2835875 63931.7985506462
2898535404.04743 -38060457852.4244 -9748354874.47299 -423.101797765234 -81923.3552575279 -22755803.2633719 67671.9202356915
2898608983.83773 -37905389916.9205 -15236476175.1346 4898.57841488611 -80180.6496266699 -22755859.3399768 73579.7902979977
2898691971.21995 -37355018164.613 -21049914305.1972 9927.46088118879 -77765.8210468283 -22755911.6152544 82987.3822203838
2898791104.76586 -36328284900.7843 -27376919809.8406 14655.2687082294 -74671.8361836748 -22755959.0269685 99133.545915386
2898903969.92055 -34644393496.5245 -34587677387.2224 19118.0079452249 -70795.534593304 -22756005.4018459 112865.154684695
2899010216.56146 -32412472048.1468 -41891026401.4897 22714.6622949374 -66714.2982366073 -22756029.5102334 106246.640914177
2899116214.1027 -29857675008.7289 -48757273785.0469 25353.4486076044 -62890.0544551995 -22756042.104053 105997.541236088
2899225774.2115 -27062753316.9121 -55234716063.6332 27280.3463956268 -59383.9671461464 -22756052.2281108 109560.108806993
2899340808.48045 -23990745703.839 -61558164814.559 28718.4726317317 -56107.4418223108 -22756062.7384155 115034.268948473
2899462662.98729 -20622090313.3621 -67831911670.3898 29785.0530387819 -53027.5416469236 -22756073.9758358 121854.506838618
2899592482.90218 -16942497589.4367 -74113335807.3463 30556.1993053903 -50128.0271531655 -22756085.7556958 129819.91488981
2899731337.61162 -12938500728.0921 -80440016718.6481 31087.2607526965 -47397.76865772 -22756097.7952399 138854.709440007
2899880278.72177 -8596388167.83314 -86839125060.5866 31420.8733103187 -44827.5117705121 -22756109.8277471 148941.110144973
2900040371.71294 -3901862899.97892 -93331689815.8 31591.013476902 -42408.7600960194 -22756121.6346016 160092.991169058
2900212715.56197 1160067313.59257 -99934821998.027 31625.3453742446 -40133.3800314731 -22756133.0500898 172343.849036214
2900398456.26641 6605117934.68843 -106662988502.267 31546.7181511297 -37993.4771568455 -22756143.9566309 185740.704439687
2900598797.04654 12449725338.2385 -113528794032.291 31374.191290694 -35981.3771696735 -22756154.2770665 200340.780124095
2900815006.64636 18711033711.9317 -120543487083.353 31123.7745746713 -34089.6441352732 -22756163.9666438 216209.599825884
2901048426.51355 25406878904.6534 -127717301237.59 30808.9836689442 -32311.1080854995 -22756173.0057311 233419.867188295
2901300477.31099 32555772257.5791 -135059693137.751 30441.2699737599 -30638.8905759768 -22756181.3936019 252050.797435272
2901572665.03491 40176885476.8095 -142579512895.253 30030.3609000485 -29066.4240860963 -22756189.1433282 272187.723928705
2901866586.91777 48290036751.0066 -150285128721.452 29584.5340326452 -27587.4643612874 -22756196.2776947 293921.882855067
2902183937.22555 56915678096.7307 -158184519700.906 29110.8410700453 -26196.0961425991 -22756202.8259904 317350.307778806
2902526513.03313 66074883535.2827 -166285345610.654 28615.2927278112 -24886.7332906134 -22756208.8215388 342575.807582585
2902896220.02712 75789337984.5708 -174595000036.656 28103.0127134564 -23654.1143679047 -22756214.2998246 369706.993990754
2903295078.37672 86081326450.4162 -183120650861.405 27578.3668357517 -22493.2947408508 -22756219.2971021 398858.349601492
2903725228.70126 96973723313.4322 -191869271138.274 27045.0718675511 -21399.6360986234 -22756223.8493828 430150.324541844
2904188938.15455 108489981485.534 -200847662484.284 26506.2877586618 -20368.7941520362 -22756227.9917184 463709.453289628
2904688606.64074 120654121198.776 -210062472520.977 25964.6960448199 -19396.7051369294 -22756231.7577127 499668.486189256
2905226773.17483 133490718203.338 -219520207489.992 25422.5667344246 -18479.5716191217 -22756235.179207 538166.534081796
2905806122.39943 147024891225.971 -229227240927.189 24881.8155203679 -17613.8479851513 -22756238.2860968 579349.224608875
2906429491.25844 161282288581.224 -239189819084.319 24344.0528282818 -16796.2259137967 -22756241.1062462 623368.859002349
2907099875.84012 176289073611.812 -249414063473.629 23810.6259566052 -16023.6200631919 -22756243.6654714 670384.58168581
2907820438.38916 192071908996.554 -259905971052.176 23282.6553380258 -15293.1541256507 -22756245.9875764 720562.549041183
2908594514.49481 208657939658.803 -270671412251.18 22761.0657938161 -14602.147375524 -22756248.0944232 774076.10564609
2909425620.44948 226074774242.998 -281716127150.893 22246.6135048728 -13948.1017845377 -22756250.0060241 831105.954671408
2910317460.79276 244350464842.623 -293045719862.078 21739.9093184355 -13328.6897625536 -22756251.7406486 891840.343278154
2911273936.02031 263513485157.024 -304665651451.556 21241.4389001261 -12741.7425395233 -22756253.3149384 956475.227551862
2912299150.48394 283592706479.775 -316581231229.398 20751.5801850884 -12185.239215614 -22756254.7440239 1025214.46362657
2913397420.45749 304617371963.577 -328797606838.384 20270.6184874233 -11657.2964576399 -22756256.0416406 1098269.97355452
2914573282.38334 326617068497.598 -341319752884.479 19798.759602288 -11156.1588467474 -22756257.2202426 1175861.92584417
2915831501.28486 349621696409.725 -354152458367.823 19336.1411653777 -10680.1898474082 -22756258.29111 1258218.90152249
2917177079.35185 373661436604.352 -367300312803.143 18882.8425102784 -10227.8633801415 -22756259.2644519 1345578.06699084
2918615264.69874 398766715192.784 -380767691168.862 18438.893220772 -9797.7559658851 -22756260.1495018 1438185.34688498
2920151560.27007 424968165524.538 -394558737722.292 18004.2805512917 -9388.53941306194 -22756260.9546072 1536295.57133799
2921791732.90495 452296587074.826 -408677348477.861 17578.9558717586 -8998.97402371429 -22756261.6873113 1640172.63487307
2923541822.56434 480782901363.337 -423127152533.437 17162.8402591249 -8627.90228167626 -22756262.3544292 1750089.65939468
2925408151.68913 510458104903.357 -437911492314.057 16755.8293454551 -8274.24299174038 -22756262.9621173 1866329.12478915
2927397334.68068 541353218560.474 -453033402489.476 16357.7975258985 -7936.98584682686 -22756263.5159366 1989182.99154676
2929516287.5358 573499233181.295 -468495587582.385 15968.6016082016 -7615.18639274331 -22756264.0209101 2118952.85512364
2931772237.59224 606927051978.035 -484300398573.026 15588.0839678702 -7307.96135656078 -22756264.4815755 2255950.05644235
2934172733.35486 641667428890.027 -500449808180.084 15216.0752803084 -7014.48432026061 -22756264.9020326 2400495.76261508
2936725654.44775 677750902467.483 -516945384684.725 14852.3968862621 -6733.98171620129 -22756265.2859861 2552921.09289659
2939439221.60883 715207725972.07 -533788264692.802 14496.8628281077 -6465.72911348872 -22756265.6367845 2713567.16107654
2942322006.80314 754067792411.61 -550979124310.395 14149.28160968 -6209.04778264225 -22756265.9574553 2882785.19431271
2945382943.32273 794360555644.352 -568518149316.903 13809.457702337 -5963.30150819294 -22756266.2507366 3060936.51958856
2948631336.02762 836114945634.511 -586405003547.499 13477.1928444077 -5727.89364221736 -22756266.5191054 3248392.70488747
2952076871.40185 879359280041.492 -604638796508.717 13152.2871406144 -5502.26436610122 -22756266.7648037 3445535.37423132
2955729627.85347 924121167714.469 -623218048401.194 12834.5400186621 -5285.88816786861 -22756266.989861 3652756.45162089
2959600085.79752 970427409916.91 -642140655103.263 12523.7510164698 -5078.27148661801 -22756267.1961157 3870457.94404427
2963699137.74467 1018303893112.48 -661403850570.665 12219.7204638632 -4878.95054202747 -22756267.3852337 4099051.94715265
2968038098.38355 1067775476397.46 -681004168050.379 11922.2500482673 -4687.48931737509 -22756267.5587252 4338960.6388792
2972628714.39685 1118865873337.88 -700937400052.395 11631.1432801887 -4503.47768583302 -22756267.7179596 4590616.01330275
2977483174.30578 1171597525150.77 -721198555953.563 11346.2058868526 -4326.52967926649 -22756267.8641797 4854459.90892464
2982614118.05506 1225991468845.06 -741781818749.162 11067.2461210739 -4156.28187413913 -22756267.9985136 5130943.74928257
2988034646.44261 1282067196931.51 -762680499697.897 10794.0750130935 -3992.39189692497 -22756268.121986 5420528.387549
2993758330.26354 1339842510021.27 -783886991469.224 10526.5065639097 -3834.53703418261 -22756268.235528 5723683.82093417
2999799219.15045 1399333360936.61 -805392719364.611 10264.3578925146 -3682.41294249135 -22756268.3399859 6040888.88691254
3006171850.24098 1460553690290.68 -827188090707.009 10007.4493411042 -3535.73244943883 -22756268.4361298 6372631.09052951
3012891256.24942 1523515254912.56 -849262442978.089 9755.60453660105 -3394.22443484233 -22756268.5246602 6719406.00843786
3019972973.36652 1588227444890.18 -871603989294.431 9508.65042949464 -3257.63279522773 -22756268.6062152 7081717.11709925
3027433048.45645 1654697093621.67 -894199762892.14 9266.41729399682 -3125.71547426623 -22756268.681376 7460075.08993026
3035288046.03106 1722928275726.08 -917035558924.178 9028.73871210162 -2998.24356452921 -22756268.7506724 7854997.57460967
3043555054.14802 1792922097496.1 -940095875295.902 8795.45152527063 -2875.00046492976 -22756268.8145873 8267008.11695857
3052251690.36816 1864676472154.04 -963363850061.803 8566.39578200432 -2755.78110308023 -22756268.8735616 8696636.22014584
3061396106.3371 1938185890238.02 -986821198935.827 8341.41464679083 -2640.39119878089 -22756268.9279975 9144415.96893809
3071006992.01326 2013441172409.99 -1010448148856.5 8120.35431319714 -2528.64658635982 -22756268.9782625 9610885.67615617
3081103579.03142 2090429213861.03 -1034223370763.62 7903.06389058933 -2420.37257533605 -22756269.0246925 10096587.0181624
3091705642.98348 2169132715769.39 -1058123910222.08 7689.39527952106 -2315.40335338886 -22756269.0675943 10602063.9520632
3102833504.80898 2249529902238.46 -1082125115582.96 7479.20303896557 -2213.58142947322 -22756269.1072488 11127861.8254943
3114508031.42156 2331594224360.88 -1106200564360.66 7272.34423961918 -2114.75711091058 -22756269.143913 11674526.6125855
3126750634.87966 2415294052121.16 -1130321988156.57 7068.6783011766 -2018.78801066853 -22756269.1778222 12242603.4580959
3139583270.60294 2500592348893.69 -1154459194745.45 6868.06682562203 -1925.53858798076 -22756269.2091919 12832635.7232818
3153028434.3456 2587446332219.75 -1178579988599.73 6670.37341525242 -1834.87971449917 -22756269.2382198 13445163.7426594
3155760000 2675807118453.5 -1202650089310.94 6475.46347982953 -1746.68826604047 -22756269.265087 2731565.65439987
