0 1556958000000 0 -11000 2000 -22756327.2740819 105192
22474287.189631 1555800584889.89 210383986.33895 -11005.7644167263 1999.9996102518 -22756327.2740819 22474287.189631
36268977.4488152 1398388518714.01 27762926285.4126 -11846.152948231 1991.601110962 -22756311.1555242 13794690.2591842
48484709.0397418 1248233807989.29 51944961920.0559 -12772.4291061314 1963.13594236874 -22756287.7945522 12215731.5909266
58936334.7141699 1109738237132.33 72216413481.639 -13768.1835499573 1910.02444284502 -22756258.2851352 10451625.6744281
67862641.209516 982229591154.227 88927635195.2953 -14843.6890110683 1826.35693979053 -22756220.4659886 8926306.49534618
75453804.8594518 865309182698.111 102369639967.852 -16008.169176316 1704.78425855521 -22756171.8212141 7591163.6499357
81882477.0010037 758505550098.188 112830115930.411 -17272.0713723568 1536.05490373549 -22756108.9702087 6428672.14155196
87303166.7979285 661312783155.361 120587213877.956 -18646.9629371387 1308.50437956956 -22756027.405999 5420689.79692483
91853683.5835712 573199907817.721 125907812158.657 -20145.5867395791 1007.37843307454 -22755921.1022389 4550516.78564267
95656418.6391404 493620667472.262 129045904697.116 -21781.8350900408 613.95191693458 -22755781.9942114 3802735.05556919
98819603.8877131 422021737846.369 130241312071.479 -23570.6105096648 104.375486284323 -22755599.2986788 3163185.2485727
101438528.102901 357849682243.092 129718618715.644 -25527.4914539035 -551.837784681176 -22755358.6478121 2618924.21518755
103596704.569694 300556766129.698 127686253535.835 -27668.0732393402 -1393.80216058433 -22755041.0399478 2158176.46679309
105366985.310239 249605748183.99 124335616524.216 -30006.7735688338 -2471.87720758966 -22754621.6864285 1770280.7405454
106812618.923794 204473746680.17 119840126904.77 -32554.7595242079 -3851.10856350635 -22754069.0136811 1445633.61355507
107988251.011955 164655258803.534 114354016249.369 -35316.432354633 -5615.73307960158 -22753344.4709027 1175632.08816074
108940868.441432 129664379058.9 108010589375.406 -38283.5329971997 -7875.03167792752 -22752404.5987134 952617.429477327
109710691.982998 99036207593.1368 100919473754.251 -41425.2832970251 -10770.8279702768 -22751208.3841569 769823.541566131
110332027.731626 72327323206.4269 93161945326.6629 -44671.8105611174 -14486.8762910939 -22749735.7730772 621335.748627204
110834100.453231 49114910750.9579 84782403453.3757 -47885.8679912444 -19260.2051175783 -22748027.6822791 502072.721605453
111241925.125773 28993313836.8852 75771372034.0659 -50813.1102654301 -25394.249807057 -22746262.252845 407824.672541609
111577377.483733 11563976692.3244 66026896805.9472 -52989.0236386014 -33274.4811268743 -22744873.6256454 335452.357959913
111861047.087444 -3597234159.32026 55246777217.696 -53537.9926255575 -43398.2374553413 -22744624.5362153 283669.603711461
112117691.376288 -17067994774.0859 42512639382.4622 -50558.8507830073 -56510.6893601392 -22745693.7743988 256644.288843799
112347059.630389 -27758099240.5434 27937690641.885 -41239.4616217384 -70674.0465908695 -22739543.8899693 229368.254101142
112513210.062386 -33638752083.0747 15425340434.2312 -28768.0399337471 -79377.3511833672 -22735810.228972 166150.43199679
112666620.170176 -36960656299.3251 2895394499.17851 -14328.5353231619 -83126.8928163737 -22737673.0110569 153410.107790552
112827004.335576 -38060341600.6026 -9820601923.31511 -348.801592097328 -81905.1041769886 -22743033.8525872 160384.165400083
113019923.208042 -37143322198.2566 -22599254373.8306 11158.2928394604 -77045.9183196289 -22746701.6830688 192918.872465431
113315353.819219 -34036407934.4988 -36750652207.9348 20276.3690570099 -69594.3090754428 -22748912.4392338 295430.611177644
113585867.040829 -27520742998.6112 -54225755770.3137 27013.7338408063 -59920.9547402655 -22751417.0180488 270513.221609812
113881535.626705 -19753486974.5138 -69359342641.7425 29998.9405842495 -52304.8099676227 -22752453.0258787 295668.58587563
114223998.310669 -10659541791.89 -83848344906.9665 31288.8825309633 -46004.6142633598 -22753267.1706274 342462.68396414
114626284.205206 136811555.063266 -98625903248.9097 31629.2105282323 -40569.456066311 -22754007.6896803 402285.894537126
115102286.078715 12821781554.1951 -113951013470.33 31361.9440116407 -35862.1178902299 -22754657.1290982 476001.873509247
115667394.817931 27600519179.4728 -129998415056.137 30699.7920182698 -31775.3174844665 -22755211.4897747 565108.739215343
116339100.53579 44692304070.3663 -146898546101.403 29783.5881599054 -28220.8937926354 -22755675.3729916 671705.717859448
117137413.977542 64333708268.4894 -164760812481.087 28709.5422100548 -25123.6641361799 -22756058.3005942 798313.441752056
118085262.964304 86778776920.1415 -183682681159.355 27544.3415250778 -22419.1854080494 -22756371.5226505 947848.986761581
119208891.55724 112298991846.978 -203754284008.644 26334.4448390387 -20052.2454388153 -22756626.2007947 1123628.59293634
120538277.181505 141183033362.127 -225060807090.773 25112.1562988917 -17975.6242931834 -22756832.5107961 1329385.62426504
122107572.820064 173736396138.088 -247683719754.465 23899.7447525611 -16148.9978414566 -22756999.2943346 1569295.63855909
123955578.311739 210280838902.887 -271701315407.796 22712.3063949021 -14537.9605114078 -22757134.00902 1848005.49167425
126126243.173532 251153634951.835 -297188801336.958 21559.7877461761 -13113.1627474051 -22757242.8252292 2170664.86179367
128669202.414212 296706583972.106 -324218062493.468 20448.4323724288 -11849.5588913141 -22757330.7836806 2542959.2406794
131640346.122115 347304741990.386 -352857166792.793 19381.8244260843 -10725.7581654518 -22757401.9675304 2971143.70790364
135102423.026926 403324822786.14 -383169648040.556 18361.6460211594 -9723.46912998665 -22757459.6659989 3462076.90481095
139125677.66293 465153220276.771 -415213584379.774 17388.2292463864 -8827.02695541065 -22757506.5195647 4023254.6360041
143788520.149861 533183596922.906 -449040478982.447 16460.9595236625 -8022.99282622336 -22757544.6437416 4662842.48693025
149178226.924973 607813978078.846 -484693942505.604 15578.5706155779 -7299.81539751819 -22757575.7319826 5389706.77511204
155391669.971478 689443286440.298 -522208171968.073 14739.3602184128 -6647.5451613293 -22757601.1398301 6213443.04650567
162536071.181293 778467244168.272 -561606217209.439 13941.3470887744 -6057.59364323796 -22757621.9529757 7144401.20981456
170729777.416683 875273563066.177 -602898023551.573 13182.3849711605 -5522.53041599978 -22757639.0418987 8193706.23539018
180103050.59624 980236334968.622 -646078237239.533 12460.2445174018 -5035.91192026183 -22757653.1055149 9373273.17955657
190798865.662284 1093709525627.3 -691123758719.14 11772.6714361788 -4592.13698604856 -22757664.7059376 10695815.0660443
202973707.578428 1216019465288.15 -737991027502.401 11117.4269596388 -4186.3247446034 -22757674.2961107 12174841.916144
216798356.5143 1347456218097.76 -786613021398.164 10492.3151339174 -3814.21130647288 -22757682.2417578 13824648.9358723
232458648.042428 1488263700215.99 -836895952174.35 9895.2002729125 -3472.06216707298 -22757688.8388147 15660291.5281278
250156192.502041 1638628402718.55 -888715639224.388 9324.01704692717 -3156.59779596964 -22757694.3272818 17697544.4596133
270109034.622528 1798666560309.47 -941913542733.68 8776.77502598756 -2864.93028071077 -22757698.9022416 19952842.1204869
292552231.068454 1968409589976.06 -996292438095.482 8251.55900448618 -2594.50924251316 -22757702.7226339 22443196.4459256
317738319.86094 2147787605006.19 -1051611714062.16 7746.52605415636 -2343.07552860158 -22757705.9182531 25186088.7924867
345937651.860962 2336610789182.21 -1107582278456.87 7259.89995275339 -2108.62142313558 -22757708.5953411 28199332.0000217
377438551.14144 2534548393242.49 -1163861057258.14 6789.96339015889 -1889.35631285865 -22757710.8410633 31500899.2804775
412547269.065282 2741105090608.98 -1220045075481.31 6335.04813954678 -1683.6769005406 -22757712.7270998 35108717.9238423
451587698.252214 2955594401375.49 -1275665111240.55 5893.52317761279 -1490.14118301682 -22757714.312533 39040429.1869319
494900820.66532 3177108862637.22 -1330178917156.94 5463.78051913521 -1307.44550228193 -22757715.6461747 43313122.4131063
542843886.033309 3404486585140.06 -1382964003391.88 5044.21827106393 -1134.40403893324 -22757716.7684465 47943065.367989
595789365.563324 3636273787872.96 -1433309970293.38 4633.22005855228 -969.930139785451 -22757717.712904 52945479.5300147
654123827.157393 3870682827805.91 -1480410355550.56 4229.12946015891 -813.018846283749 -22757718.5074764 58334461.5940688
718247082.776408 4105545111250.77 -1523353900208.62 3830.21727620394 -662.729891438893 -22757719.1754785 64123255.6190158
788572371.195533 4338258012410.14 -1561114994418.23 3434.63809549709 -518.17021133394 -22757719.73644 70325288.4191248
865529184.848959 4565724366703.17 -1592542738836.71 3040.37022176747 -378.474568632251 -22757720.2067881 76956813.6534258
949572146.440176 4784281853100.62 -1616347328393.76 2645.12852502004 -242.781989181417 -22757720.6004046 84042961.5912171
1041203381.33229 4989616680220.04 -1631080809814.87 2246.23079108584 -110.203852062679 -22757720.9290654 91631234.8921101
1141025727.09223 5176649009788.91 -1635105366052.84 1840.3787060025 20.2246397287158 -22757721.2027273 99822345.7599477
1249871573.46885 5339359771309.55 -1626532485521.22 1423.26818692734 149.627867616599 -22757721.4295199 108845846.376615
1369143750.85051 5470478878189.76 -1603089015975.42 988.817243042142 279.453943837619 -22757721.6149173 119272177.381661
1501914542.48368 5560793441589.09 -1561775652071 527.383941625677 411.857333423286 -22757721.7579421 132770791.633171
1658544310.07598 5597150115128.31 -1497787328844.92 20.5210188658675 550.846908123603 -22757721.832472 156629767.592297
1862425849.05985 5553216581189.41 -1399137639195.41 -584.246861658596 707.941185588235 -22757721.6221332 203881538.983872
1998119837.215 5437255824601.13 -1294002580634.7 -1129.62055542649 841.534961040582 -22757721.2168241 135693988.155154
2114891654.3467 5276567659106.96 -1189006540493.19 -1628.23272945545 957.04038023946 -22757720.7662385 116771817.131698
2218848047.99816 5082760153106.14 -1084083854417.61 -2106.97348987007 1062.03022235838 -22757720.2304334 103956393.651456
2312278835.62041 4864285273459.65 -980330695656.136 -2577.18338999912 1159.55389569137 -22757719.5784788 93430787.6222559
2396443535.26331 4628014459418.05 -878909330535.277 -3045.59126374604 1251.22935159732 -22757718.7782987 84164699.6428919
2472223060.51405 4379705203103.35 -780832640701.499 -3517.02814762176 1338.01684272969 -22757717.7930391 75779525.2507487
2540331523.89562 4124217312391.04 -686920763179.389 -3995.4085614974 1420.49693456741 -22757716.5785559 68108463.3815625
2601397879.57102 3865644525268.75 -597803829000.813 -4484.17983691694 1498.99164018826 -22757715.0808533 61066355.675408
2655999878.74327 3607411952340.32 -513939342403.018 -4986.56422666122 1573.62135646128 -22757713.2330749 54601999.1722467
2704678468.38764 3352356844447.72 -435633812559.252 -5505.70788246514 1644.3301596574 -22757710.9517682 48678589.6443672
2747943715.51703 3102799258405.39 -363064660315.154 -6044.78405617655 1710.89264138152 -22757708.1321323 43265247.1293955
2786277030.49752 2860605269495.34 -296300791869.137 -6607.07276103116 1772.9079552414 -22757704.6418904 38333314.9804839
2820131855.27283 2627243927820.21 -235321227991.118 -7196.02843975087 1829.78335029806 -22757700.3133221 33854824.7753094
2849933820.64756 2403838621847.79 -180031628705.235 -7815.34219796936 1880.70766895143 -22757694.9328355 29801965.3747313
2876080833.20479 2191213320400.04 -130278762105.423 -8469.00266084817 1924.6141344828 -22757688.2272502 26147012.5572325
2898943290.48569 1989934095802.59 -85863059104.5894 -9161.35817371905 1960.13083578412 -22757679.8456657 22862457.2808968
2918864495.44916 1800346303071.67 -46549431845.9516 -9897.18229495494 1985.51642498328 -22757669.3353915 19921204.9634755
2936161279.8243 1622607771988.8 -12076540783.5228 -10681.7440226 1998.57754568756 -22757656.1098596 17296784.3751331
2951124817.68661 1456718351934.43 17835310990.2378 -11520.8837768298 1996.56329630052 -22757639.4056849 14963537.8623183
2964021599.11214 1302546130454.44 43477490238.6173 -12421.0956993714 1976.03049171874 -22757618.2249961 12896781.4255219
2975094530.69808 1159850626117.81 65147401763.7103 -13389.6161988643 1932.67148291685 -22757591.2577431 11072931.5859443
2984564130.74115 1028303235484.83 83143775966.0246 -14434.5177023594 1861.09365502887 -22757556.7767645 9469600.04306611
2992629789.7544 907505193009.127 97762753400.3214 -15564.8050372492 1754.53622287447 -22757512.495823 8065659.0132496
2999471070.5685 797003282564.699 109294656377.294 -16790.5094067529 1604.50527468684 -22757455.3774513 6841280.81410263
3005249025.94777 696303519996.7 118021348403.024 -18122.7709825866 1400.30177467596 -22757381.3731835 5777955.37927159
3010107515.16452 604883007846.008 124214091118.224 -19573.8948431334 1128.40888551629 -22757285.0737004 4858489.21675139
3014174504.19424 522200146203.949 128131815187.462 -21157.3549326556 771.693810750088 -22757159.2411695 4066989.02971702
3017563337.08324 447703367399.364 130019725928.788 -22887.7046480387 308.364490744742 -22756994.1923985 3388832.88899826
3020373968.60843 380838546706.811 130108165680.359 -24780.3268994218 -289.39817221822 -22756777.0036489 2810631.52519164
3022694150.62917 321055226208.966 128611651704.933 -26850.9149964358 -1057.23754298042 -22756490.525729 2320182.02074441
3024600566.58245 267811773746.609 125727998493.031 -29114.508423059 -2040.98567539696 -22756112.2519169 1906415.95327383
3026159910.47383 220579582606.408 121637412209.298 -31583.7974702079 -3299.77290190239 -22755613.2137043 1559343.89137929
3027429908.59929 178846398241.249 116501404076.503 -34266.2284599077 -4910.10661884935 -22754957.3746568 1269998.12546184
3028460284.33184 142118831640.513 110461290927.341 -37159.1349428292 -6971.18871176789 -22754102.6121577 1030375.7325513
3029293669.10544 109924075061.281 103635896126.655 -40241.5940545578 -9611.7694955955 -22753005.6104841 833384.773597832
3029966467.34628 81810749359.242 96117740804.7147 -43460.7742201693 -12998.8136189681 -22751635.2962078 672798.240843691
3030509692.45224 57348611609.1919 87966284762.6039 -46708.8005161996 -17348.1262666857 -22750003.3262334 543225.105960394
3030949813.66792 36126308762.0111 79194932362.6004 -49782.6302606707 -22936.8417563843 -22748225.0996544 440121.215681158
3031309720.23503 17744627029.1699 69743099157.3875 -52311.0935934136 -30117.8101191254 -22746624.2689984 359906.567107566
3031610152.45547 1795893057.67652 59404858404.8578 -53607.7355054662 -39340.6973755873 -22745849.8173962 300432.220437332
3031873137.3908 -12212906389.3873 47587325309.5985 -52289.0058095316 -51225.627542902 -22746623.5378442 262984.935328359
3032127564.32257 -24769480178.5811 32681839218.4949 -44972.1851690856 -66377.327160135 -22743892.7581973 254426.931778125
3032305321.8335 -31839495799.4768 19925696590.7987 -33612.8358122754 -76764.5842996985 -22738925.0072808 177757.510926723
3032461130.36464 -36022348784.2438 7467207687.46315 -19651.0767556085 -82370.1302940068 -22738575.3318872 155808.531137105
3032616599.09123 -37920788681.2574 -5440670542.99114 -4944.15046962771 -82825.3646235115 -22743883.05825 155468.726592967
3032794360.27068 -37684823736.6768 -18065666803.9553 7429.32244007448 -79068.6365632284 -22748210.2494736 177761.17944915
3033038510.15801 -35417056563.8942 -31549940224.8768 17356.7541842062 -72459.3922559883 -22750810.1748977 244149.887334189
3033313320.45921 -30120672536.8378 -48094725487.1095 25129.8938694144 -63255.1256703423 -22753204.6782932 274810.301194693
3033596007.14645 -22575354231.6847 -64260001035.0881 29220.5882531184 -54758.2528299353 -22754638.0572124 282686.687240055
3033920649.54883 -14029318952.812 -78755242288.5618 30969.6460166752 -48104.9678323182 -22755477.2712789 324642.402378724
3034300441.10659 -3847724438.76851 -93397511412.8218 31594.2196229253 -42383.5920772057 -22756246.8581417 379791.557758671
3034748957.79368 8152972052.86239 -108506808699.235 31510.5339770954 -37434.8932903339 -22756929.1282248 448516.687095892
3035280972.97718 22174478894.3978 -124284397861.14 30967.6603875797 -33141.4868427438 -22757516.6623003 532015.183499158
3035913191.21276 38430260568.1932 -140872013711.754 30127.5250000708 -29409.7226762396 -22758011.3304552 632218.235575117
3036664694.2888 57150817685.0954 -158385061615.554 29099.8256637854 -26160.1835901334 -22758421.3806238 751503.076042976
3037557343.1513 78584061648.9645 -176924489397.861 27960.3112004662 -23324.8569165572 -22758757.7240616 892648.862500411
3038616173.58581 102995385673.401 -196582635692.616 26761.7046074594 -20845.4449885585 -22759031.6938452 1058830.43450954
3039869806.01457 130667480249.762 -217446222777.967 25540.7174763431 -18672.0579789318 -22759253.8724692 1253632.42875781
3041350878.32666 161900001645.095 -239597920446.836 24322.7540911999 -16762.0722808947 -22759433.586005 1481072.31209054
3043096506.63731 197009082894.375 -263117092353.801 23125.1561199193 -15079.1122382372 -22759578.7711735 1745628.31065164
3045148776.85261 236326658218.363 -288080025381.218 21959.4836527331 -13592.147709394 -22759696.0332574 2052270.21529714
3047555268.79768 280199563013.297 -314559797674.795 20833.140392687 -12274.7038974641 -22759790.7892702 2406491.94506842
3050369613.91177 328988367452.403 -342625869069.028 19750.5427666091 -11104.1771853144 -22759867.4385037 2814345.11409528
3053652086.91071 383065898250.218 -372343439050.83 18713.9668062651 -10061.248007335 -22759929.5307644 3282472.99893474
3057470231.24579 442815399529.21 -403772595527.564 17724.1646054663 -9129.38032246072 -22759979.9186308 3818144.33508749
3061899517.59568 508628279449.035 -436967264455.918 16780.8144488104 -8294.39692207459 -22760020.8887996 4429286.349885
3067024033.97389 580901384384.751 -471973962046.342 15882.8499798433 -7544.12023026988 -22760054.2721147 5124516.37820758
3072937205.2862 660033736910.477 -508830345712.833 15028.7008731932 -6868.06910168491 -22760081.5339973 5913171.31231489
3079742539.30854 746422667547.644 -547563556032.745 14216.4684491938 -6257.20315883062 -22760103.8478331 6805334.02234162
3087554395.04498 840459263251.701 -588188339146.096 13444.0532757742 -5703.70728645688 -22760122.1540207 7811855.73643959
3096498768.24477 942523047770.43 -630704936837.574 12709.2472277424 -5200.80993116281 -22760137.2072141 8944373.19979186
3106714087.47839 1052975800335 -675096729841.37 12009.7991709724 -4742.62979539556 -22760149.6139802 10215319.2336133
3118352012.54874 1172154409562.91 -721327618565.87 11343.4610366499 -4324.04634875954 -22760159.8627497 11637925.0703513
3131578225.11898 1300362648692.28 -769339124324.039 10708.0192920699 -3940.59030405126 -22760168.3476111 13226212.5702412
3146573199.24718 1437861746377.39 -819047193330.693 10101.3155175347 -3588.35082516565 -22760175.3872086 14994974.128203
3155760000 1584859614233.52 -870338685230.103 9521.25883586205 -3263.89675883443 -22760181.2397547 9186800.75281811
