0 1556958000000 0 -11000 2000 -22756327.2740819 105192
14180316.5642548 1555800584889.89 210383986.33895 -11005.7644167263 1999.9996102518 -22756327.2740819 14180316.5642548
23159100.524465 1454672236082.28 18158236966.5969 -11532.0732051832 1996.67925865495 -22756325.7068804 8978783.96021019
31477485.4096862 1356473055252.38 34729222852.8202 -12091.0340361062 1986.03560446258 -22756323.7351017 8318384.88522129
39037813.813942 1262903319207.35 49679309145.6671 -12675.5846898977 1967.05612493624 -22756321.4497516 7560328.40425578
45903331.8273094 1173827204395.71 63093729753.0224 -13287.9802801428 1938.55428997019 -22756318.7878746 6865518.0133674
52127962.8953113 1089164483734.21 75045985286.2872 -13930.2334759358 1899.16944024206 -22756315.6825732 6224631.06800187
57762549.242791 1008821082374.44 85609671993.6752 -14604.5182762063 1847.3325077362 -22756312.0536889 5634586.34747966
62854751.9389876 932693413096.639 94857701611.0451 -15313.1630532449 1781.23327995967 -22756307.8054945 5092202.69619664
67449185.6686166 860669737426.803 102862021540.665 -16058.6606016091 1698.78135891124 -22756302.8234801 4594433.729629
71587545.9283452 792631515572.255 109693353378.795 -16843.6767115077 1597.56026858545 -22756296.9704831 4138360.25972866
75308736.9203327 728454637039.034 115420963986.535 -17671.05748675 1474.77338186283 -22756290.0820109 3721190.9919874
78648999.1287608 668010543861.239 120112465124.304 -18543.8345983346 1327.18011684342 -22756281.9605966 3340262.20842815
81642035.9990045 611167253212.487 123833638497.832 -19465.2274112342 1151.02054242272 -22756272.3690115 2993036.87024368
84319139.2037184 557790285897.077 126648283150.806 -20438.6405329372 941.926163558247 -22756261.0221313 2677103.20471392
86709312.0395306 507743507012.075 128618082191.45 -21467.6548062289 694.814216107557 -22756247.5772541 2390172.83581222
88839390.5743999 460889884452.663 129802485867.25 -22556.0090669551 403.76227569231 -22756231.6226649 2130078.53486922
90734162.2109405 417092170817.904 130258607929.523 -23707.5690300217 61.8593654536916 -22756212.6642927 1894771.63654058
92416481.3943534 376213513729.349 130041132096.826 -24926.2783792654 -338.970980568181 -22756190.1104 1682319.18341293
93907382.2409823 338117999254.973 129202225160.408 -26216.0853845324 -808.181085055044 -22756163.2544477 1490900.8466289
95226187.908328 302671132821.204 127791452857.11 -27580.835980987 -1356.84927300489 -22756131.2566335 1318805.66734565
96390616.5801436 269740261414.836 125855693988.497 -29024.1209898616 -1997.97721342453 -22756093.125228 1164428.6718157
97416883.9805086 239194940537.18 123439047290.894 -30549.0606804699 -2746.84302139116 -22756047.6998578 1026267.40036496
98319802.3836863 210907248672.928 120582724094.573 -32158.0037035155 -3621.41984670235 -22755993.6405501 902918.403177689
99112876.1382727 184752051333.127 117324917599.382 -33852.1088544582 -4642.87072883227 -22755929.4289985 793073.754586385
99808393.7915268 160607215597.394 113700636199.185 -35630.7661441418 -5836.13124753587 -22755853.3925897 695517.653254076
100417516.983998 138353774513.758 109741482992.188 -37490.7967264541 -7230.59162724117 -22755763.7679167 609123.192471282
100950366.407298 117876038135.728 105475355121.61 -39425.3470190778 -8860.88901803478 -22755658.8296067 532849.423299936
101416105.305694 99061643662.6302 100926022548.312 -41422.3570933289 -10767.8181283652 -22755537.1231149 465738.898395829
101823021.312698 81801529463.0607 96112521742.5262 -43462.4307704673 -12999.3638088921 -22755397.8570635 406916.007004158
102178607.963527 65989803229.0188 91048256443.3672 -45515.8534240019 -15611.8531494627 -22755241.5302787 355586.65082872
102489648.26374 51523445380.8703 85739615387.3295 -47538.3708158349 -18671.2214136536 -22755070.8842261 311040.300213673
102762304.810887 38301726263.184 80183750087.157 -49465.1096364635 -22254.4022029962 -22754892.262625 272656.547147118
103002225.655464 26225070047.5879 74364788491.2973 -51201.568631374 -26450.944067602 -22754717.3697314 239920.844576522
103214686.606262 15192724763.8911 68246864022.6205 -52609.6051831623 -31365.3164693818 -22754565.0871997 212460.950798009
103404822.879664 5097518286.15192 61759842312.4362 -53483.6938445797 -37121.7032946494 -22754461.9271452 190136.273402306
103578108.616754 -4187606009.61757 54765381088.0215 -53504.0742116357 -43878.2682521382 -22754435.7104812 173285.737089881
103741638.661272 -12849036620.682 46958524319.1268 -52116.701345822 -51878.7906375613 -22754475.244668 163530.044517529
103905560.720735 -21096018723.2892 37711220459.4742 -48202.6614190633 -61439.7706149331 -22754222.367198 163922.059462776
104038251.290059 -27123150148.4094 29007203447.6692 -42136.8550309793 -69742.7592337578 -22753501.9998589 132690.569324325
104148335.771674 -31372196278.2627 20971740229.9617 -34690.3201445095 -76067.3305433588 -22752913.5845408 110084.481615475
104248507.259089 -34432382820.6659 13117521338.4877 -26175.7906942589 -80463.6172971518 -22752637.9672165 100171.48741425
104345269.453044 -36525758366.1226 5200663603.56731 -17008.8536295911 -82830.8114524834 -22752767.2987776 96762.1939555485
104443891.839289 -37722543218.0408 -2845198909.78331 -7793.79631278646 -83135.7095767649 -22753219.3251696 98622.3862445274
104550041.114524 -38057389263.1143 -10981174310.4164 818.0320057409 -81585.5363669909 -22753737.3119044 106149.275235009
104671604.69729 -37540930612.8312 -19485761209.447 8638.56218243804 -78463.3313800337 -22754196.5588398 121563.582766378
104825949.638612 -36047636213.3466 -28755640920.6922 15583.2237866282 -73952.4167435983 -22754558.2843957 154344.941322282
105003929.429757 -33134436312.8072 -39704134783.6019 21728.6745798407 -67941.3131519873 -22754894.9580917 177979.791144394
105172576.744657 -29083333787.6124 -50638892532.953 25965.5030890805 -61858.4853310061 -22755063.6557817 168647.314900015
105350494.747288 -24469849321.917 -60614779387.4235 28528.8544967056 -56585.761629125 -22755170.7667017 177918.002630932
105544299.909137 -19239819401.9895 -70252160396.5909 30114.3415651296 -51888.1024774471 -22755272.3971577 193805.161849675
105758194.289126 -13302675958.0718 -79882743684.3426 31049.2735612796 -47630.5752429715 -22755374.6394122 213894.379988667
105996016.570783 -6603770104.29303 -89643077576.992 31513.1295041559 -43760.0565495731 -22755474.5695391 237822.281657423
106261639.074669 910470493.160596 -99617290452.5589 31626.5514448583 -40238.6439280591 -22755569.3598645 265622.503885172
106559144.256958 9295935957.52015 -109865354980.03 31476.5558118959 -37034.2177727616 -22755657.1633322 297505.182289422
106892924.128209 18611814169.8309 -120434333998.928 31128.2440243382 -34117.7959544913 -22755737.045207 333779.871251453
107267750.268232 28920817281.5301 -131363613420.225 30631.3461434824 -31462.7711404529 -22755808.7433404 374826.140022088
107688831.157986 40289207418.4203 -142687681031.85 30024.3297911284 -29044.6700394297 -22755872.442655 421080.889754181
108161864.011118 52786761295.5137 -154437730906.798 29337.1790258581 -26841.0500926535 -22755928.6004087 473032.853132289
108693084.550096 66486717140.2932 -166642646020.308 28593.3686595098 -24831.4163811636 -22755977.8214337 531220.538977613
109289316.539717 81465716357.8393 -179329624627.161 27811.3150137264 -22997.1270294322 -22756020.7735627 596231.989621045
109958022.104371 97803742131.7379 -192524589196.069 27005.467487774 -21321.2831652693 -22756058.1328735 668705.564654029
110707353.449082 115584053628.928 -206252455273.12 26187.1440171215 -19788.6077306437 -22756090.5500793 749331.344711464
111546206.377394 134893113385.826 -220537305724.888 25365.1786501393 -18385.3188947128 -22756118.6314363 838852.928312037
112484275.868289 155820505134.29 -235402498155.737 24546.4283331065 -17099.0030877884 -22756142.9293398 938069.490894618
113532113.888895 178458839370.681 -250870723120.74 23736.1724708887 -15918.4914029927 -22756163.9391812 1047838.02060572
114701189.566902 202903643970.342 -266964024541.822 22938.4298032436 -14833.7419024533 -22756182.1000975 1169075.67800706
116003951.805818 229253237269.588 -283703789922.81 22156.2108878887 -13835.7293711638 -22756197.7980083 1302762.23891643
117453894.398286 257608581029.738 -301110715441.875 21391.720038833 -12916.343320234 -22756211.3698673 1449942.5924678
119065623.663247 288073110743.614 -319204749379.398 20646.5173323412 -12068.2945079785 -22756223.108436 1611729.26496101
120854928.617394 320752540609.707 -338005016153.525 19921.6488978516 -11285.0298879538 -22756233.2671436 1789304.95414691
122838853.662217 355754640581.813 -357529722543.352 19217.7519032014 -10560.6556525177 -22756242.0647699 1983925.04482337
125035773.752998 393188982637.142 -377796047017.276 18535.139274204 -9889.8679025455 -22756249.6898038 2196920.09078075
127465471.991567 433166653420.08 -398820012756.872 17873.8681285978 -9267.89039242558 -22756256.304408 2429698.23856946
130149219.562758 475799930220.764 -420616344628.05 17233.7950864485 -8690.41876922204 -22756262.047964 2683747.57119063
133109857.906902 521201917112.212 -443198310134.806 16614.6209784914 -8153.57072274272 -22756267.0402057 2960638.34414389
136371883.003174 569486137846.903 -466577544190.657 16015.9269715235 -7653.84148196311 -22756271.383964 3262025.09627256
139961531.587534 620766082076.351 -490763857480.266 15437.2037305591 -7188.06412178108 -22756275.1675534 3589648.58435964
143906869.131929 675154700893.84 -515765027900.89 14877.8749265671 -6753.37418485383 -22756278.4668384 3945337.54439457
148237879.34099 732763848045.75 -541586574759.086 14337.3161403278 -6347.17815758008 -22756281.3470146 4331010.20906126
152986554.900472 793703662341.347 -568231515046.454 13814.8700191118 -5967.12538601914 -22756283.864139 4748675.55948225
158186989.17311 858081886823.948 -595700101203.312 13309.85837765 -5611.08305395772 -22756286.0664429 5200434.27263752
163875468.471862 926003120035.323 -623989539743.258 12821.591805147 -5277.113883449 -22756287.9954558 5688479.29875188
170090564.519521 997567994157.641 -653093689961.61 12349.3772373639 -4963.45625495594 -22756289.6869669 6215096.04765963
176873226.604851 1072872274918.45 -683002742093.258 11892.5238648017 -4668.50647454174 -22756291.1718459 6782662.08532931
184266872.912113 1152005877263.08 -713702874030.67 11450.347683199 -4390.80294796948 -22756292.4767453 7393646.30726254
192317480.436757 1235051790850.94 -745175885868.655 11022.1749333661 -4129.01204615803 -22756293.6246992 8050607.52464399
201073672.795406 1322084909075.74 -777398811530.143 10607.3446321226 -3881.9154709477 -22756294.6356356 8756192.35864909
210586805.171391 1413170754568.82 -810343506592.486 10205.2103605697 -3648.39895280378 -22756295.5268134 9513132.37598526
220911045.577202 1508364093920.08 -843976211522.791 9815.1414438763 -3427.44213035885 -22756296.3131959 10324240.4058102
232103451.410206 1607707434172.51 -878257089636.637 9436.52363060345 -3218.10947828051 -22756297.0077711 11192405.8330045
244224040.39835 1711229392085.22 -913139738739.69 9068.75936304122 -3019.54216747348 -22756297.6218243 12120588.9881437
257335854.632206 1818942928820.38 -948570676201.966 8711.26770415167 -2830.95075019775 -22756298.1651727 13111814.233856
271505016.531685 1930843439299.25 -984488796261.896 8363.48398340089 -2651.60858069557 -22756298.646366 14169161.8994795
286800775.33184 2046906687428.52 -1020824799292.18 8024.85920167694 -2480.84588681124 -22756299.0728581 15295758.8001545
303295542.685098 2167086576285.26 -1057500592310.39 7694.85923070701 -2318.04442033973 -22756299.4511553 16494767.3532582
321064915.815851 2291312742676.37 -1094428660414.64 7372.96382998833 -2162.6326200775 -22756299.7869426 17769373.1307526
340187686.628128 2419487964095.88 -1131511408684 7058.66549825248 -2014.0812296148 -22756300.0851934 19122770.8122773
360745835.397747 2551485365543.85 -1168640474241.99 6751.46816805816 -1871.89931742894 -22756300.3502631 20558148.7696191
382824507.392453 2687145414383.88 -1205696008683.21 6450.88574132704 -1735.63065039192 -22756300.5859703 22078671.9947061
406511971.743781 2826272687732.68 -1242545930305.48 6156.44046293642 -1604.85037929424 -22756300.7956665 23687464.3513282
431899561.557436 2968632400762.92 -1279045146929.39 5867.66111025062 -1479.16199334801 -22756300.9822967 25387589.8136542
459081596.044183 3113946677543.1 -1315034748403.81 5584.08097993238 -1358.19450910307 -22756301.1484514 27182034.4867474
488155286.441461 3261890550673.13 -1350341169195.65 5305.23562897748 -1241.59985498327 -22756301.2964119 29073690.3972781
519220630.374534 3412087671047.72 -1384775319907.85 5030.66031983584 -1129.05041657033 -22756301.4281897 31065343.9330727
552380302.758793 3564105709622.04 -1418131686044.82 4759.88709476241 -1020.23670451485 -22756301.5455605 33159672.3842595
587739557.627385 3717451427745.67 -1450187389681 4492.44138219696 -914.865105871768 -22756301.6500936 35359254.8685923
625406165.377923 3871565389169.77 -1480701206377.08 4227.83799775677 -812.655672856792 -22756301.7431781 37666607.750537
665490423.274768 4025816281059.06 -1509412523808.07 3965.57634490926 -713.339892174961 -22756301.8260455 40084257.896846
708105303.055982 4179494790040.41 -1536040216401.19 3705.13455418812 -616.658367728992 -22756301.8997892 42614879.7812133
753366835.081991 4331806964781.45 -1560281394177.33 3445.96216452584 -522.358318714605 -22756301.9653821 45261532.0260094
801394892.936636 4481866942737.88 -1581809951248.02 3187.47078698034 -430.190763711869 -22756302.0236917 48028057.8546449
852314645.537856 4628688851269.5 -1600274788693.21 2929.02188825717 -339.9071933066 -22756302.0754937 50919752.6012197
906259125.086269 4771177552082.06 -1615297494838.8 2669.91036929917 -251.255433428228 -22756302.1214831 53944479.5484128
963373684.650957 4908117655220.56 -1626469105962.14 2409.34180858888 -163.974221232706 -22756302.1622845 57114559.5646883
1023823732.32497 5038159777927.34 -1633345278059.52 2146.39981362419 -77.7856936992501 -22756302.198459 60450047.6740121
1087808362.91766 5159802161946.24 -1635438645074.83 1879.99726317317 7.61561568309688 -22756302.2305087 63984630.5926945
1155585180.52687 5271364057358.69 -1632206027825.91 1608.79990925503 92.5798962676505 -22756302.2588745 67776817.609205
1227518012.68868 5370943666095.31 -1623025768819.42 1331.0993939721 177.530558696585 -22756302.2839213 71932832.1618078
1304176688.87081 5456345134710.22 -1607154827293.24 1044.5855988623 263.015704442422 -22756302.3058929 76658676.1821332
1386575294.543 5524937529708.4 -1583640142477.23 745.894917098777 349.811396745787 -22756302.3247839 82398605.6721902
1476883144.52842 5573342292601.21 -1551110207401.35 429.573130977381 439.161969633991 -22756302.3399352 90307849.9854219
1581748396.4744 5596576796330.64 -1507166934741.9 85.071640663875 533.486484979572 -22756302.3483902 104865251.945974
1728793016.0151 5584460446785.42 -1445630565535.99 -316.964101340716 639.655034510842 -22756302.3328574 147044619.5407
1824699644.65587 5536175743862.08 -1379710889622.44 -691.461803226602 734.79109307898 -22756302.2951937 95906628.6407743
1908119661.90641 5464591166075.76 -1314989487115.33 -1026.56876833268 816.866669268392 -22756302.2580838 83420017.2505405
1984262196.26445 5374438400767.66 -1249938777230.44 -1343.47506719661 891.847012069895 -22756302.2181066 76142534.3580369
2054842741.79731 5268886769616.91 -1184524273266.3 -1649.7635582182 961.892036776472 -22756302.1738074 70580545.5328646
2120704916.54339 5150442105386.24 -1118996128037.74 -1949.48976609514 1028.14217460104 -22756302.1240439 65862174.7460801
2182352463.45438 5021228263685.95 -1053673503552.27 -2245.25819382623 1091.30356680756 -22756302.0677286 61647546.9109836
2240129162.14636 4883105646035.34 -988879554750.792 -2538.94220022566 1151.8536944781 -22756302.0037394 57776698.6919888
2294294872.15412 4737730682396.41 -924917585955.651 -2832.00019108305 1210.1325319839 -22756301.9308708 54165710.0077577
2345062140.70051 4586589767010.25 -862061825609.765 -3125.63664103409 1266.38909742744 -22756301.847797 50767268.5463905
2392615316.89826 4431020930860.84 -800554317860.268 -3420.89304565907 1320.80756021657 -22756301.7530391 47553176.1977488
2437121058.06932 4272229190606.89 -740604656452.835 -3718.70350683258 1373.52284196587 -22756301.6449311 44505741.1710569
2478734286.02961 4111298437881.66 -682391117521.371 -4019.93095433399 1424.63032324979 -22756301.521583 41613227.9602948
2517601614.38448 3949201322948.48 -626062488307.711 -4325.39208588767 1474.19199537367 -22756301.3808401 38867328.3548708
2553863322.28263 3786807890882.4 -571740220868.894 -4635.875418816 1522.24032698571 -22756301.2202366 36261707.8981493
2587654474.12353 3624893379609.13 -519520706358.016 -4952.15497348271 1568.7805682621 -22756301.0369413 33791151.8408949
2619105533.52481 3464145398100.15 -469477551304.591 -5275.00111914181 1613.79192042652 -22756300.827696 31451059.4012804
2648342677.68784 3305170610236.14 -421663788990.088 -5605.18953717657 1657.22782580098 -22756300.5887422 29237144.1630324
2675487938.01852 3148500991952.5 -376113986660.737 -5943.5089344645 1699.01553144548 -22756300.3157353 27145260.330681
2700659243.43249 2994599705783.52 -332846228705.626 -6290.7679280255 1739.05501172764 -22756300.0036446 25171305.4139643
2723970413.97738 2843866618459.37 -291863965914.765 -6647.80140243166 1777.21729107319 -22756299.6466339 23311170.5448987
2745531133.51595 2696643482917.88 -253157728889.07 -7015.47655258044 1813.3421744298 -22756299.2379209 21560719.5385692
2765446919.19666 2553218799702.63 -216706707255.764 -7394.69877618836 1847.23536787313 -22756298.7696105 19915785.680708
2783819097.71763 2413832373957.83 -182480199813.082 -7786.41753673194 1878.66494897822 -22756298.2324966 18372178.5209705
2800744794.27495 2278679580214.39 -150438941412.585 -8191.63230023639 1907.35712694964 -22756297.615826 16925696.5573188
2816316936.72818 2147915349872.1 -120536314012.286 -8611.39862362779 1932.9912114221 -22756296.9070171 15572142.4532254
2830624276.01307 2021657893784.38 -92719449093.2709 -9046.83446506426 1955.19368797091 -22756296.0913234 14307339.2848944
2843751422.50141 1899992173673.27 -66930229050.863 -9499.12677200631 1973.53127451583 -22756295.1514311 13127146.4883389
2855778897.44978 1782973134999.11 -43106194806.7787 -9969.53839618544 1987.50280643037 -22756294.0669771 12027474.948373
2866783198.2252 1670628714288.42 -21181366765.9309 -10459.4153734094 1996.5297674605 -22756292.8139692 11004300.7754151
2876836875.93094 1562962632383.21 -1086985660.82765 -10970.1946012848 1999.94524797626 -22756291.3640901 10053677.7057414
2886008623.78767 1459956986676.22 17247820142.2613 -11503.4119281705 1996.98106979356 -22756289.6838586 9171747.8567318
2894363374.85133 1361574652865.71 33895435111.2589 -12060.7106602904 1986.75276722756 -22756287.7336183 8354751.06366165
2901962407.58526 1267761507448.43 48929219163.8299 -12643.8504702793 1968.24205454173 -22756285.4663172 7599032.73392613
2908863457.88091 1178448481917.9 62423027153.2068 -13254.7166620758 1940.27633932877 -22756282.8260321 6901050.29565358
2915120836.32075 1093553457950.27 74450780492.2185 -13895.3297189542 1901.50475648831 -22756279.746184 6257378.43983476
2920785549.46381 1012983013790.71 85086086271.2525 -14567.8550058022 1850.37009609101 -22756276.1473788 5664713.14306101
2925905424.12272 936634030609.054 94401899686.7943 -15274.6124381147 1785.07587640678 -22756271.9347917 5119874.65891057
2930525233.66836 864395167562.64 102470225796.716 -16018.0858410295 1703.5476669714 -22756266.9950017 4619809.54563958
2934686825.50106 796148213837.778 109361856870.122 -16800.9316046035 1603.38759062003 -22756261.1921597 4161591.83270493
2938429248.93275 731769325317.554 115146141834.911 -17625.9860862413 1481.82072159794 -22756254.3633581 3742423.43168604
2941788882.79485 671130153356.342 119890784478.664 -18496.2709973528 1335.63184280081 -22756246.3130422 3359633.8620968
2944799562.18122 614098872526.068 123661667230.003 -19414.9957292275 1161.09071968306 -22756236.8062873 3010679.38637233
2947492703.79744 560541114019.706 126522697438.557 -20385.555187861 953.863683054314 -22756225.5607436 2693141.61622647
2949897429.47073 510320810764.119 128535673157.729 -21411.5211960073 708.908875397618 -22756212.2370398 2404725.67328137
2952040687.42406 463300960177.219 129760165427.73 -22496.6248225964 420.35199599962 -22756196.4274462 2143257.95333071
2953947370.98397 419344310019.469 130253414015.561 -23644.7260627603 81.3387650586871 -22756177.642636 1906683.55991728
2955640434.44683 378313972383.593 130070233428.965 -24859.7660230453 -316.140395024664 -22756155.2964774 1693063.46285885
2957141005.8758 340073970561.638 129262925764.132 -26145.6950418052 -781.458799829985 -22756128.6889873 1500571.42896692
2958468496.64765 304489723177.925 127881196540.447 -27506.367826399 -1325.60135763751 -22756096.9879193 1327490.77184782
2959640707.62032 271428469418.485 125972069042.558 -28945.3934865143 -1961.45919752989 -22756059.2100669 1172210.97266816
2960673931.83274 240759638844.528 123579791736.7 -30465.9239390062 -2704.17957305756 -22756014.2043654 1033224.21242738
2961583053.70082 212355168595.744 120745731894.089 -32070.3580948102 -3571.58070702571 -22755960.6404975 909121.868079033
2962381644.72561 186089770067.714 117508246389.132 -33759.9308183148 -4584.64230707875 -22755897.0092878 798591.024786979
2963082055.79467 161841146090.676 113902517327.642 -35534.1438794609 -5768.08325288269 -22755821.6451632 700411.069059842
2963695506.2423 139490158045.854 109960334987.31 -37389.9795069332 -7151.03812880583 -22755732.7870153 613450.44762642
2964232169.95334 118920939878.153 105709802278.665 -39320.8134013064 -8767.84340980543 -22755628.7027148 536663.711049748
2964701258.9789 100020951768.788 101174921274.682 -41314.9095231327 -10658.9416595452 -22755507.9151491 469089.025557479
2965111105.43398 82680958780.8849 96374998949.3791 -43353.3274823468 -12871.9076331834 -22755369.5843692 409846.455078147
2965469242.97956 66794905774.2312 91323767312.7052 -45406.9938732931 -15462.5941621343 -22755214.1199558 358137.545575443
2965782490.19467 52259631845.9015 86028033754.3791 -47432.5598366953 -18496.3920706838 -22755044.113833 313247.215110845
2966057040.1779 38974307593.6252 80485517050.7859 -49366.4418292687 -22049.6125620075 -22754865.6770551 274549.983232539
2966298565.20231 26839339579.4341 74681173155.7417 -51116.0077930619 -26211.0854350773 -22754690.1807528 241525.024409568
2966512356.19684 15754132098.041 68580462654.747 -52545.9124311286 -31084.4028324787 -22754536.0902784 213790.994526377
2966703547.19565 5612079453.40855 62115656170.3936 -53455.0824369782 -36792.4830865583 -22754429.5663357 191190.998819131
2966877573.62593 -3712191201.95046 55153572000.0679 -53531.7723241706 -43490.9444507792 -22754398.8116655 174026.430271434
2967041383.03683 -12400071496.8914 47403018814.0139 -52240.328375934 -51416.3041990269 -22754437.5167131 163809.410906618
2967205276.63187 -20693525451.878 38220659660.4053 -48486.2566755112 -60924.2869183541 -22754225.4503231 163893.595033803
2967340026.84543 -26857995227.6506 29443058765.0981 -42493.3015712431 -69356.7079433894 -22753500.1632671 134750.213558838
2967450863.07488 -31179714666.4857 21390456024.0087 -35114.9678979945 -75779.7081787778 -22752900.5217919 110836.229457293
2967551377.33293 -34295768796.5072 13533216457.8398 -26646.8285880623 -80280.9679554491 -22752604.8611159 100514.258046072
2967648185.00982 -36437266236.9603 5625112959.89169 -17503.5630161313 -82757.4505623365 -22752712.5416551 96807.6768877732
2967746575.07334 -37681704041.9376 -2422702468.00427 -8264.65084912982 -83168.6786463673 -22753155.5668879 98390.0635256088
2967852167.07492 -38060524430.7588 -10547364195.2602 384.392609826653 -81708.2904911345 -22753674.0124097 105592.001580518
2967972632.84553 -37590423045.3003 -19024561055.6449 8249.60761584365 -78662.8423717043 -22754138.0248318 120465.770605286
2968124436.762 -36154927094.5418 -28239382505.2497 15240.2336172853 -74223.3515803973 -22754504.4511595 151803.916466483
2968303701.63586 -33339471118.7121 -39056342331.0019 21422.31143556 -68304.5466504371 -22754836.6780214 179264.87386378
2968472182.06607 -29333487685.5242 -50038757592.9972 25775.4117064892 -62186.4330442053 -22755012.1840734 168480.430207713
2968649338.80516 -24749877499.4899 -60056397295.4451 28412.8519805718 -56870.6250735628 -22755120.6487923 177156.73909047
2968842110.87466 -19558534089.4889 -69700543365.7603 30043.2303388083 -52145.2701459418 -22755222.2172384 192772.069499831
2969054746.32066 -13663490438.4086 -79327056506.587 31009.8918961583 -47864.1291511657 -22755324.4934843 212635.446005846
2969291090.60424 -7009741175.69667 -89077311308.2648 31497.1201966149 -43972.4841841415 -22755424.6413019 236344.28357249
2969555008.1658 456220415.454822 -99037421349.7616 31628.0486487385 -40431.9241002543 -22755519.7866614 263917.561564322
2969850566.28371 8790112130.34131 -109268352923.465 31491.2356989782 -37210.0995287061 -22755608.0244753 295558.117906465
2970182137.11534 18050923308.4163 -119817734838.031 31152.8325948112 -34277.8769465552 -22755688.3738129 331570.831636572
2970554468.80725 28301162148.7227 -130725303100.194 30663.3245243466 -31608.5212998074 -22755760.5404235 372331.691911304
2970972743.308 39606887672.658 -142025775301.83 30061.7411080851 -29177.4398594585 -22755824.6887937 418274.50074325
2971442628.40009 52037676196.4263 -153750503469.294 29378.4940950631 -26962.0755028481 -22755881.2643526 469885.092096166
2971970327.53496 65666568780.8307 -165928483488.269 28637.3887547845 -24941.8237429942 -22755930.8660796 527699.134865682
2972562629.34722 80570013092.6382 -178586997384.32 27857.0994806578 -23097.9390297463 -22755974.1599118 592301.812256773
2973226957.90728 96827802197.5606 -191752032240.907 27052.2787710035 -21413.4255104887 -22756011.8225313 664328.560060921
2973971424.34969 114523009078.106 -205448555657.507 26234.4052981912 -19872.9163210303 -22756044.5067388 744466.442415595
2974804880.27979 133741914491.12 -219700694554.843 25412.4408434095 -18462.5471583308 -22756072.8216738 833455.930098061
2975736973.22666 154573925417.953 -234531845879.856 24593.3441556988 -17169.8292204155 -22756097.3229579 932092.946863463
2976778204.32355 177111481405.381 -249964737286.076 23782.475936259 -15983.5253339979 -22756118.5092648 1041231.09689599
2977939988.34272 201449946108.837 -266021449486.417 22983.9199187201 -14893.5318700154 -22756136.8228977 1161784.0191723
2979234716.16823 227687481463.672 -282723408054.84 22200.7386393466 -13890.7680403479 -22756152.6527259 1294727.82550641
2980675819.76444 255924901864.931 -300091349849.995 21435.1779649085 -12967.0734153896 -22756166.3383891 1441103.59621259
2982277839.6689 286265505839.31 -318145267613.421 20688.8311499687 -12115.1139549855 -22756178.1750552 1602019.9044581
2984056495.01808 318814882568.464 -336904335085.651 19962.7707600984 -11328.2964783537 -22756188.4182837 1778655.34917838
2986028756.08924 353680690608.666 -356386814217.233 19257.654962827 -10600.6912543375 -22756197.288723 1972261.07116097
2988212919.3304 390972405975.899 -376609945434.744 18573.8132949106 -9926.96224760146 -22756204.9764912 2184163.24116579
2990628684.81373 430801036845.061 -397589821617.466 17911.3159381015 -9302.30447159236 -22756211.6451628 2415765.48332643
2993297236.04261 473278801679.354 -419341245967.687 17270.0297102247 -8722.38787105873 -22756217.4353396 2668551.22888382
2996241321.99721 518518767793.283 -441877573913.734 16649.6633226301 -8183.30714721755 -22756222.4678062 2944085.95459805
2999485341.2994 566634446792.771 -465210538800.92 16049.8039517469 -7681.53696229162 -22756226.8462965 3244019.30219125
3003055428.32885 617739343558.191 -489350061200.027 15469.9467631452 -7213.89198374825 -22756230.6599002 3570087.02944982
3006979541.10311 671946454872.396 -514304041367.908 14909.5187124393 -6777.49127030672 -22756233.9851463 3924112.7742535
3011287550.69606 729367713803.182 -540078134421.921 14367.8976893947 -6369.72653874613 -22756236.8877994 4308009.59295409
3016011331.92048 790113375641.341 -566675507678.837 13844.4278692625 -5988.2338924618 -22756239.424404 4723781.22442005
3021184854.97714 854291340801.322 -594096579489.559 13338.4319730934 -5630.86863331327 -22756241.6436089 5173523.05665831
3026844277.71436 922006410103.741 -622338738979.316 12849.2210046751 -5295.68281430401 -22756243.5873011 5659422.7372201
3033028038.07822 993359467375.912 -651396045971.8 12376.1019277722 -4980.90522778798 -22756245.291576 6183760.36386388
3039776946.30893 1068446583859.36 -681258910292.031 11918.3836620496 -4684.92355684888 -22756246.787566 6748908.23070525
3047134276.32678 1147358038995.96 -711913749788.196 11475.3817035179 -4406.26844538016 -22756248.1021485 7357330.01785012
3055145855.75799 1230177251192.76 -743342626143.167 11046.4216227614 -4143.5992720982 -22756249.258551 8011579.43121282
3063860153.86104 1316979612692.16 -775522857891.424 10630.8416425867 -3895.69143448699 -22756250.2768674 8714298.10304636
3073328366.68732 1407831220947.74 -808426609540.158 10227.9944663089 -3661.42497499912 -22756251.1744991 9468212.82628398
3083604498.55131 1502787500226.2 -842020456361.058 9837.24848774761 -3439.77439553886 -22756251.9665324 10276131.8639842
3094745438.93292 1601891704817.03 -876264923722.256 9457.98849799226 -3229.79952919234 -22756252.6660607 11140940.3816139
3106811033.71187 1705173296309.92 -911114000432.993 9089.61597529596 -3030.63734880221 -22756253.2844607 12065594.7789513
3119864149.67176 1812646185642.84 -946514625157.88 8731.54903241325 -2841.49460861716 -22756253.831628 13053115.9598857
3133970730.96454 1924306831473.24 -982406145482.31 8383.22207568868 -2661.64122412584 -22756254.3161802 14106581.2927833
3149199846.15674 2040132184505.04 -1018719748799.89 8044.0852229883 -2490.40430847323 -22756254.7456301 15229115.1922017
3155760000 2160077467256.12 -1055377864436.78 7713.60351473635 -2327.1627917024 -22756255.1265346 6560153.8432579
