0 1556958000000 0 -11000 2000 -22756327.2740819 105192
5645285.70494836 1555800584889.89 210383986.33895 -11005.7644167263 1999.9996102518 -22756327.2740819 5645285.70494836
9328635.06446392 1514883882365.75 7576418671.55293 -11213.194410966 1999.46687647529 -22756327.2589494 3683349.35951556
12902456.4868926 1474433889445.41 14719653916.7071 -11425.5467515629 1997.87588110513 -22756327.2423959 3573821.42242863
16346769.1112317 1434712019844.57 21596661842.7726 -11641.6073335428 1995.17122845321 -22756327.2248491 3444312.62433912
19665776.9162607 1395711857769.82 28212588819.4957 -11861.4996190475 1991.29381397135 -22756327.2062366 3319007.80502904
22863278.6465785 1357430136566.48 34571969208.8002 -12085.3316026275 1986.18125185672 -22756327.1864891 3197501.7303178
25942990.0461674 1319863152516.71 40679362779.5113 -12313.2145521013 1979.76757913724 -22756327.165532 3079711.39958888
28908539.7147836 1283006844708.98 46539339763.1408 -12545.2627689015 1971.98305216443 -22756327.1432854 2965549.66861625
31763471.1583873 1246856802533.17 52156478421.1318 -12781.5937467917 1962.75392377226 -22756327.119664 2854931.44360367
34511243.6592438 1211408286885.04 57535360416.1747 -13022.3282488822 1952.00220795834 -22756327.0945762 2747772.50085647
37155233.0857697 1176656252181.86 62680566230.608 -13267.5903712838 1939.64543066455 -22756327.067924 2643989.42652591
39698733.3686976 1142595359517.85 67596672043.5964 -13517.5076620851 1925.59636216478 -22756327.0396024 2543500.28292788
42144957.6951066 1109219992885.35 72288246192.7635 -13772.2112188586 1909.76273270749 -22756327.0094987 2446224.32640902
44497039.436936 1076524278726.28 76759845273.6563 -14031.8357555099 1892.04693172841 -22756326.9774921 2352081.74182938
46758033.6780939 1044502096963.4 81016011529.1302 -14296.5197292693 1872.34568361854 -22756326.9434532 2260994.2411579
48930918.2430572 1013147098401.22 85061269416.6695 -14566.4054150789 1850.54970547354 -22756326.9072431 2172884.5649633
51018594.952396 982452718663.645 88900122746.3224 -14841.6390008628 1826.54334093465 -22756326.8687127 2087676.70933883
53023890.7806679 952412193157.845 92537051769.6124 -15122.3706675364 1800.20417101652 -22756326.8277021 2005295.82827188
54949559.2554232 923018568040.951 95976510835.384 -15408.754699098 1771.4025960741 -22756326.7840396 1925668.47475533
56798281.4988828 894264716103.401 99222925519.7466 -15700.9495398271 1740.001394654 -22756326.7375409 1848722.24345964
58572667.5721567 866143347737.126 102280690429.324 -15999.1178885093 1705.85524896291 -22756326.6880079 1774386.0732739
60275257.6855439 838647023482.579 105154166879.453 -16303.4267689558 1668.81024033957 -22756326.6352281 1702590.11338715
61908523.4712341 811768165166.798 107847680795.254 -16614.0476048708 1628.7033095317 -22756326.5789731 1633265.7856902
63474869.1225302 785499068808.525 110365520504.547 -16931.1562622087 1585.36168381772 -22756326.5189974 1566345.65129612
64976632.7706606 759831913177.765 112711935031.142 -17254.9331284257 1538.60225922595 -22756326.4550373 1501763.64813039
66416087.5478956 734758773158.991 114891131987.491 -17585.5631190403 1488.23094945682 -22756326.3868091 1439454.77723498
67795443.0050147 710271626654.013 116907276128.394 -17923.2357476845 1434.04197928133 -22756326.3140084 1379355.45711913
69116846.1535642 686362367508.628 118764487426.507 -18268.1450993815 1375.81714226072 -22756326.2363073 1321403.14854948
70382382.8868295 663022811306.025 120466839802.4 -18620.4898795843 1313.32499239312 -22756326.1533538 1265536.73326533
71594079.003811 640244707807.497 122018359375.323 -18980.4733457087 1246.31999677445 -22756326.064769 1211696.11698154
72753901.4839737 618019748477.847 123423023169.027 -19348.3032795769 1174.54161911493 -22756325.9701457 1159822.48016264
73863759.769269 596339573248.977 124684757882.386 -19724.191946931 1097.71333651779 -22756325.8690458 1109858.28529531
74925506.8242853 575195781075.956 125807438473.212 -20108.3559592703 1015.54160174861 -22756325.7609984 1061747.0550163
75940940.4573667 554579934957.654 126794887121.381 -20501.0161914719 927.714714638832 -22756325.6454969 1015433.63308139
76911804.3647065 534483571931.366 127650871957.629 -20902.3975678772 833.9016348406 -22756325.5219968 970863.907339798
77839789.3861866 514898208366.692 128379106083.03 -21312.7288850151 733.750693602772 -22756325.3899124 927985.021480093
78726534.6390764 495815347187.671 128983246517.71 -21732.2425455979 626.888223795547 -22756325.2486143 886745.252889834
79573628.6417752 477226484854.762 129466893208.837 -22161.1742331521 512.917094736591 -22756325.0974255 847094.002698824
80382610.4862809 459123116781.795 129833588119.02 -22599.7625518612 391.415136055394 -22756324.935619 808981.844505665
81154970.9245776 441496744111.311 130086814304.666 -23048.2485575978 261.933460094614 -22756324.7624134 772360.43829669
81892153.5027977 424338878933.382 130229995061.784 -23506.8752365988 123.994657561892 -22756324.5769697 737182.578220149
82595555.6854863 407641049143.218 130266493081.008 -23975.8868980458 -22.9091372742807 -22756324.3783869 703402.182688533
83266529.8885071 391394804918.035 130199609614.672 -24455.5284102808 -179.318302382474 -22756324.1656982 670974.203020858
83906384.5975795 375591722664.489 130032583676.056 -24946.044379627 -345.807948858145 -22756323.937867 639854.709072355
84516385.4075791 360223410300.819 129768591241.014 -25447.6781510287 -522.990285114641 -22756323.6937818 610000.809999667
85097756.103911 345281510954.295 129410744437.31 -25960.670698485 -711.517163344719 -22756323.4322523 581370.696331878
85651679.6762199 330757707785.28 128962090743.169 -26485.2593012756 -912.082791468995 -22756323.1520047 553923.572308922
86179299.3419669 316643728041.813 128425612173.576 -27021.6760407591 -1125.42664194276 -22756322.8516772 527619.665746934
86681719.5627109 302931346736.851 127804224438.675 -27570.1460829352 -1352.33656819566 -22756322.5298155 502420.22074402
87160007.0587399 289612389768.086 127100776046.23 -28130.8857281933 -1593.65214778326 -22756322.1848683 478287.496029031
87615191.7666901 276678738023.398 126318047417.802 -28704.1001313896 -1850.2682396191 -22756321.815184 455184.707950198
88048267.821714 264122330259.982 125458749911.69 -29289.9807424847 -2123.13880617802 -22756321.4190063 433076.055023937
88460194.5210548 251935165897.634 124525524776.16 -29888.702384745 -2413.28100124283 -22756320.9944718 411926.699340736
88851897.2559715 240109308146.947 123520942061.63 -30500.4198994523 -2721.7795277063 -22756320.5396075 391702.734916702
89224268.4489408 228636886405.354 122447499402.822 -31125.2643530345 -3049.79130584735 -22756320.05233 372371.192969327
89578168.4749904 217510098517.504 121307620684.569 -31763.3387204414 -3398.55045945592 -22756319.5304458 353900.026049603
89914426.5574193 206721213231.484 120103654612.018 -32414.7129539722 -3769.37362582822 -22756318.9716533 336258.082428928
90233841.6629178 196262572086.876 118837873090.846 -33079.4183997064 -4163.66562967706 -22756318.3735476 319415.105498436
90537183.3815886 186126591175.286 117512469426.024 -33757.4414491121 -4582.92552877539 -22756317.7336277 303341.718670882
90825192.7886973 176305762901.75 116129556330.868 -34448.7163121458 -5028.75304245219 -22756317.0493072 288009.407108664
91098583.303473 166792657246.806 114691163646.333 -35153.116826922 -5502.85540099658 -22756316.3179303 273390.514775736
91358041.5303425 157579923020.824 113199235789.206 -35870.4471393228 -6007.05461425473 -22756315.5367908 259458.226869442
91604228.0893651 148660288905.616 111655628857.984 -36600.4311096566 -6543.29518189888 -22756314.7031603 246186.559022596
91837778.440025 140026564143.247 110062107312.384 -37342.7002803172 -7113.65226877786 -22756313.8143224 233550.350659926
92059303.6941976 131671639030.762 108420340179.631 -38096.7801880977 -7720.34035083246 -22756312.8676164 221525.254172628
92269391.420679 123588485156.556 106731896695.172 -38862.0747887509 -8365.72234490963 -22756311.8604914 210087.726481428
92468606.4428164 115770155343.251 104998241271.299 -39637.8487220512 -9052.31923226404 -22756310.7905762 199215.022137321
92657491.6331969 108209783166.66 103220727642.107 -40423.2071110313 -9782.82019241443 -22756309.6557604 188885.190380567
92836568.7000681 100900582293.259 101400592091.27 -41217.072497337 -10560.0932268412 -22756308.454296 179077.066871156
93006338.9806471 93835845070.5778 99538945448.6975 -42018.1585319493 -11387.1963249577 -22756307.184919 169770.280579028
93167284.2310719 87008940820.6234 97636763730.361 -42824.9398574743 -12267.3891297328 -22756305.8469955 160945.250424805
93319867.4263654 80413313352.3339 95694877019.0361 -43635.6176164471 -13204.1451518898 -22756304.4406915 152583.195293512
93464533.5700713 74042477773.1027 93713956242.7858 -44448.079837622 -14201.1645316175 -22756302.9671779 144666.143705848
93601710.5245334 67890016222.4004 91694497283.7298 -45259.855848564 -15262.3874178096 -22756301.428865 137176.9544621
93731809.8672374 61949572405.5923 89636801782.4064 -46068.0636318794 -16392.0080328587 -22756299.8296733 130099.342704076
93855227.7858126 56214844528.7752 87540953738.606 -46869.3488112722 -17594.4895799001 -22756298.1753438 123417.918575112
93972346.0285264 50679576080.5542 85406790695.3807 -47659.8136217339 -18874.580271174 -22756296.473778 117118.242713838
94083532.9287064 45337543898.5104 83233867934.6662 -48434.9337340529 -20237.3309014611 -22756294.7354224 111186.900180037
94189144.5371797 40182542318.5036 81021413364.6277 -49189.4602149151 -21688.1147703192 -22756292.9736629 105611.608473284
94289525.8979295 35208362291.096 78768270074.0492 -49917.3029171575 -23232.6511275902 -22756291.2052388 100381.360749765
94385012.5330434 30408763083.2056 76472821926.9206 -50611.3903413269 -24877.0342726516 -22756289.4506259 95486.6351138839
94475932.2226221 25777433547.3567 74132895620.8755 -51263.4989248955 -26627.77169395 -22756287.7343495 90919.6895787149
94562607.2147071 21307938042.5342 71745629204.3873 -51864.0415832569 -28491.8369713499 -22756286.0851419 86674.9920850137
94645357.0731251 16993639334.6845 69307291600.2089 -52401.8002102102 -30476.7470825773 -22756284.5358038 82749.8584180373
94724502.5001218 12827585806.1778 66813028323.6838 -52863.5782918774 -32590.6807828898 -22756283.1225395 79145.42699668
94800370.6920954 8802341719.69732 64256492250.6757 -53233.7347513267 -34842.6674244867 -22756281.8833535 75868.1919736233
94873303.197639 4909723225.29172 61629288145.8355 -53493.5325043131 -37242.8996290016 -22756280.8547518 72932.5055436192
94943668.029296 1140372328.05725 58920101742.5219 -53620.1814623781 -39803.2702285615 -22756280.0652509 70364.8316569354
95011879.3367451 -2516958852.51969 56113267361.4444 -53585.3447192693 -42538.3292165138 -22756279.5224257 68211.3074491375
95078431.0472357 -6076655176.57981 53186286604.7032 -53352.6326677291 -45467.0503491984 -22756279.1855268 66551.7104905663
95143956.1733057 -9558418867.68842 50105345285.5979 -52873.0530815123 -48616.1387515381 -22756278.9012437 65525.1260700404
95209320.6440582 -12990345828.9042 46817603092.2049 -52076.2875514887 -52025.4846485738 -22756278.2299824 65364.4707525006
95275585.917942 -16357543569.8043 43298461552.5391 -50877.3512778437 -55693.2620177877 -22756276.085156 66265.2738838136
95341899.7369488 -19674921287.319 39478224177.4479 -49152.5698927525 -59642.4151985883 -22756269.8230195 66313.8190067045
95402016.0148215 -22569491537.4945 35781197041.9195 -47054.8982474881 -63370.2982917331 -22756261.1918564 60116.27787274
95455400.874006 -25020899394.8011 32308557244.7391 -44703.1484219139 -66729.0867720697 -22756252.6539621 53384.8591844565
95504083.1562709 -27136011116.5725 28985950502.4159 -42119.3490159529 -69761.418598476 -22756244.5785637 48682.2822649113
95549429.4650802 -28983913289.1131 25760164302.1276 -39318.5743803603 -72490.661941394 -22756237.191855 45346.3088093468
95592358.599395 -30608600980.7593 22595332172.009 -36317.2034126458 -74923.9314376131 -22756230.7319236 42929.1343147759
95633530.8370459 -32039316397.9649 19465817997.8136 -33134.1957553807 -77059.4397531107 -22756225.4406991 41172.2376509332
95673455.9860613 -33296245093.0622 16351775615.7711 -29790.9641028257 -78891.2031338431 -22756221.5363841 39925.1490154293
95712554.1687582 -34393577142.2855 13236601968.3755 -26310.9838144946 -80411.7572265167 -22756219.1894355 39098.182696878
95751192.8632716 -35341214040.4365 10105367092.4214 -22719.3013184632 -81613.7530564575 -22756218.5050602 38638.6945134134
95789712.114697 -36145738709.2123 6943718571.75847 -19041.9675419568 -82490.8837939365 -22756219.5131693 38519.2514253532
95828444.2744078 -36807681853.6706 3754658232.50959 -15325.9401300061 -83036.2623731329 -22756222.0880766 38732.1597107575
95867728.3007947 -37329148656.7618 533246111.47162 -11608.8780138519 -83251.9818333854 -22756225.9622531 39284.0263869486
95907924.3528212 -37712304021.1682 -2736156679.22725 -7915.28669959166 -83144.5741834964 -22756230.8563194 40196.0520264799
95949437.5057289 -37956632711.0574 -6070740402.31625 -4267.66193333039 -82721.3490255511 -22756236.4819746 41513.1529077435
95992750.9358068 -38058732265.797 -9490538950.76907 -685.846633104444 -81989.726479763 -22756242.5609055 43313.4300778865
96038479.2055261 -38011722336.3533 -13020312121.692 2813.69636493906 -80956.0998624087 -22756248.8432331 45728.2697192543
96087463.5484696 -37804034827.4139 -16692663599.8668 6218.8879585976 -79623.9396983182 -22756255.1260386 48984.3429435364
96140954.9671874 -37417011928.6643 -20553715520.093 9523.65435827383 -77990.4476890497 -22756261.2752857 53491.4187177545
96200910.4621801 -36819968274.5796 -24673983983.038 12730.5730340748 -76040.3164284381 -22756267.2591405 59955.4949927042
96268992.9786309 -35960742024.3566 -29164374754.4534 15851.2015572994 -73736.6767602549 -22756273.1827521 68082.5164508465
96338591.9263171 -34776589754.4893 -34093779394.4693 18842.3530036482 -71068.1807371316 -22756278.7732625 69598.9476862104
96405552.8228245 -33430640779.5112 -38765195321.1887 21281.9047691947 -68467.6914287151 -22756281.2124038 66960.8965073423
96471760.0263915 -31953507889.4812 -43215118080.0957 23276.0440499471 -65972.0681489053 -22756282.5245433 66207.2035670401
96538531.9124432 -30356275254.8028 -47503198078.1369 24920.1926461757 -63582.4760576063 -22756283.5087209 66771.8860517011
96606666.021249 -28645321954.2297 -51671680642.8248 26282.4439028297 -61296.4988438567 -22756284.4383988 68134.1088057783
96676701.4448892 -26814567086.5309 -55772425636.1935 27418.4972722113 -59099.2159804025 -22756285.424499 70035.4236402418
96749055.0615969 -24859946433.2083 -59836533958.244 28365.8610043212 -56983.27590321 -22756286.4972725 72353.6167076911
96824079.2958271 -22778060110.7702 -63884840197.495 29152.2824171842 -54944.4106318272 -22756287.6566427 75024.234230141
96902090.7221467 -20565689785.1783 -67932382529.7742 29799.5093352889 -52979.7121183459 -22756288.8904178 78011.4263196494
96983385.885546 -18219604679.7586 -71990618901.5407 30325.2452147312 -51086.8834245548 -22756290.1820195 81295.1633993063
97068250.8122746 -15736478681.8569 -76068647930.1273 30744.280221299 -49263.8905622687 -22756291.5140514 84864.9267285807
97156967.1262062 -13112854804.4919 -80173935273.048 31069.2001195887 -47508.796637203 -22756292.8699961 88716.3139315648
97249816.2109737 -10345131106.9667 -84312772106.7474 31310.8593407242 -45819.6845094842 -22756294.234987 92849.0847675448
97347082.1885158 -7429556734.58648 -88490578314.7761 31478.7130668527 -44194.6241762789 -22756295.5961077 97265.9775420631
97449054.1478679 -4362232688.24981 -92712110819.9111 31581.0602477942 -42631.663036216 -22756296.9424314 101971.959352105
97556027.8835659 -1139114763.5946 -96981611286.0794 31625.227669315 -41128.8277330045 -22756298.2649329 106973.735698071
97668307.3021658 2243982659.62182 -101302913677.931 31617.7134319257 -39684.1315065 -22756299.5563283 112279.418599884
97786205.6032034 5791382573.37515 -105679524319.974 31564.301500864 -38295.5837887091 -22756300.8108935 117898.30103761
97910046.2968663 9507541472.33328 -110114682776.811 31470.1550062751 -36961.2002193133 -22756302.0242696 123840.693662803
98040164.1109191 13397045624.8797 -114611408751.551 31339.8935161206 -35679.012216581 -22756303.193275 130117.814052896
98176905.814917 17464607740.2787 -119172538943.053 31177.6579312261 -34447.0755615421 -22756304.3157334 136741.703997884
98320630.9835395 21715063910.5639 -123800756269.725 30987.1656248587 -33263.4778565063 -22756305.3903157 143725.168622446
98471712.7200034 26153370782.2861 -128498613265.366 30771.7577559393 -32126.3448183273 -22756306.4163949 151081.736463913
98630538.3473339 30784603070.4654 -133268551123.228 30534.4401950137 -31033.845409883 -22756307.3939253 158825.627330485
98797510.0794109 35613951247.7481 -138112915210.685 30277.9191746996 -29984.1959364487 -22756308.3233315 166971.732077013
98973045.6776565 40646719465.428 -143033967877.325 30004.632522427 -28975.6631883808 -22756309.2054151 175535.598245588
99157579.0959453 45888323643.9346 -148033899070.29 29716.7771591711 -28006.5667513275 -22756310.0412745 184533.418288848
99351561.1227219 51344289624.8653 -153114835105.033 29416.3334169319 -27075.2806058142 -22756310.8322361 193982.026776565
99555460.027282 57020251506.3409 -158278846062.408 29105.0866131494 -26180.2340890483 -22756311.5797975 203898.904560068
99769762.1878771 62921950241.1059 -163527952146.742 28784.6462442485 -25319.9123051247 -22756312.2855783 214302.160595136
99994972.7487474 69055231753.7881 -168864128562.164 28456.4631441888 -24492.8561737638 -22756312.9512798 225210.560870337
100231616.255857 75426045868.7171 -174289310244.876 28121.8447940983 -23697.6619943614 -22756313.5786526 236643.507109278
100480237.324187 82040444529.134 -179805395242.141 27781.9690828482 -22932.9808113585 -22756314.1694695 248621.068330184
100741401.280618 88904580766.0495 -185414248126.662 27437.8966266555 -22197.517437274 -22756314.7255021 261163.956430852
101015694.842323 96024706794.6923 -191117702169.449 27090.5818919258 -21490.0293799754 -22756315.2485048 274293.56170485
101303726.797996 103407172879.68 -196917561725.888 26740.8831748691 -20809.3255223477 -22756315.7401997 288031.955673222
101606128.682123 111058426007.31 -202815604081.364 26389.5716091246 -20154.2647094241 -22756316.2022665 302401.884126772
101923555.478945 118985008096.491 -208813580631.292 26037.3393167119 -19523.7542830956 -22756316.6363342 317426.796822578
102256686.327841 127193554706.071 -214913218189.184 25684.8067495969 -18916.7485042766 -22756317.043975 333130.84889606
102606225.228393 135690793452.257 -221116219841.668 25332.5293406421 -18332.2469576801 -22756317.4266995 349538.900551936
102972901.784869 144483542096.7 -227424265379.45 24981.0035347208 -17769.2929498447 -22756317.7859551 366676.556475422
103357471.929232 153578707294.288 -233839012047.388 24630.672223371 -17226.9718505392 -22756318.1231236 384570.144363758
103760718.67505 162983282438.192 -240362094502.891 24281.9297036228 -16704.4094954611 -22756318.4395208 403246.745817654
104183452.88872 172704345922.463 -246995124966.185 23935.1261566919 -16200.7705702974 -22756318.7363969 422734.213669615
104626514.043762 182749059443.088 -253739693288.209 23590.5717090571 -15715.2570160058 -22756319.0149373 443061.155042456
105090771.016414 193124665516.789 -260597366406.251 23248.5401435458 -15247.1064995889 -22756319.2762643 464256.972651641
105577122.87814 203838485611.081 -267569688151.712 22909.2722466402 -14795.5908836884 -22756319.5214379 486351.861726647
106086499.704382 214897917804.727 -274658178683.885 22572.9788628471 -14360.0147553846 -22756319.7514589 509376.826241408
106619863.402387 226310434435.767 -281864333873.353 22239.8436686044 -13939.7139933192 -22756319.9672702 533363.698005453
107178208.516135 238083579782.495 -289189624666.219 21910.0256912645 -13534.0543756492 -22756320.1697599 558345.113748316
107762563.110383 250224966847.899 -296635495863.043 21583.6616220941 -13142.4302613742 -22756320.3597632 584354.594247502
108373989.593066 262742275490.449 -304203365714.322 21260.867881684 -12764.2632690167 -22756320.5380651 611426.482683395
109013585.604702 275643248795.506 -311894624412.146 20941.7425431075 -12399.0010587932 -22756320.7054029 639596.011635692
109682484.865978 288935690501.071 -319710633224.132 20626.3670525034 -12046.1161239066 -22756320.8624684 668899.261276011
110381858.116381 302627461139.91 -327652722859.431 20314.8078231929 -11705.1046621534 -22756321.0099106 699373.250403363
111112913.959515 316726475668.584 -335722192710.406 20007.1176504103 -11375.4854514638 -22756321.1483381 731055.843133922
111876899.826182 331240698775.724 -343920308750.459 19703.3370478803 -11056.7988266833 -22756321.278321 763985.86666627
112675102.899255 346178142185.385 -352248302596.862 19403.4954193484 -10748.6056487411 -22756321.4003937 798203.073073013
113508850.993246 361546860746.7 -360707369877.091 19107.6121489414 -10450.486345607 -22756321.5150563 833748.093991838
114379513.574511 377354947278.161 -369298667939.581 18815.6976139427 -10162.0400143098 -22756321.6227771 870662.581264853
115288502.663404 393610529722.381 -378023314859.211 18527.7540613199 -9882.88351573459 -22756321.7239946 908989.088892358
116237273.817681 410321765626.528 -386882386997.179 18243.7764517283 -9612.65065752123 -22756321.819119 948771.154277355
117227327.140236 427496837784.286 -395876917230.815 17963.7532040687 -9350.9913890816 -22756321.9085343 990053.322555442
118260208.212096 445143949888.85 -405007893202.431 17687.6668713983 -9097.5710327462 -22756321.9925994 1032881.0718597
119337509.145279 463271320443.862 -414276254691.22 17415.494780484 -8852.06957336531 -22756322.0716505 1077300.93318329
120460869.560799 481887178428.457 -423682891932.688 17147.2095842525 -8614.18095295862 -22756322.1460018 1123360.41551915
121631977.596452 500999757218.611 -433228643068.924 16882.7797876624 -8383.61242053447 -22756322.2159473 1171108.03565353
122852570.959427 520617288660.66 -442914291726.244 16622.1702203886 -8160.08390675752 -22756322.281762 1220593.36297465
124124437.936602 540747997501.438 -452740564805.988 16365.3424593697 -7943.32742203255 -22756322.3437031 1271866.97717549
125449418.439458 561400094705.408 -462708129762.944 16112.2552245724 -7733.08649363142 -22756322.4020113 1324980.50285595
126829405.043868 582581770967.776 -472817592028.78 15862.8647330564 -7529.11562464596 -22756322.4569115 1379986.60440926
128266344.06133 604301189754.397 -483069492251.726 15617.1250233297 -7331.17978125825 -22756322.5086145 1436939.01746223
129762236.592353 626566480451.044 -493464303633.366 15374.9882458214 -7139.05390141882 -22756322.5573172 1495892.53102348
131319139.619014 649385730833.492 -504002428989.42 15136.4049311621 -6952.52243123012 -22756322.603204 1556903.02666117
132939166.973191 672766979748.684 -514684197956.008 14901.3242285341 -6771.37887982465 -22756322.6464473 1620027.35417661
134624490.538517 696718207553.288 -525509863223.769 14669.6941407706 -6595.42541059282 -22756322.6872087 1685323.56532601
136377341.260083 721247329688.864 -536479598260.656 14441.4617039522 -6424.47242598626 -22756322.7256391 1752850.72156573
138200010.204992 746362186969.569 -547593493583.31 14216.573178412 -6258.33819527333 -22756322.7618802 1822668.94490969
140094849.682209 772070536297.909 -558851553296.698 13994.9742138247 -6096.8484939016 -22756322.7960642 1894839.47721672
142064274.40507 798380041847.183 -570253691895.931 13776.6099914628 -5939.8362553517 -22756322.8283153 1969424.72286033
144110762.317587 825298266398.582 -581799731174.591 13561.4253491044 -5787.14123799964 -22756322.8587495 2046487.9125179
146236856.068733 852832657717.178 -593489395067.126 13349.3649292816 -5638.60973377084 -22756322.8874756 2126093.75114562
148445163.635638 880990543398.066 -605322308183.265 13140.3732449738 -5494.09424196593 -22756322.9145956 2208307.56690493
150738359.901878 909779113843.268 -617297989353.311 12934.394823694 -5353.45322038283 -22756322.940205 2293196.26624043
153119187.356577 939205417597.795 -629415850455.743 12731.3742452595 -5216.55078316642 -22756322.9643933 2380827.45469831
155590457.068679 969276344691.329 -641675190277.892 12531.2562560385 -5083.25647084431 -22756322.9872444 2471269.71210251
158155050.360858 999998613464.791 -654075189965.065 12333.9858427062 -4953.44500989485 -22756323.0088369 2564593.29217892
160815919.223505 1031378765633.04 -666614911835.784 12139.5082443059 -4826.99604895101 -22756323.0292447 2660868.86264713
163576087.678952 1063423145221.84 -679293291735.759 11947.7690593383 -4703.79397360999 -22756323.0485368 2760168.45544657
166438652.833462 1096137889062.77 -692109136159.649 11758.7142677187 -4583.72767969059 -22756323.0667783 2862565.15451056
169406785.873253 1129528912952.13 -705061117678.465 11572.2902729671 -4466.69037399636 -22756323.0840299 2968133.03979092
172483732.742132 1163601896801.91 -718147770054.631 11388.443941727 -4352.57938624865 -22756323.100349 3076946.86887824
175672815.519573 1198362265902.69 -731367481972.108 11207.1226551386 -4241.29600016193 -22756323.1157891 3189082.77744162
178977433.837812 1233815179918.57 -744718493827.351 11028.2743108634 -4132.74526523072 -22756323.1304005 3304618.31823925
182401064.75309 1269965521540.21 -758198894374.145 10851.847324703 -4026.83581990649 -22756323.1442307 3423630.91527742
185947264.772536 1306817867829.43 -771806610990.946 10677.7907104655 -3923.47977175198 -22756323.157324 3546200.0194458
189619669.698725 1344376485005.38 -785539408826.896 10506.0540370652 -3822.59251286832 -22756323.1697222 3672404.9261889
193421996.920325 1382645299203.43 -799394881121.04 10336.5874953356 -3724.09260977926 -22756323.1814645 3802327.22160034
197358044.867563 1421627892860.54 -813370449001.137 10169.3418413185 -3627.90162889973 -22756323.1925879 3936047.94723843
201431694.860607 1461327470992.77 -827463350428.119 10004.2684695746 -3533.94404581149 -22756323.2031269 4073649.99304338
205646911.829446 1501746852089.02 -841670638158.275 9841.31937209089 -3442.14709537483 -22756323.2131143 4215216.96883922
210007744.373394 1542888446748.22 -855989173339.874 9680.44714761119 -3352.44065831533 -22756323.2225806 4360832.54394787
214518325.923335 1584754229787.54 -870415616997.288 9521.60502971862 -3264.75716434629 -22756323.2315546 4510581.5499415
219182876.683482 1627345723023.39 -884946425386.425 9364.74686703257 -3179.03147445396 -22756323.2400637 4664550.76014621
224005702.481691 1670663984490.21 -899577847530.827 9209.82707952472 -3095.20075671491 -22756323.2481332 4822825.79820937
228991195.854424 1714709568186.62 -914305912829.581 9056.80071858029 -3013.20442415328 -22756323.2557873 4985493.37273329
234143837.644587 1759482505063.76 -929126426124.952 8905.62344176444 -2932.98403063983 -22756323.2630486 5152641.79016231
239468196.534955 1804982287733.53 -944034964002.842 8756.25147470949 -2854.48316552626 -22756323.2699384 5324358.89036885
244968929.961826 1851207836156.51 -959026864891.586 8608.64163412404 -2777.64738545321 -22756323.2764768 5500733.42687052
250650784.789202 1898157475562.17 -974097223371.803 8462.75130468774 -2702.42412587234 -22756323.2826828 5681854.82737576
256518597.807838 1945828911652.17 -989240883674.776 8318.53842254117 -2628.76262041762 -22756323.2885742 5867813.01863631
262577295.053284 1994219203817.91 -1004452432649.03 8175.96146194045 -2556.61382590841 -22756323.2941679 6058697.24544562
268831892.92091 2043324728419.4 -1019726189767.81 8034.97944689927 -2485.93036353105 -22756323.2994796 6254597.86762594
275287498.372678 2093141156740.49 -1035056201928.47 7895.55191525367 -2416.66643930083 -22756323.3045244 6455605.45176845
281949309.746988 2143663424809.43 -1050436235783.58 7757.63890454317 -2348.77777913618 -22756323.3093164 6661811.37431019
288822615.232902 2194885707437.92 -1065859771477.88 7621.20092344042 -2282.22156003533 -22756323.3138688 6873305.48591345
295912794.674245 2246801373845.75 -1081319990976.12 7486.19896909753 -2216.9563666713 -22756323.3181943 7090179.44134301
303225317.566385 2299402968664.84 -1096809774218.37 7352.59447290779 -2152.94211579935 -22756323.3223047 7312522.89214065
310765745.230595 2352682163590.8 -1112321686653.64 7220.3493200855 -2090.14001922141 -22756323.3262112 7540427.6642098
318539729.264974 2406629739758.16 -1127847976010.58 7089.42578734537 -2028.5125099921 -22756323.3299243 7773984.03437944
326553011.095679 2461235541928.57 -1143380560911.85 6959.78654919761 -1968.02320404361 -22756323.3334541 8013281.83070421
334811422.802806 2516488440773.46 -1158911022113.45 6831.39465914483 -1908.63685195303 -22756323.3368101 8258411.7071276
343320885.471324 2572376303320.68 -1174430596181.58 6704.21350906108 -1850.31928295838 -22756323.340001 8509462.66851806
352087408.055818 2628885945683.54 -1189930164339.37 6578.20682674366 -1793.03736886323 -22756323.3430354 8766522.58449346
361117090.589949 2686003089459.58 -1205400242643.96 6453.33865990961 -1736.75898345369 -22756323.3459212 9029682.53413148
370416117.84216 2743712345476.53 -1220830979678.87 6329.57329797156 -1681.45293605673 -22756323.348666 9299027.25221018
379990764.229541 2801997134772.89 -1236212137450.27 6206.87532729119 -1627.08896713145 -22756323.3512768 9574646.38738197
389847388.047477 2860839681572.61 -1251533091852.63 6085.20952680625 -1573.63767405006 -22756323.3537604 9856623.81793594
399992434.641385 2920220937634.22 -1266782815042.95 5964.54090648642 -1521.07050237147 -22756323.3561232 10145046.5939072
410432432.082374 2980120561641.46 -1281949872498.84 5844.83462643016 -1469.35968603984 -22756323.3583713 10439997.4409892
421173994.543378 3040516851852.01 -1297022408133.81 5726.05600845371 -1418.47822986155 -22756323.3605103 10741562.4610045
432223815.658985 3101386723365.32 -1311988140926.42 5608.17045414506 -1368.39985315114 -22756323.3625457 11049821.1156064
443588672.015628 3162705626217.66 -1326834346941.67 5491.14347541925 -1319.09898324811 -22756323.3644825 11364856.3566436
455275420.411334 3224447520674.71 -1341547855778.44 5374.94060851368 -1270.55070076523 -22756323.3663257 11686748.3957053
467290997.763767 3286584815241.16 -1356115037920.54 5259.52739650684 -1222.73071572907 -22756323.3680797 12015577.3524332
479642418.230027 3349088317986.42 -1370521795514.94 5144.86934131045 -1175.61533235291 -22756323.3697491 12351420.4662603
492336771.863643 3411927171529.39 -1384753549512.41 5030.93188075985 -1129.18142569755 -22756323.3713379 12694353.6336153
505381229.012996 3475068795002.48 -1398795228723.74 4917.68034671474 -1083.40641183103 -22756323.3728501 13044457.1493538
518783034.948473 3538478851772.32 -1412631264604.75 4805.0798719501 -1038.26819902746 -22756323.3742893 13401805.9354764
532549507.900744 3602121165412.71 -1426245574519.93 4693.09538415715 -993.745175901302 -22756323.375659 13766472.9522713
546688048.246485 3665957651803.6 -1439621549035.59 4581.69156283774 -949.816185647871 -22756323.3769627 14138540.3457409
561206127.856952 3729948299014.71 -1452742049119.6 4470.83270618221 -906.460466604934 -22756323.3782035 14518079.6104674
576111298.918165 3794051051001.66 -1465589383089.73 4360.48275811441 -863.657657758827 -22756323.3793845 14905171.061213
591411190.179744 3858221777298.03 -1478145301533.6 4250.60517639239 -821.38774331046 -22756323.3805083 15299891.2615787
607113516.0626 3922414180707.41 -1490390979364.59 4141.16289859283 -779.631037403092 -22756323.3815779 15702325.8828556
623226075.256083 3986579754903.82 -1502307007468.86 4032.11821159427 -738.368133558 -22756323.3825958 16112559.193483
639756759.371505 4050667690102.1 -1513873373877.3 3923.43269770175 -697.579885617997 -22756323.3835644 16530684.115422
656713553.387036 4114624812929.99 -1525069450976.97 3815.0671085255 -657.247363314602 -22756323.3844861 16956794.0155311
674104555.118342 4178395484762.16 -1535873974595.42 3706.9812936415 -617.351830699385 -22756323.3853632 17391001.7313058
691937979.064807 4241921562322.84 -1546265032965.67 3599.13400562853 -577.874681210932 -22756323.3861976 17833423.9464651
710222168.897992 4305142284729.65 -1556220041614.84 3491.48280868338 -538.797414139482 -22756323.3869915 18284189.8331858
728965621.370726 4367994180351.55 -1565715720605.5 3383.98392945407 -500.10159242819 -22756323.3877468 18743452.4727335
748177015.842992 4430410995443.42 -1574728073007.23 3276.59204205891 -461.768780190982 -22756323.3884653 19211394.4722662
767865220.668291 4492323616871.23 -1583232359064.3 3169.26002793956 -423.780475667804 -22756323.3891487 19688204.8252992
788039350.151869 4553659895838.91 -1591203053492.76 3061.9388665297 -386.118094661722 -22756323.3897988 20174129.4835775
808708819.042273 4614344606812.19 -1598613817681.79 2954.57724389806 -348.762858720279 -22756323.3904171 20669468.8904043
829883360.701055 4674299351466.11 -1605437456976.83 2847.12119281985 -311.695701675022 -22756323.3910052 21174541.6587818
851573137.026004 4733442315338.71 -1611645854467.57 2739.51392426821 -274.89724840955 -22756323.3915645 21689776.3249493
873788807.978032 4791688239912.3 -1617209921100.63 2631.69518541877 -238.347637550376 -22756323.3920964 22215670.952028
896541646.213529 4848948205301.36 -1622099511834.08 2523.60084310128 -202.026431892336 -22756323.3926023 22752838.2354965
919843669.060681 4905129457873.39 -1626283332327.57 2415.16224777752 -165.912464514124 -22756323.3930835 23302022.8471524
943707838.167939 4960135181234.64 -1629728820991.19 2306.30552617496 -129.983674063382 -22756323.3935411 23864169.107258
968148268.289249 5013864303618.48 -1632402006595.72 2196.9505701794 -94.2168553506712 -22756323.3939764 24440430.1213099
993180512.403781 5066211162045.51 -1634267320791.93 2087.01000511688 -58.5874233670988 -22756323.3943905 25032244.1145319
1018821942.32125 5117065141474.51 -1635287364386.1 1976.38782398822 -23.0690915828616 -22756323.3947846 25641429.9174688
1045092266.19958 5166310255716 -1635422607407.58 1864.97761811894 12.366549658662 -22756323.3951595 26270323.8783288
1072014137.8679 5213824654655.79 -1634630996190.3 1752.66023914121 47.7505967518977 -22756323.3955165 26921871.668322
1099614065.21974 5259479857062.89 -1632867435569.2 1639.30109534635 83.1174617084919 -22756323.3958563 27599927.3518382
1127923603.67825 5303139925357.24 -1630083096144.6 1524.746203731 118.505826273287 -22756323.39618 28309538.4585068
1156981055.34912 5344660284535.82 -1626224470279.6 1408.81709132606 153.959862636738 -22756323.3964882 29057451.6708704
1186833863.65501 5383886181111.56 -1621232057151.19 1291.3036449433 189.530961889817 -22756323.3967818 29852808.3058944
1217542233.18148 5420650501251.19 -1615038496442.85 1171.95415994696 225.280140574813 -22756323.3970614 30708369.526467
1249184629.45491 5454770786008.07 -1607565818358.3 1050.46047398573 261.281673548822 -22756323.3973273 31642396.2734345
1281866681.07159 5486044782948.44 -1598721271508.02 926.435603035691 297.628574073746 -22756323.3975798 32682051.6166769
1315736394.5021 5514243730401.64 -1588390677356.31 799.377861782695 334.441446213336 -22756323.3978185 33869713.430511
1351012296.79374 5539101586304.22 -1576427228863.7 668.610020507325 371.883583898003 -22756323.3980424 35275902.2916397
1388041353.5815 5560296554632.28 -1562631108523.99 533.167551280097 410.188875217924 -22756323.3982488 37029056.7877583
1427438144.00444 5577416211483.68 -1546708293591.11 391.570086711247 449.719224020853 -22756323.3984316 39396790.4229383
1470515635.89666 5589881538659.6 -1528173475871.77 241.2753619018 491.102604569041 -22756323.3985759 43077491.8922206
1521472807.0334 5596737212574 -1506055877864.28 76.9977380081044 535.660864809294 -22756323.3986352 50957171.1367456
1577862036.58285 5595701198378.48 -1477433888488.29 -117.794694177542 587.584959918866 -22756323.3983451 56389229.5494489
1621012118.54577 5587044450585.62 -1451141052883.5 -283.617192330847 631.0106485782 -22756323.3980069 43150081.9629223
1659872489.95342 5573104536644.99 -1425865507829.25 -434.014638957528 669.781532060337 -22756323.3976862 38860371.4076502
1696236525.34784 5554745176733.05 -1400853412026.45 -575.957136373398 705.837511214022 -22756323.3973659 36364035.3944177
1730804957.13622 5532484000299.26 -1375863499733.28 -712.229804492774 739.965444546389 -22756323.3970404 34568431.7883762
1763947375.90176 5506694001503.06 -1350798342160.58 -844.341658926847 772.596280679022 -22756323.3967063 33142418.7655451
1795888936.29385 5477670204479.94 -1325618768514.89 -973.240420280912 804.00272274568 -22756323.3963613 31941560.3920846
1826779431.84557 5445659540986.38 -1300313687106.22 -1099.57777526698 834.373134846648 -22756323.3960034 30890495.5517219
1856724736.14987 5410876590548.28 -1274886967695.85 -1223.83057779785 863.845546536716 -22756323.3956311 29945304.3043013
1885803142.95436 5373512737227.46 -1249350914079.67 -1346.36413863668 892.525521595207 -22756323.3952426 29078406.8044922
1914074649.9777 5333741909747.38 -1223722718555 -1467.46838932491 920.496432177986 -22756323.3948364 28271507.0233405
1941586602.84881 5291724377956.16 -1198022402479.2 -1587.38001662113 947.825784985318 -22756323.394411 27511952.87111
1968377319.51381 5247609354102.17 -1172271548277.9 -1706.29679539629 974.569338600856 -22756323.393965 26790716.6649941
1994478523.99242 5201536815570.69 -1146492477449.25 -1824.3873156993 1000.77390765022 -22756323.3934968 26101204.4786139
2019917002.56358 5153638873559.28 -1120707732450.11 -1941.79767127032 1026.47930639631 -22756323.3930048 25438478.5711623
2044715800.42215 5104040757681.1 -1094939707736.69 -2058.656368489 1051.71977431157 -22756323.3924876 24798797.8585652
2068895062.73087 5052861619790.94 -1069210425187.08 -2175.07781912603 1076.52500313861 -22756323.3919435 24179262.3087234
2092472695.5733 5000215079328.57 -1043541339975.85 -2291.16515721206 1100.92095284505 -22756323.3913709 23577632.8424241
2115464822.15051 4946209738791.1 -1017953247515.88 -2407.01220840184 1124.93043754638 -22756323.390768 22992126.5772159
2137886160.27221 4890949533062.74 -992466189832.542 -2522.70517432423 1148.57361454227 -22756323.3901332 22421338.1216999
2159750299.37243 4834534044555.32 -967099406109.86 -2638.32390094118 1171.86835728405 -22756323.3894646 21864139.1002205
2181069917.59057 4777058761514.89 -941871300066.319 -2753.94290572139 1194.83055603261 -22756323.3887602 21319618.2181405
2201856949.49725 4718615303144.47 -916799424397.943 -2869.63219930898 1217.47435863926 -22756323.3880182 20787031.9066729
2222122720.42549 4659291607893.43 -891900472991.339 -2985.4579711788 1239.81236935343 -22756323.3872364 20265770.9282403
2241878064.72884 4599172061268.05 -867190266334.327 -3101.48322863485 1261.8558255835 -22756323.3864126 19755344.3033516
2261133385.68749 4538337714504.74 -842683788526.972 -3217.7681310184 1283.61470587127 -22756323.3855447 19255320.958653
2279898755.57607 4476866314864.91 -818395157503.102 -3334.37058571021 1305.09787897089 -22756323.3846301 18765369.8885796
2298183938.90772 4414832519906.21 -794337678586.527 -3451.34640835345 1326.31316338906 -22756323.3836665 18285183.3316479
2315998458.87134 4352307931326.09 -770523832005.917 -3568.74976164252 1347.26743273529 -22756323.3826511 17814519.9636201
2333351618.93161 4289361238380.47 -746965309074.368 -3686.63333163054 1367.96666711166 -22756323.3815812 17353160.0602669
2350252530.02889 4226058316574.74 -723673034135.533 -3805.04854494536 1388.41600785319 -22756323.3804539 16900911.0972826
2366710141.87096 4162462283592.28 -700657174029.152 -3924.04582882085 1408.61981514991 -22756323.3792662 16457611.8420674
2382733254.3204 4098633606564.16 -677927169193.632 -4043.67474440205 1428.58169965093 -22756323.3780147 16023112.4494415
2398330534.17236 4034630172413.77 -655491752914.032 -4163.98416357114 1448.30455830579 -22756323.3766961 15597279.8519664
2413510519.65732 3970507392863.67 -633358984174.915 -4285.02235875638 1467.79059272945 -22756323.3753069 15179985.4849577
2428281638.4785 3906318241122.49 -611536257661.523 -4406.83720254221 1487.04134269311 -22756323.3738431 14771118.8211816
2442652207.35529 3842113354119.54 -590030337533.761 -4529.47622803448 1506.05769420443 -22756323.3723008 14370568.876783
2456630438.97422 3777941095871.25 -568847378147.464 -4652.98674831957 1524.83989491816 -22756323.3706758 13978231.6189319
2470224451.36179 3713847599737.04 -547992938589.872 -4777.41600542412 1543.38757125715 -22756323.3689635 13594012.3875717
2483442257.89833 3649876894435.54 -527472024891.365 -4902.81114665856 1561.69971737307 -22756323.3671593 13217806.5365449
2496291779.41702 3586070922633.79 -507289097049.833 -5029.21939851499 1579.77471195013 -22756323.3652582 12849521.5186897
2508780847.07642 3522469594362.47 -487448088187.143 -5156.68816756532 1597.61032116835 -22756323.3632548 12489067.6593963
2520917192.27535 3459110903268.22 -467952443156.076 -5285.26500743049 1615.20368108857 -22756323.3611436 12136345.1989309
2532708457.9031 3396030931932.01 -448805122288.281 -5414.99780015401 1632.55130836887 -22756323.3589186 11791265.6277531
2544162191.31873 3333263946812.54 -430008633094.057 -5545.93475210861 1649.64908300734 -22756323.3565736 11453733.41563
2555285848.56503 3270842432095.26 -411565043030.815 -5678.12450834343 1666.49224536826 -22756323.3541019 11123657.2462963
2566086788.65539 3208797175297.85 -393476007684.152 -5811.61615403307 1683.07537645401 -22756323.3514965 10800940.0903605
2576572280.08965 3147157282304.41 -375742777930.448 -5946.45936065972 1699.39239465205 -22756323.3487499 10485491.4342589
2586749495.08844 3085950259575.68 -358366226780.617 -6082.70438570154 1715.43653180937 -22756323.3458542 10177214.9987895
2596625508.69754 3025202068637.76 -341346867660.231 -6220.40212516044 1731.20031438615 -22756323.3428009 9876013.60909534
2606207301.12866 2964937158805.03 -324684866469.016 -6359.60421214816 1746.67554768712 -22756323.3395813 9581792.43112403
2615501753.37303 2905178539877.92 -308380064672.103 -6500.36302153467 1761.85328715958 -22756323.3361859 9294452.24437004
2624515650.93726 2845947802924.83 -292431987798.512 -6642.73179079605 1776.7238204771 -22756323.3326046 9013897.5642317
2633255680.30145 2787265185744.62 -276839866117.799 -6786.76463492542 1791.27663551249 -22756323.3288269 8740029.36419243
2641728427.94232 2729149622181.22 -261602650511.345 -6932.5165938183 1805.50038990324 -22756323.3248414 8472747.64086845
2649940382.18169 2671618771034.81 -246719022826.334 -7080.04372840292 1819.38288285498 -22756323.3206361 8211954.23936802
2657897928.66847 2614689088211.52 -232187417317.96 -7229.40310478066 1832.91101360846 -22756323.3161983 7957546.48677591
2665607355.53644 2558375830479.92 -218006024195.054 -7380.65295118706 1846.0707535143 -22756323.3115145 7709426.86797154
2673074848.3313 2502693130713.37 -204172811399.219 -7533.85262809179 1858.84709793153 -22756323.3065703 7467492.79485888
2680306491.72032 2447654024801.64 -190685533735.168 -7689.06272064914 1871.22402663747 -22756323.3013504 7231643.3890224
2687308269.14811 2393270492410.03 -177541745405.843 -7846.34509360866 1883.18445765471 -22756323.2958384 7001777.42779418
2694086063.6494 2339553488193.6 -164738810069.721 -8005.76297208663 1894.71019978196 -22756323.2900173 6777794.50128925
2700645654.68035 2286513004235.34 -152273918139.181 -8167.38092721167 1905.78189493956 -22756323.2838684 6559591.03094947
2706992721.7908 2234158078166.23 -140144090900.463 -8331.2650196306 1916.37896859775 -22756323.2773723 6347067.11044656
2713132843.11776 2182496841390.33 -128346194109.59 -8497.48282418489 1926.47956759956 -22756323.270508 6140121.32696424
2719071496.08825 2131536549415.3 -116876947159.06 -8666.10350610034 1936.06049775804 -22756323.2632533 5938652.97048725
2724814056.35205 2081283626976.06 -105732935410.46 -8837.1978464266 1945.09715443266 -22756323.2555847 5742560.26379514
2730365799.90866 2031743685428.03 -94910616117.2634 -9010.83835721228 1953.56345388239 -22756323.2474769 5551743.55661018
2735731902.02244 1982921567473.33 -84406330320.5568 -9187.09930381083 1961.4317548491 -22756323.238903 5366102.11378789
2740917438.92345 1934821367047.09 -74216309105.4376 -9366.05681081858 1968.67277958374 -22756323.2298344 5185536.90100471
2745927387.19778 1887446469633.8 -64336684144.7379 -9547.78889383648 1975.25552624453 -22756323.2202405 5009948.27433017
2750766625.72086 1840799568761.57 -54763493035.3636 -9732.37557784708 1981.14717938556 -22756323.2100889 4839238.52308189
2755439934.23332 1794882713999.93 -45492691045.5322 -9919.89889240347 1986.31301031405 -22756323.1993447 4673308.51246165
2759951996.30835 1749697316573.33 -36520153978.1316 -10110.4430312154 1990.71627680102 -22756323.1879709 4512062.07503313
2764307398.64617 1705244189924.78 -27841688094.7686 -10304.0943726778 1994.31811174403 -22756323.1759279 4355402.3378129
2768510632.28176 1661523571537.07 -19453036059.2993 -10500.941572865 1997.07740727002 -22756323.1631733 4203233.63558823
2772566092.99348 1618535152507.26 -11349884277.524 -10701.0756233825 1998.95069084406 -22756323.1496622 4055460.71172032
2776478082.99636 1576278093309.83 -3527867482.82554 -10904.5899706355 1999.89199433751 -22756323.1353463 3911990.00287909
2780250811.02746 1534751056106.71 4017423651.49524 -11111.5805576836 1999.85271392263 -22756323.120174 3772728.03110754
2783888393.98363 1493952220176.72 11290438181.0651 -11322.145943951 1998.78146175101 -22756323.1040902 3637582.9561652
2787394857.06477 1453879313387.96 18295657748.3905 -11536.3873436322 1996.623908233 -22756323.0870361 3506463.08113744
2790774135.63489 1414529624222.62 25037593048.1145 -11754.4087611697 1993.3226140481 -22756323.0689486 3379278.57012449
2794030075.37762 1375900032786 31520777054.8324 -11976.3170246373 1988.81685239471 -22756323.0497604 3255939.74272966
2797166434.17769 1337987021588 37749761862.999 -12202.2219268922 1983.04241860107 -22756323.0293993 3136358.80007232
2800186883.0078 1300786697247.74 43729113698.5529 -12432.2363076046 1975.93142803629 -22756323.0077881 3020448.83010526
2803095006.28252 1264294818860.43 49463407044.8722 -12666.4760866721 1967.41210331634 -22756322.9848443 2908123.27472448
2805894303.94592 1228506804709.39 54957222360.161 -12905.0604280401 1957.40854389371 -22756322.9604793 2799297.66339864
2808588192.17477 1193417755462.46 60215141201.2343 -13148.111801387 1945.8404837745 -22756322.9345982 2693888.22884923
2811180004.46755 1159022472472.22 65241742269.2348 -13395.7560682429 1932.62303327046 -22756322.9070995 2591812.29278237
2813672992.93274 1125315473104.14 70041597992.5977 -13648.1225851568 1917.66640324176 -22756322.8778743 2492988.46518367
2816070329.66538 1092291004300.93 74619271414.0974 -13905.3443190484 1900.87561030666 -22756322.8468059 2397336.7326402
2818375107.4992 1059943064323.23 78979312022.8252 -14167.5578955264 1882.15016711628 -22756322.813769 2304777.83382693
2820590341.52096 1028265413809.17 83126253193.345 -14434.903722405 1861.38374774346 -22756322.7786295 2215234.02175674
2822718970.24959 997251590896.8 87064609109.8359 -14707.5260792321 1838.46383295397 -22756322.7412433 2128628.72862642
2824763856.81779 966894925977.606 90798871830.8706 -14985.5732032812 1813.27133236366 -22756322.7014558 2044886.56820215
2826727790.16528 937188555944.266 94333508510.5614 -15269.1973723692 1785.6801818469 -22756322.6591012 1963933.34749367
2828613486.4011 908125435468.587 97672959049.8314 -15558.5550088424 1755.55691180771 -22756322.6140014 1885696.23582037
2830423589.90869 879698351724.368 100821633404.284 -15853.8067434963 1722.76019018551 -22756322.565965 1810103.50759265
2832160674.57598 851899936906.545 103783909247.577 -16155.1174894731 1687.14033373988 -22756322.5147868 1737084.66728485
2833827245.12463 824722678715.608 106564129918.918 -16462.6565283893 1648.53878432401 -22756322.4602462 1666570.5486495
2835425738.3252 798158932165.408 109166602280.463 -16776.5975727727 1606.78755163411 -22756322.402106 1598493.20056756
2836958524.11565 772200932651.385 111595594538.489 -17097.118798593 1561.70862149759 -22756322.3401117 1532785.79045763
2838427907.03645 746840803296.652 113855334683.89 -17424.4029318277 1513.11331520047 -22756322.2739894 1469382.92079784
2839836127.28718 722070568182.748 115950008425.757 -17758.6372485871 1460.80161572492 -22756322.203445 1408220.25073042
2841185362.0926 697882159879.12 117883757712.453 -18100.0136285456 1404.56143808235 -22756322.1281621 1349234.80541543
2842477726.76169 674267431897.866 119660678890.264 -18448.7285221245 1344.16786096237 -22756322.0478006 1292364.66908967
2843715276.08792 651218164613.859 121284821450.059 -18804.9829859136 1279.38229110262 -22756321.961995 1237549.32623123
2844900005.44646 628726076137.139 122760186425.777 -19168.9826235017 1209.95158255314 -22756321.8703519 1184729.35854499
2846033851.99977 606782830838.364 124090725044.655 -19540.9375288656 1135.6070907702 -22756321.7724486 1133846.55330335
2847118695.98106 585380045841.383 125280337540.721 -19921.062233226 1056.06365455938 -22756321.6678305 1084843.98129749
2848156361.74745 564509301510.653 126332871777.465 -20309.5755470985 971.018522371816 -22756321.5560085 1037665.7663876
2849148619.12433 544162145727.855 127252122266.065 -20706.7004709056 880.150181288176 -22756321.4364567 992257.37687356
2850097184.41064 524330104439.581 128041828894.33 -21112.6639452601 783.117130606016 -22756321.3086099 948565.286316603
2851003721.65095 505004686356.891 128705675991.492 -21527.6966580728 679.556545937714 -22756321.1718602 906537.240310438
2851869843.75329 486177390254.894 129247291293.99 -21952.0327457763 569.082861555797 -22756321.0255541 866122.102338992
2852697113.64103 467839711075.257 129670244995.346 -22385.9094530975 451.28624832825 -22756320.8689893 827269.887743153
2853487045.34676 449983146797.567 129978048811.178 -22829.5667003879 325.73099098772 -22756320.7014113 789931.705729957
2854241105.17663 432599203233.693 130174155121.096 -23283.2466166678 191.953738776839 -22756320.5220093 754059.829865096
2854960712.79616 415679400025.166 130261956099.613 -23747.1929521297 49.4616414259725 -22756320.329913 719607.619529179
2855647242.31586 399215276157.924 130244782885.052 -24221.6503953446 -102.269647601196 -22756320.1241881 686529.519696117
2856302023.39436 383198394518.838 130125904766.497 -24706.8637987832 -263.798115956753 -22756319.9038323 654781.078509781
2856926342.29665 367620346969.553 129908528375.909 -25203.0772574642 -435.717683029669 -22756319.6677708 624318.902283216
2857521442.9379 352472759257.846 129595796896.73 -25710.5330395231 -618.660650861964 -22756319.4148523 595100.641248856
2858088527.95956 337747294559.441 129190789248.842 -26229.4703923045 -813.300342430641 -22756319.143844 567085.021664163
2858628759.72513 323435658493.552 128696519295.037 -26760.124109123 -1020.35390607886 -22756318.8534271 540231.76557225
2859143261.37312 309529602108.657 128115934985.256 -27302.7229511096 -1240.58534199399 -22756318.5421931 514501.647983665
2859633117.79488 296020926261.041 127451917519.145 -27857.4877776292 -1474.80871979708 -22756318.2086378 489856.421761929
2860099376.63286 282901484910.759 126707280449.704 -28424.6294416694 -1723.89163410892 -22756317.8511592 466258.837978954
2860543049.25948 270163188357.39 125884768741.712 -29004.3463804661 -1988.75890031301 -22756317.4680519 443672.626619711
2860965111.74588 257798006170.954 124987057761.479 -29596.821872063 -2270.39651062342 -22756317.0575046 422062.486406494
2861366505.80198 245797970366.636 124016752224.848 -30202.2208868314 -2569.85585438334 -22756316.6175979 401394.056095351
2861748139.72 234155177897.88 122976385027.535 -30820.6865257463 -2888.25823907973 -22756316.1463017 381633.918025982
2862110889.2965 222861793192.122 121868415986.408 -31452.3359553138 -3226.79971489747 -22756315.6414759 362749.576496837
2862455598.74736 211910050297.748 120695230438.362 -32097.2557954026 -3586.75623165935 -22756315.100871 344709.450855222
2862783081.59815 201292255202.699 119459137730.067 -32755.4968541611 -3969.48912967011 -22756314.5221313 327482.850791631
2863094121.56975 191000787717.843 118162369517.909 -33427.0681578521 -4376.45099979266 -22756313.9028016 311039.97160007
2863389473.45481 181028103045.641 116807077850.537 -34111.9301756234 -4809.19193105617 -22756313.2403349 295351.885061277
2863669863.97584 171366733349.999 115395333039.593 -34809.9871084561 -5269.36615200875 -22756312.5321071 280390.521026612
2863935992.63213 162009289108.721 113929121258.293 -35521.0781280448 -5758.73908974037 -22756311.7754332 266128.656292155
2864188532.53733 152948460195.557 112410341812.549 -36244.9674252259 -6279.19486635177 -22756310.9675916 252539.905198367
2864428131.24788 144177016684.949 110840804025.425 -36981.332903676 -6832.74425046773 -22756310.1058558 239598.710555731
2864655411.5788 135687809525.641 109222223695.642 -37729.7533158004 -7421.53306914793 -22756309.1875314 227280.330922706
2864870972.41175 127473770923.134 107556219029.675 -38489.6936318198 -8047.85109958009 -22756308.2100072 215560.832940935
2865075389.49888 119527914311.9 105844305927.662 -39260.4883989637 -8714.14146072547 -22756307.1708152 204417.087137685
2865269216.25577 111843334200.066 104087892568.265 -40041.3227683205 -9423.01049048898 -22756306.0677073 193826.756884904
2865452984.5524 104413205567.098 102288273096.685 -40831.2108714202 -10177.238133624 -22756304.8987459 183768.296632508
2865627205.50331 97230782808.5778 100446620242.925 -41628.9711438355 -10979.7888449296 -22756303.6624159 174220.950905694
2865792370.25908 90289398166.0111 98563976647.2947 -42433.1981257778 -11833.8230149889 -22756302.3577574 165164.755769921
2865948950.79927 83582459702.5416 96641244656.5864 -43242.2301653607 -12742.7089080168 -22756300.9845258 156580.540191293
2866097400.73764 77103448433.7424 94679174168.1639 -44054.1123914851 -13710.0351582373 -22756299.5433779 148449.938373001
2866238156.14237 70845914572.0476 92678348093.5576 -44866.5541478014 -14739.6238484626 -22756298.0360909 140755.404733297
2866371636.37636 64803472774.8178 90639164889.889 -45676.8799054289 -15835.5442139352 -22756296.4658175 133480.233989111
2866498244.97409 58969795805.6294 88561817294.1862 -46481.9725034789 -17002.1271327668 -22756294.8373747 126608.59772622
2866618370.56148 53338606497.9017 86446266326.6234 -47278.2071985312 -18243.9805572954 -22756293.1575711 120125.587395284
2866732387.84115 47903667253.6576 84292209116.653 -48061.3746740645 -19566.0062618481 -22756291.4355714 114017.279670287
2866840658.66982 42658766158.0666 82099038600.9977 -48826.5906113955 -20973.4185244939 -22756289.6832845 108270.828666522
2866943533.2559 37597698866.5914 79865792569.8157 -49568.1885952605 -22471.7656376655 -22756287.9157739 102874.586077325
2867041351.53681 32714244081.6686 77591088102.1645 -50279.5921342317 -24066.9559756198 -22756286.151659 97818.2809105112
2867134444.80065 28002130449.4146 75273036072.7809 -50953.1598016394 -25765.291186141 -22756284.4134696 93093.2638416072
2867223137.66747 23454990655.9543 72909127451.2197 -51579.9950690939 -27573.5110295343 -22756282.7278934 88692.866815493
2867307750.59459 19066296737.3278 70496079002.0811 -52149.7083137266 -29498.8572836212 -22756281.125802 84612.9271203035
2867388603.17528 14829266514.2263 68029618648.8613 -52650.111897967 -31549.1695422078 -22756279.6418796 80852.5806904034
2867466018.66014 10736724967.8593 65504178610.1642 -53066.8177813747 -33733.0350330008 -22756278.3135428 77415.4848599988
2867540330.44419 6780892031.70393 62912441859.5225 -53382.6867555714 -36060.0323657007 -22756277.1785877 74311.7840554739
2867611891.8244 2953046430.56569 60244645717.6752 -53577.0396891515 -38541.1427622612 -22756276.2705126 71561.3802041219
2867681091.44674 -757028079.879435 57487463586.7235 -53624.4637166321 -41189.4698258316 -22756275.6092925 69199.6223431499
2867748379.08867 -4361991966.17728 54622116152.1066 -53492.88095679 -44021.5467985216 -22756275.1825266 67287.6419274163
2867814310.69182 -7878620683.52465 51621016699.3926 -53140.17433844 -47059.7809202371 -22756274.9036074 65931.6031526785
2867879626.29372 -11330582602.6654 48441714230.3882 -52507.8345582366 -50336.9061865206 -22756274.5065169 65315.6018977329
2867945334.22132 -14729974509.4744 45039667481.2169 -51516.4126359886 -53878.8369420573 -22756273.2770457 65707.9276015258
2868012107.52032 -18070094240.8973 41375473140.092 -50065.0741290555 -57689.2320213008 -22756269.5024986 66773.2989968074
2868075937.18664 -21206787560.505 37569766067.3824 -48122.4618476384 -61582.4697929316 -22756261.4558296 63829.6663191417
2868132350.05677 -23861016831.6794 33996241664.7772 -45891.6310055882 -65117.6360597077 -22756252.7929053 56412.8701342051
2868183140.4827 -26131046733.1717 30607767378.781 -43420.1740596591 -68306.5404484958 -22756244.4602261 50790.4259272345
2868229992.98022 -28103826771.1465 27339654579.5375 -40724.3821015284 -71183.3823994863 -22756236.7057128 46852.4975213387
2868274017.54908 -29834075725.0358 24148501353.35 -37819.6188868071 -73762.260636637 -22756229.7586117 44024.5688668354
2868315983.99263 -31357350298.1623 21004353512.2335 -34723.5546879025 -76045.0148572256 -22756223.8623047 41966.4435435255
2868356466.44742 -32697791979.8173 17884921173.421 -31456.4334928346 -78027.2917255659 -22756219.2500315 40482.4547952102
2868395923.4866 -33872266728.196 14772245068.9058 -28040.7708881479 -79702.1016938259 -22756216.1183901 39457.0391809654
2868434744.82725 -34892631091.5769 11650729126.3737 -24500.9057450121 -81061.8884856511 -22756214.6064634 38821.3406474631
2868473281.33192 -35767013836.9709 8505856149.73768 -20862.4693997922 -82099.7480051673 -22756214.7820182 38536.5046650857
2868511866.84638 -36499696182.2774 5327275954.52291 -17156.5147487175 -82809.4152573555 -22756216.6221881 38585.5144643599
2868550836.07054 -37089861258.6708 2123688015.82134 -13436.8020423472 -83186.6258350799 -22756219.8905416 38969.2241557912
2868590536.06139 -37540984046.1708 -1120070440.51804 -9728.70791479367 -83237.3712006325 -22756224.3185792 39699.9908522199
2868631346.40935 -37853874078.7386 -4420282948.4179 -6055.80041328919 -82968.6369949824 -22756229.6200199 40810.3479597042
2868673706.77653 -38026596722.3512 -7795396316.62253 -2439.30993811083 -82387.898039411 -22756235.5092874 42360.367177883
2868718158.48615 -38054087804.1592 -11267551832.1984 1102.53454565541 -81502.2327300548 -22756241.7202363 44451.7096219139
2868765415.24199 -37927292918.627 -14864985764.4958 4555.34272369738 -80316.8548651462 -22756248.0244327 47256.7558397923
2868816495.33322 -37631457865.3093 -18626212263.9094 7909.82447113412 -78832.6066549301 -22756254.2507324 51080.0912277519
2868872971.79822 -37142680949.8915 -22607915105.714 11163.9092936985 -77041.3766140906 -22756260.3117108 56476.4650078929
2868937099.57308 -36420807986.4041 -26899495004.9821 14325.4864487219 -74917.8226524669 -22756266.2448044 64127.7748573616
2869007278.96071 -35400801071.3228 -31623948420.047 17399.0758940499 -72418.9404777061 -22756272.1486306 70179.3876288918
2869075380.53785 -34120090319.878 -36464880551.9986 20126.8224759026 -69753.4439104398 -22756275.977849 68101.5771417068
2869141751.25279 -32708967421.2825 -41009597659.0374 22326.1051983844 -67208.8288136536 -22756277.6805844 66370.7149345959
2869208116.46974 -31164974865.031 -45388352434.853 24141.679342617 -64757.4702616763 -22756278.7956438 66365.2169543703
2869275493.76732 -29511615637.7794 -49607835183.1927 25635.5562203004 -62422.5917717908 -22756279.7295542 67377.2975807871
2869344524.96334 -27741076026.2325 -53737478689.6532 26878.6650120861 -60182.3913872796 -22756280.6806107 69031.1960195824
2869415677.51331 -25848558850.7153 -57816723932.9284 27915.9924085115 -58026.6298562902 -22756281.7089877 71152.5499699933
2869489331.11047 -23830425801.8854 -61870723139.5201 28779.4899138187 -55949.8240453262 -22756282.8262787 73653.5971615709
2869565817.61708 -21683403937.4696 -65917026611.7033 29493.5689844098 -53948.5227876314 -22756284.0249331 76486.5066026832
2869645442.05981 -19404283738.0997 -69968676513.5603 30077.7667757048 -52020.1859992725 -22756285.2899306 79624.442735075
2869728494.76966 -16989793069.3601 -74035831504.3089 30548.214576308 -50162.6778136539 -22756286.6039832 83052.7098496883
2869815258.94347 -14436542809.4887 -78126699562.3651 30918.5244986718 -48374.0267845391 -22756287.9499979 86764.1738078204
2869906015.65092 -11741004111.9167 -82248110737.1742 31200.3640158704 -46652.3121106186 -22756289.3122253 90756.707450804
2870001047.33317 -8899500371.92462 -86405887645.9364 31403.849746201 -44995.6124909416 -22756290.6767616 95031.6822547244
2870100640.36418 -5908206056.35662 -90605095556.3554 31537.8300043061 -43401.9868761783 -22756292.0316944 99593.0310013166
2870205087.0065 -2763148778.07256 -94850217044.4196 31610.0953391998 -41869.4715549964 -22756293.3670681 104446.642326735
2870314686.96988 539787171.469434 -99145277487.6573 31627.5404231981 -40396.0853346532 -22756294.6747549 109599.9633781
2870429748.69155 4004856929.65589 -103493937668.659 31596.291840444 -38979.8382769298 -22756295.9482782 115061.721665854
2870550590.43015 7636450998.37018 -107899563276.332 31521.8111841816 -37618.7416995537 -22756297.1826229 120841.738605266
2870677541.22303 11439091492.9791 -112365278287.294 31408.9797684452 -36310.8180246852 -22756298.3740444 126950.792875507
2870810941.74692 15417428607.9093 -116894006436.636 31262.1693013015 -35054.1098942083 -22756299.5198879 133400.523895892
2870951145.10925 19576237381.8079 -121488503925.591 31085.3016035749 -33846.6882148414 -22756300.6184195 140203.362328113
2871098517.59179 23920414758.4173 -126151385529.986 30881.8996115916 -32686.6590271597 -22756301.6686804 147372.482540453
2871253439.35553 28454977001.6045 -130885145743.304 30655.1313225125 -31572.1691878726 -22756302.6703501 154921.763737378
2871416305.1179 33185057265.1829 -135692175900.652 30407.8479507148 -30501.4109818228 -22756303.6236315 162865.762366591
2871587524.82194 38115903314.8453 -140574778169.382 30142.6172691073 -29472.6257433543 -22756304.5291494 171219.70404814
2871767524.28035 43252875723.2155 -145535177382.563 29861.752880667 -28484.10652627 -22756305.3878641 179999.458407658
2871956745.82199 48601445806.5548 -150575530493.477 29567.3400678829 -27534.2000845074 -22756306.2009959 189221.541634375
2872155648.93506 54167193978.6261 -155697934727.508 29261.2586764278 -26621.3081160044 -22756306.9699638 198903.113069712
2872364710.90453 59955808199.8482 -160904434408.496 28945.2034530553 -25743.8879407706 -22756307.6963326 209061.969473973
2872584427.45283 65973082350.5049 -166197026559.256 28620.7021814175 -24900.4527196315 -22756308.3817672 219716.548297509
2872815313.38833 72224914709.815 -171577665649.357 28289.1318849335 -24089.5712553805 -22756309.0279976 230885.935502726
2873057903.25278 78717306595.5551 -177048267687.156 27951.733329869 -23309.8674423756 -22756309.6367882 242589.864447273
2873312751.97977 85456360850.0224 -182610713513.882 27609.6240462329 -22560.0194651028 -22756310.2099141 254848.726994753
2873580435.55657 92448280472.5389 -188266851667.551 27263.8100225725 -21838.7587563221 -22756310.7491399 267683.576794702
2873861551.70164 99699367135.941 -194018500681.625 26915.1962368425 -21144.8687915719 -22756311.2562054 281116.145069764
2874156720.54171 107216019894.889 -199867451140.558 26564.596137016 -20477.1837259757 -22756311.7328129 295168.840078947
2874466585.29988 115004733610.104 -205815467171.323 26212.7402070387 -19834.5869532703 -22756312.180617 309864.758162752
2874791813.00513 123072097385.876 -211864287669.121 25860.2837011001 -19216.0095811011 -22756312.6012192 325227.705247681
2875133095.19028 131424793261.813 -218015627470.321 25507.81362317 -18620.4288323097 -22756312.9961608 341282.185155379
2875491148.62446 140069594276.076 -224271177848.876 25155.8550664817 -18046.8664588059 -22756313.3669213 358053.434181026
2875866716.04201 149013363085.166 -230632607254.485 24804.8769288325 -17494.3870941293 -22756313.7149152 375567.417547849
2876260566.88377 158263050134.24 -237101561567.735 24455.2971071992 -16962.0966342558 -22756314.0414908 393850.841756922
2876673498.05731 167825691783.496 -243679664204.737 24107.4872065273 -16449.1406247826 -22756314.3479316 412931.173542806
2877106334.69335 177708408532.804 -250368516183.5 23761.7768055852 -15954.7026581379 -22756314.6354544 432836.636040249
2877559930.93844 187918402781.906 -257169695783.861 23418.4573425058 -15478.0028179107 -22756314.9052132 453596.245093114
2878035170.73487 198462957079.864 -264084758464.535 23077.785624168 -15018.2961274403 -22756315.1582984 475239.79642831
2878532968.62568 209349431678.813 -271115236249.302 22739.9870347192 -14574.8710663105 -22756315.3957402 497797.890813579
2879054270.55887 220585262293.548 -278262637205.396 22405.2584419942 -14147.0481127925 -22756315.61851 521301.933184682
2879600054.73604 232177957453.507 -285528444621.124 22073.7708491342 -13734.1783421398 -22756315.8275229 545784.177173576
2880171332.44165 244135096457.186 -292914116530.423 21745.6717864347 -13335.6420450616 -22756316.0236401 571277.705606701
2880769148.87268 256464326476.4 -300421084669.554 21421.0875087162 -12950.8474223715 -22756316.2076714 597816.431028908
2881394584.01562 269173359299.484 -308050753210.691 21100.1250002753 -12579.2293312207 -22756316.3803772 625435.142937219
2882048753.52047 282269968703.536 -315804497873.432 20782.873780469 -12220.2480545886 -22756316.542472 654169.504849953
2882732809.60903 295761987344.763 -323683664731.406 20469.4075570143 -11873.3881313602 -22756316.6946257 684056.08856132
2883447941.90549 309657303945.123 -331689569185.139 20159.7857221901 -11538.157223652 -22756316.8374666 715132.296467213
2884195378.41144 323963858500.622 -339823493798.344 19854.0547555865 -11214.085074908 -22756316.971584 747436.505941652
2884976386.40147 338689640039.47 -348086687622.287 19552.2494432185 -10900.7224464854 -22756317.0975293 781007.990037916
2885792273.34286 353842682337.177 -356480364344.196 19254.3940289004 -10597.6401467382 -22756317.2158197 815886.941381611
2886644387.87133 369431059733.799 -365005700526.363 18960.5032567604 -10304.4280944524 -22756317.3269392 852114.528475484
2887534120.68143 385462883627.561 -373663834233.096 18670.5833054715 -10020.6944083939 -22756317.4313408 889732.81010148
2888462905.55485 401946296941.519 -382455862575.912 18384.6326726885 -9746.06457156786 -22756317.5294484 928784.873419957
2889432220.282 418889470803.209 -391382840486.056 18102.6429386007 -9480.18059112606 -22756317.6216591 969314.727144561
2890443587.68372 436300598815.747 -400445778216.857 17824.599499424 -9222.7002351015 -22756317.7083438 1011367.40172061
2891498576.59811 454187892781.343 -409645639651.992 17550.4822084012 -8973.29627794964 -22756317.7898501 1054988.91439488
2892598802.86915 472559577365.683 -418983340081.184 17280.2659735807 -8731.65579550447 -22756317.8665027 1100226.27103826
2893745930.3607 491423884413.087 -428459743837.667 17013.9213037348 -8497.47949427553 -22756317.9386057 1147127.49154913
2894941671.97015 510789047319.229 -438075662005.907 16751.4148011427 -8270.4810685414 -22756318.0064433 1195741.60944935
2896187790.67947 530663295003.611 -447831849967.134 16492.7096123993 -8050.38659021849 -22756318.0702813 1246118.70931811
2897486100.58246 551054846111.362 -457729005095.77 16237.7658326901 -7836.93392296215 -22756318.1303687 1298309.9029909
2898838467.93273 571971902412.574 -467767764099.062 15986.5408807406 -7629.87217096309 -22756318.186938 1352367.35026833
2900246812.10766 593422642155.404 -477948700380.789 15738.9898370544 -7428.96115194247 -22756318.240207 1408344.17493628
2901713106.84758 615415211726.625 -488272320655.024 15495.0657669117 -7233.97090811503 -22756318.2903793 1466294.73991669
2903239381.16527 637957721250.724 -498739063463.628 15254.7199676312 -7044.68120328683 -22756318.3376454 1526274.31768669
2904827720.44338 661058234593.401 -509349295095.481 15017.9022506659 -6860.8810921328 -22756318.3821837 1588339.27811565
2906480267.58238 684724761980.349 -520103306807.876 14784.5611659156 -6682.3684836433 -22756318.4241609 1652547.13899809
2908199223.90222 708965252927.806 -531001312220.589 14554.6442000134 -6508.94972269267 -22756318.4637334 1718956.31984456
2909986850.53789 733787585162.621 -542043442953.439 14328.0979903812 -6340.43921849979 -22756318.501047 1787626.63566991
2911845469.11624 759199560365.925 -553229747375.618 14104.8684542592 -6176.65904177996 -22756318.536239 1858618.57834431
2913777463.1186 785208889138.935 -564560184610.481 13884.9009970815 -6017.43861143245 -22756318.5694371 1931994.00235729
2915785278.92392 811823185503.017 -576034622844.098 13668.1406154196 -5862.61433118453 -22756318.6007616 2007815.80532259
2917871426.78945 839049956359.547 -587652835440.707 13454.5320298819 -5712.02927536917 -22756318.6303248 2086147.86553553
2920038482.20993 866896589805.67 -599414496652.876 13244.0198098436 -5565.53289290854 -22756318.6582319 2167055.42047395
2922289086.47738 895370348143.495 -611319179379.762 13036.5484479819 -5422.980699069 -22756318.6845817 2250604.26745031
2924625948.21744 924478349920.241 -623366348376.263 12832.0625030092 -5284.23403576168 -22756318.7094665 2336861.74006183
2927051844.3583 954227564572.408 -635555358836.437 12630.5066355959 -5149.15977784701 -22756318.732973 2425896.14085973
2929569621.14366 984624799089.783 -647885451667.604 12431.8256932723 -5017.63009244048 -22756318.7551824 2517776.78536238
2932182195.19319 1015676684981.74 -660355748987.907 12235.964780448 -4889.52220519812 -22756318.776171 2612574.04952462
2934892554.65614 1047389665516.79 -672965249817.174 12042.8693157648 -4764.71817437223 -22756318.7960101 2710359.46295058
2937703759.96231 1079769983704.97 -685712826128.171 11852.485075797 -4643.10467133269 -22756318.8147666 2811205.30617628
2940618945.31599 1112823665108.24 -698597216935.162 11664.7582602643 -4524.57278906937 -22756318.8325036 2915185.35367932
2943641319.2564 1146556509149.8 -711617025800.755 11479.6354990701 -4409.01782696521 -22756318.8492799 3022373.94040986
2946774166.20615 1180974069007.56 -724770713950.85 11297.0639173288 -4296.33912496865 -22756318.865151 3132846.94974364
2950020846.7651 1216081642641.43 -738056597783.105 11116.9911309716 -4186.4398659878 -22756318.8801688 3246680.55894888
2953384799.38315 1251884249157.45 -751472840848.031 10939.3653134181 -4079.22693326179 -22756318.8943822 3363952.61805558
2956869540.96091 1288386620406.54 -765017451712.587 10764.1351759083 -3974.61072506965 -22756318.9078369 3484741.57776227
2960478667.70906 1325593180139.2 -778688277184.958 10591.250006097 -3872.50501491341 -22756318.920576 3609126.7481476
2964215856.23242 1363508025880.32 -792482996698.769 10420.6596849077 -3772.82680730387 -22756318.9326401 3737188.52336114
2968084864.39834 1402134912833.51 -806399117528.771 10252.3146885587 -3675.49619344996 -22756318.9440671 3869008.16592085
2972089532.51245 1441477235086.78 -820433969099.189 10086.1660981189 -3580.43621958749 -22756318.9548928 4004668.11410401
2976233783.3415 1481538009541.96 -834584698347.643 9922.16559281524 -3487.57275365141 -22756318.9651508 4144250.82905736
2980521624.03167 1522319847940.85 -848848260977.422 9760.26548730001 -3396.83438398959 -22756318.9748727 4287840.69016659
2984957146.02571 1563824947528.87 -863221419399.937 9600.41868765217 -3308.15227874875 -22756318.9840883 4435521.99403756
2989544525.69875 1606055061406.67 -877700733618.177 9442.57872554495 -3221.46009581385 -22756318.9928255 4587379.67303967
2994288026.20814 1649011476024.35 -892282554802.084 9286.6997567186 -3136.69387821285 -22756319.0011107 4743500.50938975
2999191996.77255 1692694999501.19 -906963022603.452 9132.73651748787 -3053.79193263333 -22756319.0089686 4903970.56441495
3004260874.52959 1737105925449.56 -921738054252.049 8980.64436654355 -2972.69475973672 -22756319.0164227 5068877.7570389
3009499184.45441 1782244020483.68 -936603341786.776 8830.37923740895 -2893.34494102925 -22756319.0234948 5238309.92482278
3014911539.75851 1828108493420.84 -951554343233.463 8681.89765213152 -2815.68706357612 -22756319.0302057 5412355.30409241
3020502642.40383 1874697968818.17 -966586275415.242 8535.15671439745 -2739.66763789551 -22756319.0365748 5591102.64532208
3026277284.24619 1922010461228.42 -981694107132.18 8390.11409647557 -2665.23501685192 -22756319.0426207 5774641.84236211
3032240347.02552 1970043354245.22 -996872553960.438 8246.72800892068 -2592.33930989894 -22756319.0483605 5963062.77933508
3038396802.16872 2018793369219.53 -1012116069845.05 8104.95719935948 -2520.93231621374 -22756319.0538106 6156455.14319193
3044751711.8982 2068256532441.88 -1027418838419.31 7964.76095053208 -2450.96746071622 -22756319.0589865 6354909.72948119
3051310228.78138 2118428152590.36 -1042774767664.6 7826.09904528649 -2382.39971690488 -22756319.0639026 6558516.88318228
3058077595.98919 2169302785087.98 -1058177480626.53 7688.93176613342 -2315.1855503374 -22756319.0685726 6767367.2078067
3065059147.94294 2220874201949.26 -1073620308009.5 7553.21987519349 -2249.28285529661 -22756319.0730096 6981551.95375387
3072260310.04473 2273135363985.81 -1089096281586.37 7418.92458548119 -2184.65089032627 -22756319.0772256 7201162.10178509
3079686597.57074 2326078385439.3 -1104598125461.57 7286.00754939873 -2121.25022501314 -22756319.0812322 7426287.5260139
3087343616.75574 2379694492400.68 -1120118245739.73 7154.43085829502 -2059.04269445249 -22756319.0850403 7657019.18500056
3095237064.21391 2433973996967.02 -1135648724973.92 7024.15699911704 -1997.99133576232 -22756319.0886602 7893447.45816885
3103372728.11202 2488906258473.43 -1151181312951.75 6895.14884097102 -1938.06034143387 -22756319.0921015 8135663.89811565
3111756484.32723 2544479656356.2 -1166707420924.86 6767.36959117442 -1879.21500082232 -22756319.0953735 8383756.21520159
3120394298.75735 2600681528056.64 -1182218106208.39 6640.78282880163 -1821.42167960653 -22756319.0984848 8637814.43012292
3129292225.75441 2657498149078.89 -1197704068852.78 6515.35243625563 -1764.64775408646 -22756319.1014436 8897926.99705762
3138456407.79698 2714914685572.04 -1213155640741.99 6391.04259174598 -1708.86157579913 -22756319.1042576 9164182.04257703
3147893075.3173 2772915154812.52 -1228562777093.78 6267.81773995418 -1654.03242804012 -22756319.1069342 9436667.52031684
3155760000 2831482385736.83 -1243915048106.17 6145.64255968 -1600.13048304266 -22756319.1094804 7866924.68269968
